Archive member included to satisfy reference by file (symbol)

c:\Users\ql\Desktop\工作\1.28IPS电容触摸技术资料\新建文件夹\CH582M\StdPeriphDriver\libISP583.a(ISP583.o)
                              ./StdPeriphDriver/CH58x_flash.o (FLASH_EEPROM_CMD)
c:/mounriver/mounriver_studio2/resources/app/resources/win32/components/wch/toolchain/risc-v embedded gcc/bin/../lib/gcc/riscv-none-embed/8.2.0/rv32imac/ilp32\libgcc.a(mulsf3.o)
                              ./src/lcd.o (__mulsf3)
c:/mounriver/mounriver_studio2/resources/app/resources/win32/components/wch/toolchain/risc-v embedded gcc/bin/../lib/gcc/riscv-none-embed/8.2.0/rv32imac/ilp32\libgcc.a(fixunssfsi.o)
                              ./src/lcd.o (__fixunssfsi)
c:/mounriver/mounriver_studio2/resources/app/resources/win32/components/wch/toolchain/risc-v embedded gcc/bin/../lib/gcc/riscv-none-embed/8.2.0/rv32imac/ilp32\libgcc.a(_clzsi2.o)
                              c:/mounriver/mounriver_studio2/resources/app/resources/win32/components/wch/toolchain/risc-v embedded gcc/bin/../lib/gcc/riscv-none-embed/8.2.0/rv32imac/ilp32\libgcc.a(mulsf3.o) (__clzsi2)
c:/mounriver/mounriver_studio2/resources/app/resources/win32/components/wch/toolchain/risc-v embedded gcc/bin/../lib/gcc/riscv-none-embed/8.2.0/rv32imac/ilp32\libgcc.a(_clz.o)
                              c:/mounriver/mounriver_studio2/resources/app/resources/win32/components/wch/toolchain/risc-v embedded gcc/bin/../lib/gcc/riscv-none-embed/8.2.0/rv32imac/ilp32\libgcc.a(_clzsi2.o) (__clz_tab)
c:/mounriver/mounriver_studio2/resources/app/resources/win32/components/wch/toolchain/risc-v embedded gcc/bin/../lib/gcc/riscv-none-embed/8.2.0/../../../../riscv-none-embed/lib/rv32imac/ilp32\libg_nano.a(lib_a-memset.o)
                              ./StdPeriphDriver/CH58x_usb2hostClass.o (memset)
c:/mounriver/mounriver_studio2/resources/app/resources/win32/components/wch/toolchain/risc-v embedded gcc/bin/../lib/gcc/riscv-none-embed/8.2.0/../../../../riscv-none-embed/lib/rv32imac/ilp32\libg_nano.a(lib_a-printf.o)
                              ./StdPeriphDriver/CH58x_usb2hostClass.o (printf)
c:/mounriver/mounriver_studio2/resources/app/resources/win32/components/wch/toolchain/risc-v embedded gcc/bin/../lib/gcc/riscv-none-embed/8.2.0/../../../../riscv-none-embed/lib/rv32imac/ilp32\libg_nano.a(lib_a-putchar.o)
                              ./StdPeriphDriver/CH58x_usb2hostClass.o (putchar)
c:/mounriver/mounriver_studio2/resources/app/resources/win32/components/wch/toolchain/risc-v embedded gcc/bin/../lib/gcc/riscv-none-embed/8.2.0/../../../../riscv-none-embed/lib/rv32imac/ilp32\libg_nano.a(lib_a-puts.o)
                              ./StdPeriphDriver/CH58x_usb2hostBase.o (puts)
c:/mounriver/mounriver_studio2/resources/app/resources/win32/components/wch/toolchain/risc-v embedded gcc/bin/../lib/gcc/riscv-none-embed/8.2.0/../../../../riscv-none-embed/lib/rv32imac/ilp32\libg_nano.a(lib_a-wbuf.o)
                              c:/mounriver/mounriver_studio2/resources/app/resources/win32/components/wch/toolchain/risc-v embedded gcc/bin/../lib/gcc/riscv-none-embed/8.2.0/../../../../riscv-none-embed/lib/rv32imac/ilp32\libg_nano.a(lib_a-puts.o) (__swbuf_r)
c:/mounriver/mounriver_studio2/resources/app/resources/win32/components/wch/toolchain/risc-v embedded gcc/bin/../lib/gcc/riscv-none-embed/8.2.0/../../../../riscv-none-embed/lib/rv32imac/ilp32\libg_nano.a(lib_a-wsetup.o)
                              c:/mounriver/mounriver_studio2/resources/app/resources/win32/components/wch/toolchain/risc-v embedded gcc/bin/../lib/gcc/riscv-none-embed/8.2.0/../../../../riscv-none-embed/lib/rv32imac/ilp32\libg_nano.a(lib_a-puts.o) (__swsetup_r)
c:/mounriver/mounriver_studio2/resources/app/resources/win32/components/wch/toolchain/risc-v embedded gcc/bin/../lib/gcc/riscv-none-embed/8.2.0/../../../../riscv-none-embed/lib/rv32imac/ilp32\libg_nano.a(lib_a-fflush.o)
                              c:/mounriver/mounriver_studio2/resources/app/resources/win32/components/wch/toolchain/risc-v embedded gcc/bin/../lib/gcc/riscv-none-embed/8.2.0/../../../../riscv-none-embed/lib/rv32imac/ilp32\libg_nano.a(lib_a-wbuf.o) (_fflush_r)
c:/mounriver/mounriver_studio2/resources/app/resources/win32/components/wch/toolchain/risc-v embedded gcc/bin/../lib/gcc/riscv-none-embed/8.2.0/../../../../riscv-none-embed/lib/rv32imac/ilp32\libg_nano.a(lib_a-findfp.o)
                              c:/mounriver/mounriver_studio2/resources/app/resources/win32/components/wch/toolchain/risc-v embedded gcc/bin/../lib/gcc/riscv-none-embed/8.2.0/../../../../riscv-none-embed/lib/rv32imac/ilp32\libg_nano.a(lib_a-printf.o) (__sinit)
c:/mounriver/mounriver_studio2/resources/app/resources/win32/components/wch/toolchain/risc-v embedded gcc/bin/../lib/gcc/riscv-none-embed/8.2.0/../../../../riscv-none-embed/lib/rv32imac/ilp32\libg_nano.a(lib_a-fwalk.o)
[...]
Memory Configuration

Name             Origin             Length             Attributes
FLASH            0x0000000000000000 0x0000000000070000 xr
RAM              0x0000000020000000 0x0000000000008000 xrw
*default*        0x0000000000000000 0xffffffffffffffff

Linker script and memory map

LOAD ./src/CST816S.o
LOAD ./src/CTIIC.o
LOAD ./src/Main.o
LOAD ./src/app_i2c.o
LOAD ./src/key.o
LOAD ./src/lcd.o
LOAD ./src/lcd_init.o
LOAD ./src/pic.o
LOAD ./src/user.o
LOAD ./StdPeriphDriver/CH58x_clk.o
LOAD ./StdPeriphDriver/CH58x_flash.o
LOAD ./StdPeriphDriver/CH58x_gpio.o
LOAD ./StdPeriphDriver/CH58x_i2c.o
LOAD ./StdPeriphDriver/CH58x_pwr.o
LOAD ./StdPeriphDriver/CH58x_spi0.o
LOAD ./StdPeriphDriver/CH58x_spi1.o
LOAD ./StdPeriphDriver/CH58x_sys.o
LOAD ./StdPeriphDriver/CH58x_uart0.o
LOAD ./StdPeriphDriver/CH58x_uart1.o
LOAD ./StdPeriphDriver/CH58x_usb2dev.o
LOAD ./StdPeriphDriver/CH58x_usb2hostBase.o
LOAD ./StdPeriphDriver/CH58x_usb2hostClass.o
LOAD ./Startup/startup_CH583.o
LOAD ./RVMSIS/core_riscv.o
LOAD c:\Users\ql\Desktop\工作\1.28IPS电容触摸技术资料\新建文件夹\CH582M\StdPeriphDriver\libISP583.a
LOAD c:/mounriver/mounriver_studio2/resources/app/resources/win32/components/wch/toolchain/risc-v embedded gcc/bin/../lib/gcc/riscv-none-embed/8.2.0/rv32imac/ilp32\libgcc.a
LOAD c:/mounriver/mounriver_studio2/resources/app/resources/win32/components/wch/toolchain/risc-v embedded gcc/bin/../lib/gcc/riscv-none-embed/8.2.0/../../../../riscv-none-embed/lib/rv32imac/ilp32\libg_nano.a
LOAD c:/mounriver/mounriver_studio2/resources/app/resources/win32/components/wch/toolchain/risc-v embedded gcc/bin/../lib/gcc/riscv-none-embed/8.2.0/../../../../riscv-none-embed/lib/rv32imac/ilp32\libc_nano.a
LOAD c:/mounriver/mounriver_studio2/resources/app/resources/win32/components/wch/toolchain/risc-v embedded gcc/bin/../lib/gcc/riscv-none-embed/8.2.0/rv32imac/ilp32\libgcc.a
START GROUP
LOAD c:/mounriver/mounriver_studio2/resources/app/resources/win32/components/wch/toolchain/risc-v embedded gcc/bin/../lib/gcc/riscv-none-embed/8.2.0/rv32imac/ilp32\libgcc.a
LOAD c:/mounriver/mounriver_studio2/resources/app/resources/win32/components/wch/toolchain/risc-v embedded gcc/bin/../lib/gcc/riscv-none-embed/8.2.0/../../../../riscv-none-embed/lib/rv32imac/ilp32\libc_nano.a
LOAD c:/mounriver/mounriver_studio2/resources/app/resources/win32/components/wch/toolchain/risc-v embedded gcc/bin/../lib/gcc/riscv-none-embed/8.2.0/../../../../riscv-none-embed/lib/rv32imac/ilp32\libnosys.a
END GROUP
START GROUP
LOAD c:/mounriver/mounriver_studio2/resources/app/resources/win32/components/wch/toolchain/risc-v embedded gcc/bin/../lib/gcc/riscv-none-embed/8.2.0/rv32imac/ilp32\libgcc.a
LOAD c:/mounriver/mounriver_studio2/resources/app/resources/win32/components/wch/toolchain/risc-v embedded gcc/bin/../lib/gcc/riscv-none-embed/8.2.0/../../../../riscv-none-embed/lib/rv32imac/ilp32\libc_nano.a
LOAD c:/mounriver/mounriver_studio2/resources/app/resources/win32/components/wch/toolchain/risc-v embedded gcc/bin/../lib/gcc/riscv-none-embed/8.2.0/../../../../riscv-none-embed/lib/rv32imac/ilp32\libnosys.a
END GROUP
                0x0000000000000200                __stack_size = 0x200
                [!provide]                        PROVIDE (_stack_size = __stack_size)

.init           0x0000000000000000        0x4
                0x0000000000000000                _sinit = .
                0x0000000000000000                . = ALIGN (0x4)
 *(SORT_NONE(.init))
 .init          0x0000000000000000        0x4 ./Startup/startup_CH583.o
                0x0000000000000000                _start
                0x0000000000000004                . = ALIGN (0x4)
                0x0000000000000004                _einit = .

.highcodelalign
                0x0000000000000004        0x0
                0x0000000000000004                . = ALIGN (0x4)
                0x0000000000000004                PROVIDE (_highcode_lma = .)

.highcode       0x0000000020000000     0x2664 load address 0x0000000000000004
                0x0000000020000000                . = ALIGN (0x4)
                0x0000000020000000                PROVIDE (_highcode_vma_start = .)
 *(.vector)
 .vector        0x0000000020000000       0x90 ./Startup/startup_CH583.o
 *(SORT_NONE(.vector_handler))
 .vector_handler
                0x0000000020000090        0x2 ./Startup/startup_CH583.o
                0x0000000020000090                GPIOB_IRQHandler
                0x0000000020000090                GPIOA_IRQHandler
                0x0000000020000090                SysTick_Handler
                0x0000000020000090                NMI_Handler
                0x0000000020000090                UART1_IRQHandler
                0x0000000020000090                UART0_IRQHandler
                0x0000000020000090                BB_IRQHandler
                0x0000000020000090                Break_Point_Handler
                0x0000000020000090                TMR0_IRQHandler
                0x0000000020000090                Ecall_M_Mode_Handler
                0x0000000020000090                RTC_IRQHandler
                0x0000000020000090                UART2_IRQHandler
                0x0000000020000090                PWMX_IRQHandler
                0x0000000020000090                ADC_IRQHandler
                0x0000000020000090                TMR2_IRQHandler
                0x0000000020000090                USB_IRQHandler
                0x0000000020000090                I2C_IRQHandler
                0x0000000020000090                USB2_IRQHandler
                0x0000000020000090                LLE_IRQHandler
                0x0000000020000090                WDOG_BAT_IRQHandler
                0x0000000020000090                Ecall_U_Mode_Handler
                0x0000000020000090                TMR3_IRQHandler
                0x0000000020000090                SW_Handler
                0x0000000020000090                SPI0_IRQHandler
                0x0000000020000090                UART3_IRQHandler
                0x0000000020000090                TMR1_IRQHandler
 *(.highcode)
 .highcode      0x0000000020000092      0x6b2 ./src/CST816S.o
                0x0000000020000092                CST816S_WR_DATA
                0x00000000200000ee                CST816S_RD_DATA
                0x00000000200001b0                CST816S_Init
                0x0000000020000252                CST816S_Scan
                0x0000000020000528                CST816S_test
 .highcode      0x0000000020000744      0x538 ./src/CTIIC.o
                0x0000000020000744                CTP_SDA_IN
                0x000000002000077a                CTP_SDA_OUT
                0x00000000200007b0                CTP_GPIOInit
                0x000000002000083e                CTP_INT_IN
                0x0000000020000876                CTP_IIC_Start
                0x00000000200008f6                CTP_IIC_Stop
                0x0000000020000970                CTP_WaitAck
                0x0000000020000a06                CTP_IICAck
                0x0000000020000a8c                CTP_IICNack
                0x0000000020000b12                CTP_SendByte
                0x0000000020000bde                CTP_ReadByte
 .highcode      0x0000000020000c7c       0x56 ./src/Main.o
                0x0000000020000c7c                main
 .highcode      0x0000000020000cd2      0xa26 ./src/lcd.o
                0x0000000020000cd2                LCD_Fill
                0x0000000020000d74                LCD_DrawPoint
                0x0000000020000dbe                LCD_DrawLine
                0x0000000020000f48                LCD_SmoothSlidePic
                0x0000000020001246                LCD_SmoothChangePic
 .highcode      0x00000000200016f8      0x188 ./src/lcd_init.o
                0x00000000200016f8                LCD_Writ_Bus
                0x000000002000174c                LCD_WR_DATA8
                0x0000000020001784                LCD_WR_DATA
                0x00000000200017d2                LCD_WR_REG
                0x0000000020001822                LCD_Address_Set
 .highcode      0x0000000020001880       0x1a ./src/user.o
                0x0000000020001880                user
 .highcode      0x000000002000189a      0x9a4 ./StdPeriphDriver/CH58x_sys.o
                0x000000002000189a                SetSysClock
                0x0000000020001fb2                SYS_ResetExecute
                0x000000002000207a                HardFault_Handler
                0x00000000200021ce                mDelayuS
                0x0000000020002204                mDelaymS
 .highcode      0x000000002000223e      0x426 c:\Users\ql\Desktop\工作\1.28IPS电容触摸技术资料\新建文件夹\CH582M\StdPeriphDriver\libISP583.a(ISP583.o)
                0x000000002000223e                FLASH_ROM_BEG
                0x0000000020002250                FLASH_ROM_END
                0x000000002000225e                FLASH_ROM_IN
                0x000000002000226c                FLASH_ROM_OUT
                0x000000002000227a                FLASH_ROM_ADDR
                0x00000000200022c2                FLASH_ROM_WAIT
                0x00000000200022fa                FLASH_EEPROM_CMD
 *(.highcode.*)
                0x0000000020002664                . = ALIGN (0x4)
                0x0000000020002664                PROVIDE (_highcode_vma_end = .)

.text           0x0000000000002668    0x10b00
                0x0000000000002668                . = ALIGN (0x4)
 *(SORT_NONE(.handle_reset))
 .handle_reset  0x0000000000002668       0xaa ./Startup/startup_CH583.o
                0x0000000000002668                handle_reset
 *(.text)
 *(.text.*)
 .text.CST816S_GetGesture
                0x0000000000002712       0xb2 ./src/CST816S.o
                0x0000000000002712                CST816S_GetGesture
 .text.KEY_GPIO_init
                0x00000000000027c4       0x32 ./src/key.o
                0x00000000000027c4                KEY_GPIO_init
 .text.LCD_GPIO_Init
                0x00000000000027f6       0xda ./src/lcd_init.o
                0x00000000000027f6                LCD_GPIO_Init
 .text.LCD_Init
                0x00000000000028d0      0x8b0 ./src/lcd_init.o
                0x00000000000028d0                LCD_Init
 .text.show_gesture_changepic_100
                0x0000000000003180      0x52a ./src/user.o
                0x0000000000003180                show_gesture_changepic_100
 .text.GPIOA_ModeCfg
                0x00000000000036aa      0x1be ./StdPeriphDriver/CH58x_gpio.o
                0x00000000000036aa                GPIOA_ModeCfg
 .text.GPIOB_ModeCfg
                0x0000000000003868      0x1be ./StdPeriphDriver/CH58x_gpio.o
                0x0000000000003868                GPIOB_ModeCfg
 *(.rodata)
 *(.rodata*)
 *fill*         0x0000000000003a26        0x2 
 .rodata.CST816S_GetGesture
                0x0000000000003a28       0x34 ./src/CST816S.o
 .rodata.gImage_1
                0x0000000000003a5c      0xc80 ./src/pic.o
                0x0000000000003a5c                gImage_1
 .rodata.gImage_6
                0x00000000000046dc     0x4e20 ./src/pic.o
                0x00000000000046dc                gImage_6
 .rodata.gImage_7
                0x00000000000094fc     0x4e20 ./src/pic.o
                0x00000000000094fc                gImage_7
 .rodata.gImage_8
                0x000000000000e31c     0x4e20 ./src/pic.o
                0x000000000000e31c                gImage_8
 .rodata.GPIOA_ModeCfg
                0x000000000001313c       0x14 ./StdPeriphDriver/CH58x_gpio.o
 .rodata.GPIOB_ModeCfg
                0x0000000000013150       0x14 ./StdPeriphDriver/CH58x_gpio.o
 *(.sdata2.*)
 .sdata2.TPX    0x0000000000013164        0x4 ./src/CST816S.o
                0x0000000000013164                TPX
 *(.glue_7)
 *(.glue_7t)
 *(.gnu.linkonce.t.*)
                0x0000000000013168                . = ALIGN (0x4)

.rela.dyn       0x0000000000013168        0x0
 .rela.init     0x0000000000013168        0x0 ./src/CST816S.o
 .rela.vector   0x0000000000013168        0x0 ./src/CST816S.o
 .rela.handle_reset
                0x0000000000013168        0x0 ./src/CST816S.o

.fini           0x0000000000013168        0x0
 *(SORT_NONE(.fini))
                0x0000000000013168                . = ALIGN (0x4)
                [!provide]                        PROVIDE (_etext = .)
                [!provide]                        PROVIDE (_eitcm = .)

.preinit_array  0x0000000000013168        0x0
                [!provide]                        PROVIDE (__preinit_array_start = .)
 *(.preinit_array)
                [!provide]                        PROVIDE (__preinit_array_end = .)

.init_array     0x0000000000013168        0x0
                [!provide]                        PROVIDE (__init_array_start = .)
 *(SORT_BY_INIT_PRIORITY(.init_array.*) SORT_BY_INIT_PRIORITY(.ctors.*))
 *(.init_array EXCLUDE_FILE(*crtend?.o *crtend.o *crtbegin?.o *crtbegin.o) .ctors)
                [!provide]                        PROVIDE (__init_array_end = .)

.fini_array     0x0000000000013168        0x0
                [!provide]                        PROVIDE (__fini_array_start = .)
 *(SORT_BY_INIT_PRIORITY(.fini_array.*) SORT_BY_INIT_PRIORITY(.dtors.*))
 *(.fini_array EXCLUDE_FILE(*crtend?.o *crtend.o *crtbegin?.o *crtbegin.o) .dtors)
                [!provide]                        PROVIDE (__fini_array_end = .)

.ctors
 *crtbegin.o(.ctors)
 *crtbegin?.o(.ctors)
 *(EXCLUDE_FILE(*crtend?.o *crtend.o) .ctors)
 *(SORT_BY_NAME(.ctors.*))
 *(.ctors)

.dtors
 *crtbegin.o(.dtors)
 *crtbegin?.o(.dtors)
 *(EXCLUDE_FILE(*crtend?.o *crtend.o) .dtors)
 *(SORT_BY_NAME(.dtors.*))
 *(.dtors)

.dlalign        0x0000000000013168        0x0
                0x0000000000013168                . = ALIGN (0x4)
                0x0000000000013168                PROVIDE (_data_lma = .)

.data           0x0000000020002664       0x1c load address 0x0000000000013168
                0x0000000020002664                . = ALIGN (0x4)
                0x0000000020002664                PROVIDE (_data_vma = .)
 *(.gnu.linkonce.r.*)
 *(.data .data.*)
 .data.tp_dev   0x0000000020002664       0x14 ./src/CST816S.o
                0x0000000020002664                tp_dev
 *(.gnu.linkonce.d.*)
                0x0000000020002678                . = ALIGN (0x8)
                0x0000000020002e78                PROVIDE (__global_pointer$ = (. + 0x800))
 *(.sdata .sdata.*)
 .sdata.imagestatue
                0x0000000020002678        0x1 ./src/user.o
                0x0000000020002678                imagestatue
 *(.gnu.linkonce.s.*)
                0x0000000020002680                . = ALIGN (0x8)
 *fill*         0x0000000020002679        0x7 
 *(.srodata.cst16)
 *(.srodata.cst8)
 *(.srodata.cst4)
 *(.srodata.cst2)
 *(.srodata .srodata.*)
                0x0000000020002680                . = ALIGN (0x4)
                0x0000000020002680                PROVIDE (_edata = .)

.bss            0x0000000020002680        0x8 load address 0x0000000000013184
                0x0000000020002680                . = ALIGN (0x4)
                0x0000000020002680                PROVIDE (_sbss = .)
 *(.sbss*)
 .sbss.gesturesta
                0x0000000020002680        0x1 ./src/user.o
                0x0000000020002680                gesturesta
 *fill*         0x0000000020002681        0x3 
 .sbss.IRQ_STA  0x0000000020002684        0x4 ./StdPeriphDriver/CH58x_sys.o
                0x0000000020002684                IRQ_STA
 *(.gnu.linkonce.sb.*)
 *(.bss*)
 *(.gnu.linkonce.b.*)
 *(COMMON*)
                0x0000000020002688                . = ALIGN (0x4)
                0x0000000020002688                PROVIDE (_ebss = .)
                0x0000000020002688                PROVIDE (_end = _ebss)
                [!provide]                        PROVIDE (end = .)

.stack          0x0000000020007e00      0x200
                0x0000000020007e00                PROVIDE (_heap_end = .)
                0x0000000020007e00                . = ALIGN (0x4)
                [!provide]                        PROVIDE (_susrstack = .)
                0x0000000020008000                . = (. + __stack_size)
 *fill*         0x0000000020007e00      0x200 
                0x0000000020008000                PROVIDE (_eusrstack = .)
OUTPUT(CH582M.elf elf32-littleriscv)

.debug_info     0x0000000000000000     0xa383
 .debug_info    0x0000000000000000     0x113d ./src/CST816S.o
 .debug_info    0x000000000000113d      0xf51 ./src/CTIIC.o
 .debug_info    0x000000000000208e      0xf19 ./src/Main.o
 .debug_info    0x0000000000002fa7      0xe50 ./src/key.o
 .debug_info    0x0000000000003df7     0x1ceb ./src/lcd.o
 .debug_info    0x0000000000005ae2      0xf4d ./src/lcd_init.o
 .debug_info    0x0000000000006a2f      0x132 ./src/pic.o
 .debug_info    0x0000000000006b61      0xf43 ./src/user.o
 .debug_info    0x0000000000007aa4      0xe6e ./StdPeriphDriver/CH58x_gpio.o
 .debug_info    0x0000000000008912     0x1a4f ./StdPeriphDriver/CH58x_sys.o
 .debug_info    0x000000000000a361       0x22 ./Startup/startup_CH583.o

.debug_abbrev   0x0000000000000000     0x17b3
 .debug_abbrev  0x0000000000000000      0x299 ./src/CST816S.o
 .debug_abbrev  0x0000000000000299      0x26b ./src/CTIIC.o
 .debug_abbrev  0x0000000000000504      0x21e ./src/Main.o
 .debug_abbrev  0x0000000000000722      0x22d ./src/key.o
 .debug_abbrev  0x000000000000094f      0x308 ./src/lcd.o
 .debug_abbrev  0x0000000000000c57      0x258 ./src/lcd_init.o
 .debug_abbrev  0x0000000000000eaf       0x61 ./src/pic.o
 .debug_abbrev  0x0000000000000f10      0x26b ./src/user.o
 .debug_abbrev  0x000000000000117b      0x246 ./StdPeriphDriver/CH58x_gpio.o
 .debug_abbrev  0x00000000000013c1      0x3e0 ./StdPeriphDriver/CH58x_sys.o
 .debug_abbrev  0x00000000000017a1       0x12 ./Startup/startup_CH583.o

.debug_aranges  0x0000000000000000      0x368
 .debug_aranges
                0x0000000000000000       0x48 ./src/CST816S.o
 .debug_aranges
                0x0000000000000048       0x70 ./src/CTIIC.o
 .debug_aranges
                0x00000000000000b8       0x20 ./src/Main.o
 .debug_aranges
                0x00000000000000d8       0x28 ./src/key.o
 .debug_aranges
                0x0000000000000100       0xa8 ./src/lcd.o
 .debug_aranges
                0x00000000000001a8       0x50 ./src/lcd_init.o
 .debug_aranges
                0x00000000000001f8       0x18 ./src/pic.o
 .debug_aranges
                0x0000000000000210       0x50 ./src/user.o
 .debug_aranges
                0x0000000000000260       0x48 ./StdPeriphDriver/CH58x_gpio.o
 .debug_aranges
                0x00000000000002a8       0x90 ./StdPeriphDriver/CH58x_sys.o
 .debug_aranges
                0x0000000000000338       0x30 ./Startup/startup_CH583.o

.debug_ranges   0x0000000000000000      0x2b8
 .debug_ranges  0x0000000000000000       0x38 ./src/CST816S.o
 .debug_ranges  0x0000000000000038       0x60 ./src/CTIIC.o
 .debug_ranges  0x0000000000000098       0x10 ./src/Main.o
 .debug_ranges  0x00000000000000a8       0x18 ./src/key.o
 .debug_ranges  0x00000000000000c0       0x98 ./src/lcd.o
 .debug_ranges  0x0000000000000158       0x40 ./src/lcd_init.o
 .debug_ranges  0x0000000000000198       0x40 ./src/user.o
 .debug_ranges  0x00000000000001d8       0x38 ./StdPeriphDriver/CH58x_gpio.o
 .debug_ranges  0x0000000000000210       0x80 ./StdPeriphDriver/CH58x_sys.o
 .debug_ranges  0x0000000000000290       0x28 ./Startup/startup_CH583.o

.debug_line     0x0000000000000000     0x6305
 .debug_line    0x0000000000000000      0x997 ./src/CST816S.o
 .debug_line    0x0000000000000997      0x66a ./src/CTIIC.o
 .debug_line    0x0000000000001001      0x381 ./src/Main.o
 .debug_line    0x0000000000001382      0x3f6 ./src/key.o
 .debug_line    0x0000000000001778     0x1b82 ./src/lcd.o
 .debug_line    0x00000000000032fa      0x930 ./src/lcd_init.o
 .debug_line    0x0000000000003c2a       0x85 ./src/pic.o
 .debug_line    0x0000000000003caf      0xb81 ./src/user.o
 .debug_line    0x0000000000004830      0x75d ./StdPeriphDriver/CH58x_gpio.o
 .debug_line    0x0000000000004f8d     0x122d ./StdPeriphDriver/CH58x_sys.o
 .debug_line    0x00000000000061ba      0x14b ./Startup/startup_CH583.o

.debug_str      0x0000000000000000     0x14a4
 .debug_str     0x0000000000000000      0xa97 ./src/CST816S.o
                                        0xb38 (size before relaxing)
 .debug_str     0x0000000000000a97       0xf2 ./src/CTIIC.o
                                        0xaf5 (size before relaxing)
 .debug_str     0x0000000000000b89      0x180 ./src/Main.o
                                        0xbd4 (size before relaxing)
 .debug_str     0x0000000000000d09       0x2a ./src/key.o
                                        0xa89 (size before relaxing)
 .debug_str     0x0000000000000d33      0x2a0 ./src/lcd.o
                                        0xcb1 (size before relaxing)
 .debug_str     0x0000000000000fd3       0x72 ./src/lcd_init.o
                                        0xad1 (size before relaxing)
 .debug_str     0x0000000000001045        0xd ./src/pic.o
                                        0x195 (size before relaxing)
 .debug_str     0x0000000000001052       0x98 ./src/user.o
                                        0xaf1 (size before relaxing)
 .debug_str     0x00000000000010ea      0x118 ./StdPeriphDriver/CH58x_gpio.o
                                        0x9f7 (size before relaxing)
 .debug_str     0x0000000000001202      0x27b ./StdPeriphDriver/CH58x_sys.o
                                        0xcaa (size before relaxing)
 .debug_str     0x000000000000147d       0x27 ./Startup/startup_CH583.o
                                         0x6e (size before relaxing)

.comment        0x0000000000000000       0x33
 .comment       0x0000000000000000       0x33 ./src/CST816S.o
                                         0x34 (size before relaxing)
 .comment       0x0000000000000033       0x34 ./src/CTIIC.o
 .comment       0x0000000000000033       0x34 ./src/Main.o
 .comment       0x0000000000000033       0x34 ./src/key.o
 .comment       0x0000000000000033       0x34 ./src/lcd.o
 .comment       0x0000000000000033       0x34 ./src/lcd_init.o
 .comment       0x0000000000000033       0x34 ./src/pic.o
 .comment       0x0000000000000033       0x34 ./src/user.o
 .comment       0x0000000000000033       0x34 ./StdPeriphDriver/CH58x_gpio.o
 .comment       0x0000000000000033       0x34 ./StdPeriphDriver/CH58x_sys.o
 .comment       0x0000000000000033       0x34 c:\Users\ql\Desktop\工作\1.28IPS电容触摸技术资料\新建文件夹\CH582M\StdPeriphDriver\libISP583.a(ISP583.o)

.debug_frame    0x0000000000000000      0xad0
 .debug_frame   0x0000000000000000       0xe8 ./src/CST816S.o
 .debug_frame   0x00000000000000e8      0x19c ./src/CTIIC.o
 .debug_frame   0x0000000000000284       0x2c ./src/Main.o
 .debug_frame   0x00000000000002b0       0x54 ./src/key.o
 .debug_frame   0x0000000000000304      0x2cc ./src/lcd.o
 .debug_frame   0x00000000000005d0      0x110 ./src/lcd_init.o
 .debug_frame   0x00000000000006e0      0x118 ./src/user.o
 .debug_frame   0x00000000000007f8       0xe0 ./StdPeriphDriver/CH58x_gpio.o
 .debug_frame   0x00000000000008d8      0x1f8 ./StdPeriphDriver/CH58x_sys.o

.stabstr        0x0000000000000000      0x117
 .stabstr       0x0000000000000000      0x117 c:/mounriver/mounriver_studio2/resources/app/resources/win32/components/wch/toolchain/risc-v embedded gcc/bin/../lib/gcc/riscv-none-embed/8.2.0/../../../../riscv-none-embed/lib/rv32imac/ilp32\libnosys.a(close.o)
