Archive member included to satisfy reference by file (symbol)

c:\Users\ql\Desktop\工作\1.28IPS电容触摸技术资料\新建文件夹\g\LVGLtest\StdPeriphDriver\libISP583.a(ISP583.o)
                              ./StdPeriphDriver/CH58x_flash.o (FLASH_EEPROM_CMD)
c:/mounriver/mounriver_studio2/resources/app/resources/win32/components/wch/toolchain/risc-v embedded gcc/bin/../lib/gcc/riscv-none-embed/8.2.0/rv32imac/ilp32\libgcc.a(_udivdi3.o)
                              ./src/LVGL/src/misc/lv_printf.o (__udivdi3)
c:/mounriver/mounriver_studio2/resources/app/resources/win32/components/wch/toolchain/risc-v embedded gcc/bin/../lib/gcc/riscv-none-embed/8.2.0/rv32imac/ilp32\libgcc.a(_umoddi3.o)
                              ./src/LVGL/src/misc/lv_printf.o (__umoddi3)
c:/mounriver/mounriver_studio2/resources/app/resources/win32/components/wch/toolchain/risc-v embedded gcc/bin/../lib/gcc/riscv-none-embed/8.2.0/rv32imac/ilp32\libgcc.a(mulsf3.o)
                              ./src/lcd.o (__mulsf3)
c:/mounriver/mounriver_studio2/resources/app/resources/win32/components/wch/toolchain/risc-v embedded gcc/bin/../lib/gcc/riscv-none-embed/8.2.0/rv32imac/ilp32\libgcc.a(fixunssfsi.o)
                              ./src/lcd.o (__fixunssfsi)
c:/mounriver/mounriver_studio2/resources/app/resources/win32/components/wch/toolchain/risc-v embedded gcc/bin/../lib/gcc/riscv-none-embed/8.2.0/rv32imac/ilp32\libgcc.a(_clz.o)
                              c:/mounriver/mounriver_studio2/resources/app/resources/win32/components/wch/toolchain/risc-v embedded gcc/bin/../lib/gcc/riscv-none-embed/8.2.0/rv32imac/ilp32\libgcc.a(_udivdi3.o) (__clz_tab)
c:/mounriver/mounriver_studio2/resources/app/resources/win32/components/wch/toolchain/risc-v embedded gcc/bin/../lib/gcc/riscv-none-embed/8.2.0/rv32imac/ilp32\libgcc.a(_clzsi2.o)
                              c:/mounriver/mounriver_studio2/resources/app/resources/win32/components/wch/toolchain/risc-v embedded gcc/bin/../lib/gcc/riscv-none-embed/8.2.0/rv32imac/ilp32\libgcc.a(mulsf3.o) (__clzsi2)
c:/mounriver/mounriver_studio2/resources/app/resources/win32/components/wch/toolchain/risc-v embedded gcc/bin/../lib/gcc/riscv-none-embed/8.2.0/../../../../riscv-none-embed/lib/rv32imac/ilp32\libg_nano.a(lib_a-malloc.o)
                              ./src/LVGL/src/misc/lv_mem.o (malloc)
c:/mounriver/mounriver_studio2/resources/app/resources/win32/components/wch/toolchain/risc-v embedded gcc/bin/../lib/gcc/riscv-none-embed/8.2.0/../../../../riscv-none-embed/lib/rv32imac/ilp32\libg_nano.a(lib_a-memcmp.o)
                              ./src/LVGL/src/widgets/lv_dropdown.o (memcmp)
c:/mounriver/mounriver_studio2/resources/app/resources/win32/components/wch/toolchain/risc-v embedded gcc/bin/../lib/gcc/riscv-none-embed/8.2.0/../../../../riscv-none-embed/lib/rv32imac/ilp32\libg_nano.a(lib_a-memcpy.o)
                              ./src/LVGL/src/misc/lv_anim_timeline.o (memcpy)
c:/mounriver/mounriver_studio2/resources/app/resources/win32/components/wch/toolchain/risc-v embedded gcc/bin/../lib/gcc/riscv-none-embed/8.2.0/../../../../riscv-none-embed/lib/rv32imac/ilp32\libg_nano.a(lib_a-memmove.o)
                              ./src/LVGL/src/extra/libs/qrcode/qrcodegen.o (memmove)
c:/mounriver/mounriver_studio2/resources/app/resources/win32/components/wch/toolchain/risc-v embedded gcc/bin/../lib/gcc/riscv-none-embed/8.2.0/../../../../riscv-none-embed/lib/rv32imac/ilp32\libg_nano.a(lib_a-memset.o)
                              ./src/LVGL/src/font/lv_font_loader.o (memset)
c:/mounriver/mounriver_studio2/resources/app/resources/win32/components/wch/toolchain/risc-v embedded gcc/bin/../lib/gcc/riscv-none-embed/8.2.0/../../../../riscv-none-embed/lib/rv32imac/ilp32\libg_nano.a(lib_a-nano-freer.o)
                              c:/mounriver/mounriver_studio2/resources/app/resources/win32/components/wch/toolchain/risc-v embedded gcc/bin/../lib/gcc/riscv-none-embed/8.2.0/../../../../riscv-none-embed/lib/rv32imac/ilp32\libg_nano.a(lib_a-malloc.o) (_free_r)
c:/mounriver/mounriver_studio2/resources/app/resources/win32/components/wch/toolchain/risc-v embedded gcc/bin/../lib/gcc/riscv-none-embed/8.2.0/../../../../riscv-none-embed/lib/rv32imac/ilp32\libg_nano.a(lib_a-nano-mallocr.o)
                              c:/mounriver/mounriver_studio2/resources/app/resources/win32/components/wch/toolchain/risc-v embedded gcc/bin/../lib/gcc/riscv-none-embed/8.2.0/../../../../riscv-none-embed/lib/rv32imac/ilp32\libg_nano.a(lib_a-malloc.o) (_malloc_r)
c:/mounriver/mounriver_studio2/resources/app/resources/win32/components/wch/toolchain/risc-v embedded gcc/bin/../lib/gcc/riscv-none-embed/8.2.0/../../../../riscv-none-embed/lib/rv32imac/ilp32\libg_nano.a(lib_a-printf.o)
                              ./StdPeriphDriver/CH58x_usb2hostClass.o (printf)
c:/mounriver/mounriver_studio2/resources/app/resources/win32/components/wch/toolchain/risc-v embedded gcc/bin/../lib/gcc/riscv-none-embed/8.2.0/../../../../riscv-none-embed/lib/rv32imac/ilp32\libg_nano.a(lib_a-putchar.o)
[...]
Memory Configuration

Name             Origin             Length             Attributes
FLASH            0x0000000000000000 0x0000000000070000 xr
RAM              0x0000000020000000 0x0000000000008000 xrw
*default*        0x0000000000000000 0xffffffffffffffff

Linker script and memory map

LOAD ./src/UI/squareline/ui.o
LOAD ./src/UI/squareline/ui_Screen1.o
LOAD ./src/UI/squareline/ui_Screen2.o
LOAD ./src/UI/squareline/ui_comp_hook.o
LOAD ./src/UI/squareline/ui_helpers.o
LOAD ./src/LVGL/src/widgets/lv_arc.o
LOAD ./src/LVGL/src/widgets/lv_bar.o
LOAD ./src/LVGL/src/widgets/lv_btn.o
LOAD ./src/LVGL/src/widgets/lv_btnmatrix.o
LOAD ./src/LVGL/src/widgets/lv_canvas.o
LOAD ./src/LVGL/src/widgets/lv_checkbox.o
LOAD ./src/LVGL/src/widgets/lv_dropdown.o
LOAD ./src/LVGL/src/widgets/lv_img.o
LOAD ./src/LVGL/src/widgets/lv_label.o
LOAD ./src/LVGL/src/widgets/lv_line.o
LOAD ./src/LVGL/src/widgets/lv_objx_templ.o
LOAD ./src/LVGL/src/widgets/lv_roller.o
LOAD ./src/LVGL/src/widgets/lv_slider.o
LOAD ./src/LVGL/src/widgets/lv_switch.o
LOAD ./src/LVGL/src/widgets/lv_table.o
LOAD ./src/LVGL/src/widgets/lv_textarea.o
LOAD ./src/LVGL/src/misc/lv_anim.o
LOAD ./src/LVGL/src/misc/lv_anim_timeline.o
LOAD ./src/LVGL/src/misc/lv_area.o
LOAD ./src/LVGL/src/misc/lv_async.o
LOAD ./src/LVGL/src/misc/lv_bidi.o
LOAD ./src/LVGL/src/misc/lv_color.o
LOAD ./src/LVGL/src/misc/lv_fs.o
LOAD ./src/LVGL/src/misc/lv_gc.o
LOAD ./src/LVGL/src/misc/lv_ll.o
LOAD ./src/LVGL/src/misc/lv_log.o
LOAD ./src/LVGL/src/misc/lv_lru.o
LOAD ./src/LVGL/src/misc/lv_math.o
LOAD ./src/LVGL/src/misc/lv_mem.o
LOAD ./src/LVGL/src/misc/lv_printf.o
LOAD ./src/LVGL/src/misc/lv_style.o
LOAD ./src/LVGL/src/misc/lv_style_gen.o
LOAD ./src/LVGL/src/misc/lv_templ.o
LOAD ./src/LVGL/src/misc/lv_timer.o
LOAD ./src/LVGL/src/misc/lv_tlsf.o
LOAD ./src/LVGL/src/misc/lv_txt.o
LOAD ./src/LVGL/src/misc/lv_txt_ap.o
LOAD ./src/LVGL/src/misc/lv_utils.o
LOAD ./src/LVGL/src/hal/lv_hal_disp.o
LOAD ./src/LVGL/src/hal/lv_hal_indev.o
LOAD ./src/LVGL/src/hal/lv_hal_tick.o
LOAD ./src/LVGL/src/font/lv_font.o
LOAD ./src/LVGL/src/font/lv_font_dejavu_16_persian_hebrew.o
LOAD ./src/LVGL/src/font/lv_font_fmt_txt.o
LOAD ./src/LVGL/src/font/lv_font_loader.o
LOAD ./src/LVGL/src/font/lv_font_montserrat_10.o
LOAD ./src/LVGL/src/font/lv_font_montserrat_12.o
LOAD ./src/LVGL/src/font/lv_font_montserrat_12_subpx.o
LOAD ./src/LVGL/src/font/lv_font_montserrat_14.o
LOAD ./src/LVGL/src/font/lv_font_montserrat_16.o
LOAD ./src/LVGL/src/font/lv_font_montserrat_18.o
LOAD ./src/LVGL/src/font/lv_font_montserrat_20.o
LOAD ./src/LVGL/src/font/lv_font_montserrat_22.o
LOAD ./src/LVGL/src/font/lv_font_montserrat_24.o
LOAD ./src/LVGL/src/font/lv_font_montserrat_26.o
LOAD ./src/LVGL/src/font/lv_font_montserrat_28.o
LOAD ./src/LVGL/src/font/lv_font_montserrat_28_compressed.o
LOAD ./src/LVGL/src/font/lv_font_montserrat_30.o
LOAD ./src/LVGL/src/font/lv_font_montserrat_32.o
LOAD ./src/LVGL/src/font/lv_font_montserrat_34.o
LOAD ./src/LVGL/src/font/lv_font_montserrat_36.o
LOAD ./src/LVGL/src/font/lv_font_montserrat_38.o
LOAD ./src/LVGL/src/font/lv_font_montserrat_40.o
LOAD ./src/LVGL/src/font/lv_font_montserrat_42.o
LOAD ./src/LVGL/src/font/lv_font_montserrat_44.o
LOAD ./src/LVGL/src/font/lv_font_montserrat_46.o
LOAD ./src/LVGL/src/font/lv_font_montserrat_48.o
LOAD ./src/LVGL/src/font/lv_font_montserrat_8.o
LOAD ./src/LVGL/src/font/lv_font_simsun_16_cjk.o
LOAD ./src/LVGL/src/font/lv_font_unscii_16.o
LOAD ./src/LVGL/src/font/lv_font_unscii_8.o
LOAD ./src/LVGL/src/extra/widgets/win/lv_win.o
LOAD ./src/LVGL/src/extra/widgets/tileview/lv_tileview.o
LOAD ./src/LVGL/src/extra/widgets/tabview/lv_tabview.o
LOAD ./src/LVGL/src/extra/widgets/spinner/lv_spinner.o
LOAD ./src/LVGL/src/extra/widgets/spinbox/lv_spinbox.o
LOAD ./src/LVGL/src/extra/widgets/span/lv_span.o
LOAD ./src/LVGL/src/extra/widgets/msgbox/lv_msgbox.o
LOAD ./src/LVGL/src/extra/widgets/meter/lv_meter.o
LOAD ./src/LVGL/src/extra/widgets/menu/lv_menu.o
LOAD ./src/LVGL/src/extra/widgets/list/lv_list.o
LOAD ./src/LVGL/src/extra/widgets/led/lv_led.o
LOAD ./src/LVGL/src/extra/widgets/keyboard/lv_keyboard.o
LOAD ./src/LVGL/src/extra/widgets/imgbtn/lv_imgbtn.o
LOAD ./src/LVGL/src/extra/widgets/dclock/lv_dclock.o
LOAD ./src/LVGL/src/extra/widgets/colorwheel/lv_colorwheel.o
LOAD ./src/LVGL/src/extra/widgets/chart/lv_chart.o
LOAD ./src/LVGL/src/extra/widgets/calendar/lv_calendar.o
LOAD ./src/LVGL/src/extra/widgets/calendar/lv_calendar_header_arrow.o
LOAD ./src/LVGL/src/extra/widgets/calendar/lv_calendar_header_dropdown.o
LOAD ./src/LVGL/src/extra/widgets/animimg/lv_animimg.o
LOAD ./src/LVGL/src/extra/widgets/analogclock/lv_analogclock.o
LOAD ./src/LVGL/src/extra/themes/mono/lv_theme_mono.o
LOAD ./src/LVGL/src/extra/themes/default/lv_theme_default.o
LOAD ./src/LVGL/src/extra/themes/basic/lv_theme_basic.o
LOAD ./src/LVGL/src/extra/others/snapshot/lv_snapshot.o
LOAD ./src/LVGL/src/extra/others/msg/lv_msg.o
LOAD ./src/LVGL/src/extra/others/monkey/lv_monkey.o
LOAD ./src/LVGL/src/extra/others/imgfont/lv_imgfont.o
LOAD ./src/LVGL/src/extra/others/ime/lv_ime_pinyin.o
LOAD ./src/LVGL/src/extra/others/gridnav/lv_gridnav.o
LOAD ./src/LVGL/src/extra/others/fragment/lv_fragment.o
LOAD ./src/LVGL/src/extra/others/fragment/lv_fragment_manager.o
LOAD ./src/LVGL/src/extra/libs/tiny_ttf/lv_tiny_ttf.o
LOAD ./src/LVGL/src/extra/libs/sjpg/lv_sjpg.o
LOAD ./src/LVGL/src/extra/libs/sjpg/tjpgd.o
LOAD ./src/LVGL/src/extra/libs/rlottie/lv_rlottie.o
LOAD ./src/LVGL/src/extra/libs/qrcode/lv_qrcode.o
LOAD ./src/LVGL/src/extra/libs/qrcode/qrcodegen.o
LOAD ./src/LVGL/src/extra/libs/png/lodepng.o
LOAD ./src/LVGL/src/extra/libs/png/lv_png.o
LOAD ./src/LVGL/src/extra/libs/gif/gifdec.o
LOAD ./src/LVGL/src/extra/libs/gif/lv_gif.o
LOAD ./src/LVGL/src/extra/libs/fsdrv/lv_fs_fatfs.o
LOAD ./src/LVGL/src/extra/libs/fsdrv/lv_fs_littlefs.o
LOAD ./src/LVGL/src/extra/libs/fsdrv/lv_fs_posix.o
LOAD ./src/LVGL/src/extra/libs/fsdrv/lv_fs_stdio.o
LOAD ./src/LVGL/src/extra/libs/fsdrv/lv_fs_win32.o
LOAD ./src/LVGL/src/extra/libs/freetype/lv_freetype.o
LOAD ./src/LVGL/src/extra/libs/ffmpeg/lv_ffmpeg.o
LOAD ./src/LVGL/src/extra/libs/bmp/lv_bmp.o
LOAD ./src/LVGL/src/extra/layouts/grid/lv_grid.o
LOAD ./src/LVGL/src/extra/layouts/flex/lv_flex.o
LOAD ./src/LVGL/src/extra/lv_extra.o
LOAD ./src/LVGL/src/draw/swm341_dma2d/lv_gpu_swm341_dma2d.o
LOAD ./src/LVGL/src/draw/sw/lv_draw_sw.o
LOAD ./src/LVGL/src/draw/sw/lv_draw_sw_arc.o
LOAD ./src/LVGL/src/draw/sw/lv_draw_sw_blend.o
LOAD ./src/LVGL/src/draw/sw/lv_draw_sw_dither.o
LOAD ./src/LVGL/src/draw/sw/lv_draw_sw_gradient.o
LOAD ./src/LVGL/src/draw/sw/lv_draw_sw_img.o
LOAD ./src/LVGL/src/draw/sw/lv_draw_sw_layer.o
LOAD ./src/LVGL/src/draw/sw/lv_draw_sw_letter.o
LOAD ./src/LVGL/src/draw/sw/lv_draw_sw_line.o
LOAD ./src/LVGL/src/draw/sw/lv_draw_sw_polygon.o
LOAD ./src/LVGL/src/draw/sw/lv_draw_sw_rect.o
LOAD ./src/LVGL/src/draw/sw/lv_draw_sw_transform.o
LOAD ./src/LVGL/src/draw/stm32_dma2d/lv_gpu_stm32_dma2d.o
LOAD ./src/LVGL/src/draw/sdl/lv_draw_sdl.o
LOAD ./src/LVGL/src/draw/sdl/lv_draw_sdl_arc.o
LOAD ./src/LVGL/src/draw/sdl/lv_draw_sdl_bg.o
LOAD ./src/LVGL/src/draw/sdl/lv_draw_sdl_composite.o
LOAD ./src/LVGL/src/draw/sdl/lv_draw_sdl_img.o
LOAD ./src/LVGL/src/draw/sdl/lv_draw_sdl_label.o
LOAD ./src/LVGL/src/draw/sdl/lv_draw_sdl_layer.o
LOAD ./src/LVGL/src/draw/sdl/lv_draw_sdl_line.o
LOAD ./src/LVGL/src/draw/sdl/lv_draw_sdl_mask.o
LOAD ./src/LVGL/src/draw/sdl/lv_draw_sdl_polygon.o
LOAD ./src/LVGL/src/draw/sdl/lv_draw_sdl_rect.o
LOAD ./src/LVGL/src/draw/sdl/lv_draw_sdl_stack_blur.o
LOAD ./src/LVGL/src/draw/sdl/lv_draw_sdl_texture_cache.o
LOAD ./src/LVGL/src/draw/sdl/lv_draw_sdl_utils.o
LOAD ./src/LVGL/src/draw/renesas/lv_gpu_d2_draw_label.o
LOAD ./src/LVGL/src/draw/renesas/lv_gpu_d2_ra6m3.o
LOAD ./src/LVGL/src/draw/nxp/vglite/lv_draw_vglite.o
LOAD ./src/LVGL/src/draw/nxp/vglite/lv_draw_vglite_arc.o
LOAD ./src/LVGL/src/draw/nxp/vglite/lv_draw_vglite_blend.o
LOAD ./src/LVGL/src/draw/nxp/vglite/lv_draw_vglite_line.o
LOAD ./src/LVGL/src/draw/nxp/vglite/lv_draw_vglite_rect.o
LOAD ./src/LVGL/src/draw/nxp/vglite/lv_vglite_buf.o
LOAD ./src/LVGL/src/draw/nxp/vglite/lv_vglite_utils.o
LOAD ./src/LVGL/src/draw/nxp/pxp/lv_draw_pxp.o
LOAD ./src/LVGL/src/draw/nxp/pxp/lv_draw_pxp_blend.o
LOAD ./src/LVGL/src/draw/nxp/pxp/lv_gpu_nxp_pxp.o
LOAD ./src/LVGL/src/draw/nxp/pxp/lv_gpu_nxp_pxp_osa.o
LOAD ./src/LVGL/src/draw/arm2d/lv_gpu_arm2d.o
LOAD ./src/LVGL/src/draw/lv_draw.o
LOAD ./src/LVGL/src/draw/lv_draw_arc.o
LOAD ./src/LVGL/src/draw/lv_draw_img.o
LOAD ./src/LVGL/src/draw/lv_draw_label.o
LOAD ./src/LVGL/src/draw/lv_draw_layer.o
LOAD ./src/LVGL/src/draw/lv_draw_line.o
LOAD ./src/LVGL/src/draw/lv_draw_mask.o
LOAD ./src/LVGL/src/draw/lv_draw_rect.o
LOAD ./src/LVGL/src/draw/lv_draw_transform.o
LOAD ./src/LVGL/src/draw/lv_draw_triangle.o
LOAD ./src/LVGL/src/draw/lv_img_buf.o
LOAD ./src/LVGL/src/draw/lv_img_cache.o
LOAD ./src/LVGL/src/draw/lv_img_decoder.o
LOAD ./src/LVGL/src/core/lv_disp.o
LOAD ./src/LVGL/src/core/lv_event.o
LOAD ./src/LVGL/src/core/lv_group.o
LOAD ./src/LVGL/src/core/lv_indev.o
LOAD ./src/LVGL/src/core/lv_indev_scroll.o
LOAD ./src/LVGL/src/core/lv_obj.o
LOAD ./src/LVGL/src/core/lv_obj_class.o
LOAD ./src/LVGL/src/core/lv_obj_draw.o
LOAD ./src/LVGL/src/core/lv_obj_pos.o
LOAD ./src/LVGL/src/core/lv_obj_scroll.o
LOAD ./src/LVGL/src/core/lv_obj_style.o
LOAD ./src/LVGL/src/core/lv_obj_style_gen.o
LOAD ./src/LVGL/src/core/lv_obj_tree.o
LOAD ./src/LVGL/src/core/lv_refr.o
LOAD ./src/LVGL/src/core/lv_theme.o
LOAD ./src/LVGL/examples/porting/lv_port_disp.o
LOAD ./src/LVGL/examples/porting/lv_port_fs.o
LOAD ./src/LVGL/examples/porting/lv_port_indev.o
LOAD ./src/CST816S.o
LOAD ./src/CTIIC.o
LOAD ./src/Main.o
LOAD ./src/app_i2c.o
LOAD ./src/key.o
LOAD ./src/lcd.o
LOAD ./src/lcd_init.o
LOAD ./src/pic.o
LOAD ./src/user.o
LOAD ./StdPeriphDriver/CH58x_clk.o
LOAD ./StdPeriphDriver/CH58x_flash.o
LOAD ./StdPeriphDriver/CH58x_gpio.o
LOAD ./StdPeriphDriver/CH58x_i2c.o
LOAD ./StdPeriphDriver/CH58x_pwr.o
LOAD ./StdPeriphDriver/CH58x_spi0.o
LOAD ./StdPeriphDriver/CH58x_spi1.o
LOAD ./StdPeriphDriver/CH58x_sys.o
LOAD ./StdPeriphDriver/CH58x_uart0.o
LOAD ./StdPeriphDriver/CH58x_uart1.o
LOAD ./StdPeriphDriver/CH58x_usb2dev.o
LOAD ./StdPeriphDriver/CH58x_usb2hostBase.o
LOAD ./StdPeriphDriver/CH58x_usb2hostClass.o
LOAD ./Startup/startup_CH583.o
LOAD ./RVMSIS/core_riscv.o
LOAD c:\Users\ql\Desktop\工作\1.28IPS电容触摸技术资料\新建文件夹\g\LVGLtest\StdPeriphDriver\libISP583.a
LOAD c:/mounriver/mounriver_studio2/resources/app/resources/win32/components/wch/toolchain/risc-v embedded gcc/bin/../lib/gcc/riscv-none-embed/8.2.0/rv32imac/ilp32\libgcc.a
LOAD c:/mounriver/mounriver_studio2/resources/app/resources/win32/components/wch/toolchain/risc-v embedded gcc/bin/../lib/gcc/riscv-none-embed/8.2.0/../../../../riscv-none-embed/lib/rv32imac/ilp32\libg_nano.a
LOAD c:/mounriver/mounriver_studio2/resources/app/resources/win32/components/wch/toolchain/risc-v embedded gcc/bin/../lib/gcc/riscv-none-embed/8.2.0/../../../../riscv-none-embed/lib/rv32imac/ilp32\libc_nano.a
LOAD c:/mounriver/mounriver_studio2/resources/app/resources/win32/components/wch/toolchain/risc-v embedded gcc/bin/../lib/gcc/riscv-none-embed/8.2.0/rv32imac/ilp32\libgcc.a
START GROUP
LOAD c:/mounriver/mounriver_studio2/resources/app/resources/win32/components/wch/toolchain/risc-v embedded gcc/bin/../lib/gcc/riscv-none-embed/8.2.0/rv32imac/ilp32\libgcc.a
LOAD c:/mounriver/mounriver_studio2/resources/app/resources/win32/components/wch/toolchain/risc-v embedded gcc/bin/../lib/gcc/riscv-none-embed/8.2.0/../../../../riscv-none-embed/lib/rv32imac/ilp32\libc_nano.a
LOAD c:/mounriver/mounriver_studio2/resources/app/resources/win32/components/wch/toolchain/risc-v embedded gcc/bin/../lib/gcc/riscv-none-embed/8.2.0/../../../../riscv-none-embed/lib/rv32imac/ilp32\libnosys.a
END GROUP
START GROUP
LOAD c:/mounriver/mounriver_studio2/resources/app/resources/win32/components/wch/toolchain/risc-v embedded gcc/bin/../lib/gcc/riscv-none-embed/8.2.0/rv32imac/ilp32\libgcc.a
LOAD c:/mounriver/mounriver_studio2/resources/app/resources/win32/components/wch/toolchain/risc-v embedded gcc/bin/../lib/gcc/riscv-none-embed/8.2.0/../../../../riscv-none-embed/lib/rv32imac/ilp32\libc_nano.a
LOAD c:/mounriver/mounriver_studio2/resources/app/resources/win32/components/wch/toolchain/risc-v embedded gcc/bin/../lib/gcc/riscv-none-embed/8.2.0/../../../../riscv-none-embed/lib/rv32imac/ilp32\libnosys.a
END GROUP
                0x0000000000000200                __stack_size = 0x200
                [!provide]                        PROVIDE (_stack_size = __stack_size)

.init           0x0000000000000000        0x4
                0x0000000000000000                _sinit = .
                0x0000000000000000                . = ALIGN (0x4)
 *(SORT_NONE(.init))
 .init          0x0000000000000000        0x4 ./Startup/startup_CH583.o
                0x0000000000000000                _start
                0x0000000000000004                . = ALIGN (0x4)
                0x0000000000000004                _einit = .

.highcodelalign
                0x0000000000000004        0x0
                0x0000000000000004                . = ALIGN (0x4)
                0x0000000000000004                PROVIDE (_highcode_lma = .)

.highcode       0x0000000020000000     0x297c load address 0x0000000000000004
                0x0000000020000000                . = ALIGN (0x4)
                0x0000000020000000                PROVIDE (_highcode_vma_start = .)
 *(.vector)
 .vector        0x0000000020000000       0x90 ./Startup/startup_CH583.o
 *(SORT_NONE(.vector_handler))
 .vector_handler
                0x0000000020000090        0x2 ./Startup/startup_CH583.o
                0x0000000020000090                GPIOB_IRQHandler
                0x0000000020000090                GPIOA_IRQHandler
                0x0000000020000090                SysTick_Handler
                0x0000000020000090                NMI_Handler
                0x0000000020000090                UART1_IRQHandler
                0x0000000020000090                UART0_IRQHandler
                0x0000000020000090                BB_IRQHandler
                0x0000000020000090                Break_Point_Handler
                0x0000000020000090                Ecall_M_Mode_Handler
                0x0000000020000090                RTC_IRQHandler
                0x0000000020000090                UART2_IRQHandler
                0x0000000020000090                PWMX_IRQHandler
                0x0000000020000090                ADC_IRQHandler
                0x0000000020000090                TMR2_IRQHandler
                0x0000000020000090                USB_IRQHandler
                0x0000000020000090                I2C_IRQHandler
                0x0000000020000090                USB2_IRQHandler
                0x0000000020000090                LLE_IRQHandler
                0x0000000020000090                WDOG_BAT_IRQHandler
                0x0000000020000090                Ecall_U_Mode_Handler
                0x0000000020000090                TMR3_IRQHandler
                0x0000000020000090                SW_Handler
                0x0000000020000090                SPI0_IRQHandler
                0x0000000020000090                UART3_IRQHandler
                0x0000000020000090                TMR1_IRQHandler
 *(.highcode)
 .highcode      0x0000000020000092       0xea ./src/LVGL/examples/porting/lv_port_disp.o
                0x0000000020000092                disp_enable_update
                0x00000000200000aa                disp_disable_update
 .highcode      0x000000002000017c       0xc8 ./src/LVGL/examples/porting/lv_port_indev.o
 .highcode      0x0000000020000244      0x7d6 ./src/CST816S.o
                0x0000000020000244                CST816S_WR_DATA
                0x00000000200002a0                CST816S_RD_DATA
                0x0000000020000366                CST816S_Init
                0x0000000020000408                CST816S_Scan
                0x00000000200006de                CST816S_TouchStatus
                0x0000000020000708                CST816S_GetX
                0x0000000020000756                CST816S_GetY
                0x0000000020000798                CST816S_GetXY
                0x00000000200007fe                CST816S_test
 .highcode      0x0000000020000a1a      0x538 ./src/CTIIC.o
                0x0000000020000a1a                CTP_SDA_IN
                0x0000000020000a50                CTP_SDA_OUT
                0x0000000020000a86                CTP_GPIOInit
                0x0000000020000b14                CTP_INT_IN
                0x0000000020000b4c                CTP_IIC_Start
                0x0000000020000bcc                CTP_IIC_Stop
                0x0000000020000c46                CTP_WaitAck
                0x0000000020000cdc                CTP_IICAck
                0x0000000020000d62                CTP_IICNack
                0x0000000020000de8                CTP_SendByte
                0x0000000020000eb4                CTP_ReadByte
 .highcode      0x0000000020000f52       0x58 ./src/Main.o
                0x0000000020000f52                main
 .highcode      0x0000000020000faa      0xa26 ./src/lcd.o
                0x0000000020000faa                LCD_Fill
                0x000000002000104c                LCD_DrawPoint
                0x0000000020001096                LCD_DrawLine
                0x0000000020001220                LCD_SmoothSlidePic
                0x000000002000151e                LCD_SmoothChangePic
 .highcode      0x00000000200019d0      0x188 ./src/lcd_init.o
                0x00000000200019d0                LCD_Writ_Bus
                0x0000000020001a24                LCD_WR_DATA8
                0x0000000020001a5c                LCD_WR_DATA
                0x0000000020001aaa                LCD_WR_REG
                0x0000000020001afa                LCD_Address_Set
 .highcode      0x0000000020001b58       0x60 ./src/user.o
                0x0000000020001b58                user
                0x0000000020001b80                TMR0_IRQHandler
 .highcode      0x0000000020001bb8      0x99c ./StdPeriphDriver/CH58x_sys.o
                0x0000000020001bb8                SetSysClock
                0x00000000200022d0                SYS_ResetExecute
                0x0000000020002398                HardFault_Handler
                0x00000000200024ec                mDelayuS
                0x000000002000251a                mDelaymS
 .highcode      0x0000000020002554      0x426 c:\Users\ql\Desktop\工作\1.28IPS电容触摸技术资料\新建文件夹\g\LVGLtest\StdPeriphDriver\libISP583.a(ISP583.o)
                0x0000000020002554                FLASH_ROM_BEG
                0x0000000020002566                FLASH_ROM_END
                0x0000000020002574                FLASH_ROM_IN
                0x0000000020002582                FLASH_ROM_OUT
                0x0000000020002590                FLASH_ROM_ADDR
                0x00000000200025d8                FLASH_ROM_WAIT
                0x0000000020002610                FLASH_EEPROM_CMD
 *(.highcode.*)
                0x000000002000297c                . = ALIGN (0x4)
 *fill*         0x000000002000297a        0x2 
                0x000000002000297c                PROVIDE (_highcode_vma_end = .)

.text           0x0000000000002980    0x64b30
                0x0000000000002980                . = ALIGN (0x4)
 *(SORT_NONE(.handle_reset))
 .handle_reset  0x0000000000002980       0xae ./Startup/startup_CH583.o
                0x0000000000002980                handle_reset
 *(.text)
 .text          0x0000000000002a2e      0x11e c:/mounriver/mounriver_studio2/resources/app/resources/win32/components/wch/toolchain/risc-v embedded gcc/bin/../lib/gcc/riscv-none-embed/8.2.0/../../../../riscv-none-embed/lib/rv32imac/ilp32\libg_nano.a(lib_a-strcmp.o)
                0x0000000000002a2e                strcmp
 *(.text.*)
 .text.ui_event_Screen1
                0x0000000000002b4c       0x42 ./src/UI/squareline/ui.o
                0x0000000000002b4c                ui_event_Screen1
 .text.ui_event_Button2
                0x0000000000002b8e       0x42 ./src/UI/squareline/ui.o
                0x0000000000002b8e                ui_event_Button2
 .text.ui_init  0x0000000000002bd0       0x72 ./src/UI/squareline/ui.o
                0x0000000000002bd0                ui_init
 .text.ui_Screen1_screen_init
                0x0000000000002c42      0x192 ./src/UI/squareline/ui_Screen1.o
                0x0000000000002c42                ui_Screen1_screen_init
 .text.lv_slider_set_value
                0x0000000000002dd4       0x2e ./src/UI/squareline/ui_Screen2.o
 .text.lv_slider_set_left_value
                0x0000000000002e02       0x2e ./src/UI/squareline/ui_Screen2.o
 .text.lv_slider_get_mode
                0x0000000000002e30       0x42 ./src/UI/squareline/ui_Screen2.o
 .text.ui_Screen2_screen_init
                0x0000000000002e72      0x152 ./src/UI/squareline/ui_Screen2.o
                0x0000000000002e72                ui_Screen2_screen_init
 .text._ui_screen_change
                0x0000000000002fc4       0x4e ./src/UI/squareline/ui_helpers.o
                0x0000000000002fc4                _ui_screen_change
 .text.lv_obj_get_style_pad_top
                0x0000000000003012       0x36 ./src/LVGL/src/widgets/lv_arc.o
 .text.lv_obj_get_style_pad_bottom
                0x0000000000003048       0x36 ./src/LVGL/src/widgets/lv_arc.o
 .text.lv_obj_get_style_pad_left
                0x000000000000307e       0x36 ./src/LVGL/src/widgets/lv_arc.o
 .text.lv_obj_get_style_pad_right
                0x00000000000030b4       0x36 ./src/LVGL/src/widgets/lv_arc.o
 .text.lv_obj_get_style_outline_width
                0x00000000000030ea       0x38 ./src/LVGL/src/widgets/lv_arc.o
 .text.lv_obj_get_style_outline_pad
                0x0000000000003122       0x38 ./src/LVGL/src/widgets/lv_arc.o
 .text.lv_obj_get_style_shadow_width
                0x000000000000315a       0x38 ./src/LVGL/src/widgets/lv_arc.o
 .text.lv_obj_get_style_shadow_ofs_x
                0x0000000000003192       0x38 ./src/LVGL/src/widgets/lv_arc.o
 .text.lv_obj_get_style_shadow_ofs_y
                0x00000000000031ca       0x38 ./src/LVGL/src/widgets/lv_arc.o
 .text.lv_obj_get_style_shadow_spread
                0x0000000000003202       0x38 ./src/LVGL/src/widgets/lv_arc.o
 .text.lv_obj_get_style_arc_width
                0x000000000000323a       0x38 ./src/LVGL/src/widgets/lv_arc.o
 .text.lv_obj_get_style_arc_rounded
                0x0000000000003272       0x3c ./src/LVGL/src/widgets/lv_arc.o
 .text.lv_arc_create
                0x00000000000032ae       0x36 ./src/LVGL/src/widgets/lv_arc.o
                0x00000000000032ae                lv_arc_create
 .text.lv_arc_set_start_angle
                0x00000000000032e4      0x134 ./src/LVGL/src/widgets/lv_arc.o
                0x00000000000032e4                lv_arc_set_start_angle
 .text.lv_arc_set_end_angle
                0x0000000000003418      0x134 ./src/LVGL/src/widgets/lv_arc.o
                0x0000000000003418                lv_arc_set_end_angle
 .text.lv_arc_set_angles
                0x000000000000354c       0x3c ./src/LVGL/src/widgets/lv_arc.o
                0x000000000000354c                lv_arc_set_angles
 .text.lv_arc_set_bg_start_angle
                0x0000000000003588      0x128 ./src/LVGL/src/widgets/lv_arc.o
                0x0000000000003588                lv_arc_set_bg_start_angle
 .text.lv_arc_set_bg_end_angle
                0x00000000000036b0      0x128 ./src/LVGL/src/widgets/lv_arc.o
                0x00000000000036b0                lv_arc_set_bg_end_angle
 .text.lv_arc_set_bg_angles
                0x00000000000037d8       0x3c ./src/LVGL/src/widgets/lv_arc.o
                0x00000000000037d8                lv_arc_set_bg_angles
 .text.lv_arc_set_rotation
                0x0000000000003814       0x38 ./src/LVGL/src/widgets/lv_arc.o
                0x0000000000003814                lv_arc_set_rotation
 .text.lv_arc_set_value
                0x000000000000384c       0xa6 ./src/LVGL/src/widgets/lv_arc.o
                0x000000000000384c                lv_arc_set_value
 .text.lv_arc_get_value
                0x00000000000038f2       0x1a ./src/LVGL/src/widgets/lv_arc.o
                0x00000000000038f2                lv_arc_get_value
 .text.lv_arc_constructor
                0x000000000000390c       0xfe ./src/LVGL/src/widgets/lv_arc.o
 .text.lv_arc_event
                0x0000000000003a0a      0xaec ./src/LVGL/src/widgets/lv_arc.o
 .text.lv_arc_draw
                0x00000000000044f6      0x32e ./src/LVGL/src/widgets/lv_arc.o
 .text.inv_arc_area
                0x0000000000004824      0x152 ./src/LVGL/src/widgets/lv_arc.o
 .text.inv_knob_area
                0x0000000000004976       0x76 ./src/LVGL/src/widgets/lv_arc.o
 .text.get_center
                0x00000000000049ec      0x162 ./src/LVGL/src/widgets/lv_arc.o
 .text.get_angle
                0x0000000000004b4e      0x168 ./src/LVGL/src/widgets/lv_arc.o
 .text.get_knob_area
                0x0000000000004cb6      0x1f2 ./src/LVGL/src/widgets/lv_arc.o
 .text.value_update
                0x0000000000004ea8      0x216 ./src/LVGL/src/widgets/lv_arc.o
 .text.knob_get_extra_size
                0x00000000000050be      0x154 ./src/LVGL/src/widgets/lv_arc.o
 .text.lv_arc_angle_within_bg_bounds
                0x0000000000005212      0x276 ./src/LVGL/src/widgets/lv_arc.o
 .text.lv_area_copy
                0x0000000000005488       0x56 ./src/LVGL/src/widgets/lv_bar.o
 .text.lv_area_get_width
                0x00000000000054de       0x3e ./src/LVGL/src/widgets/lv_bar.o
 .text.lv_area_get_height
                0x000000000000551c       0x3e ./src/LVGL/src/widgets/lv_bar.o
 .text.lv_anim_set_var
                0x000000000000555a       0x20 ./src/LVGL/src/widgets/lv_bar.o
 .text.lv_anim_set_exec_cb
                0x000000000000557a       0x20 ./src/LVGL/src/widgets/lv_bar.o
 .text.lv_anim_set_time
                0x000000000000559a       0x20 ./src/LVGL/src/widgets/lv_bar.o
 .text.lv_anim_set_values
                0x00000000000055ba       0x38 ./src/LVGL/src/widgets/lv_bar.o
 .text.lv_anim_set_ready_cb
                0x00000000000055f2       0x20 ./src/LVGL/src/widgets/lv_bar.o
 .text.lv_obj_get_style_transform_width
                0x0000000000005612       0x38 ./src/LVGL/src/widgets/lv_bar.o
 .text.lv_obj_get_style_transform_height
                0x000000000000564a       0x38 ./src/LVGL/src/widgets/lv_bar.o
 .text.lv_obj_get_style_pad_top
                0x0000000000005682       0x36 ./src/LVGL/src/widgets/lv_bar.o
 .text.lv_obj_get_style_pad_bottom
                0x00000000000056b8       0x36 ./src/LVGL/src/widgets/lv_bar.o
 .text.lv_obj_get_style_pad_left
                0x00000000000056ee       0x36 ./src/LVGL/src/widgets/lv_bar.o
 .text.lv_obj_get_style_pad_right
                0x0000000000005724       0x36 ./src/LVGL/src/widgets/lv_bar.o
 .text.lv_obj_get_style_radius
                0x000000000000575a       0x36 ./src/LVGL/src/widgets/lv_bar.o
 .text.lv_obj_get_style_anim_time
                0x0000000000005790       0x34 ./src/LVGL/src/widgets/lv_bar.o
 .text.lv_obj_get_style_base_dir
                0x00000000000057c4       0x36 ./src/LVGL/src/widgets/lv_bar.o
 .text.lv_bar_set_value
                0x00000000000057fa       0x9e ./src/LVGL/src/widgets/lv_bar.o
                0x00000000000057fa                lv_bar_set_value
 .text.lv_bar_set_start_value
                0x0000000000005898       0xa4 ./src/LVGL/src/widgets/lv_bar.o
                0x0000000000005898                lv_bar_set_start_value
 .text.lv_bar_get_value
                0x000000000000593c       0x34 ./src/LVGL/src/widgets/lv_bar.o
                0x000000000000593c                lv_bar_get_value
 .text.lv_bar_get_start_value
                0x0000000000005970       0x50 ./src/LVGL/src/widgets/lv_bar.o
                0x0000000000005970                lv_bar_get_start_value
 .text.lv_bar_get_mode
                0x00000000000059c0       0x26 ./src/LVGL/src/widgets/lv_bar.o
                0x00000000000059c0                lv_bar_get_mode
 .text.lv_bar_constructor
                0x00000000000059e6       0xb4 ./src/LVGL/src/widgets/lv_bar.o
 .text.lv_bar_destructor
                0x0000000000005a9a       0x42 ./src/LVGL/src/widgets/lv_bar.o
 .text.draw_indic
                0x0000000000005adc      0xc4c ./src/LVGL/src/widgets/lv_bar.o
 .text.lv_bar_event
                0x0000000000006728      0x1b6 ./src/LVGL/src/widgets/lv_bar.o
 .text.lv_bar_anim
                0x00000000000068de       0x38 ./src/LVGL/src/widgets/lv_bar.o
 .text.lv_bar_anim_ready
                0x0000000000006916       0x80 ./src/LVGL/src/widgets/lv_bar.o
 .text.lv_bar_set_value_with_anim
                0x0000000000006996      0x10e ./src/LVGL/src/widgets/lv_bar.o
 .text.lv_bar_init_anim
                0x0000000000006aa4       0x38 ./src/LVGL/src/widgets/lv_bar.o
 .text.lv_btn_create
                0x0000000000006adc       0x36 ./src/LVGL/src/widgets/lv_btn.o
                0x0000000000006adc                lv_btn_create
 .text.lv_btn_constructor
                0x0000000000006b12       0x30 ./src/LVGL/src/widgets/lv_btn.o
 .text.lv_area_copy
                0x0000000000006b42       0x56 ./src/LVGL/src/widgets/lv_btnmatrix.o
 .text.lv_area_get_width
                0x0000000000006b98       0x3e ./src/LVGL/src/widgets/lv_btnmatrix.o
 .text.lv_area_get_height
                0x0000000000006bd6       0x3e ./src/LVGL/src/widgets/lv_btnmatrix.o
 .text.lv_obj_get_style_pad_top
                0x0000000000006c14       0x36 ./src/LVGL/src/widgets/lv_btnmatrix.o
 .text.lv_obj_get_style_pad_bottom
                0x0000000000006c4a       0x36 ./src/LVGL/src/widgets/lv_btnmatrix.o
 .text.lv_obj_get_style_pad_left
                0x0000000000006c80       0x36 ./src/LVGL/src/widgets/lv_btnmatrix.o
 .text.lv_obj_get_style_pad_right
                0x0000000000006cb6       0x36 ./src/LVGL/src/widgets/lv_btnmatrix.o
 .text.lv_obj_get_style_pad_row
                0x0000000000006cec       0x36 ./src/LVGL/src/widgets/lv_btnmatrix.o
 .text.lv_obj_get_style_pad_column
                0x0000000000006d22       0x36 ./src/LVGL/src/widgets/lv_btnmatrix.o
 .text.lv_obj_get_style_base_dir
                0x0000000000006d58       0x36 ./src/LVGL/src/widgets/lv_btnmatrix.o
 .text.lv_btnmatrix_create
                0x0000000000006d8e       0x36 ./src/LVGL/src/widgets/lv_btnmatrix.o
                0x0000000000006d8e                lv_btnmatrix_create
 .text.lv_btnmatrix_set_map
                0x0000000000006dc4      0x418 ./src/LVGL/src/widgets/lv_btnmatrix.o
                0x0000000000006dc4                lv_btnmatrix_set_map
 .text.lv_btnmatrix_set_ctrl_map
                0x00000000000071dc       0x4e ./src/LVGL/src/widgets/lv_btnmatrix.o
                0x00000000000071dc                lv_btnmatrix_set_ctrl_map
 .text.lv_btnmatrix_set_selected_btn
                0x000000000000722a       0x6e ./src/LVGL/src/widgets/lv_btnmatrix.o
                0x000000000000722a                lv_btnmatrix_set_selected_btn
 .text.lv_btnmatrix_set_btn_ctrl
                0x0000000000007298      0x126 ./src/LVGL/src/widgets/lv_btnmatrix.o
                0x0000000000007298                lv_btnmatrix_set_btn_ctrl
 .text.lv_btnmatrix_clear_btn_ctrl
                0x00000000000073be       0xc2 ./src/LVGL/src/widgets/lv_btnmatrix.o
                0x00000000000073be                lv_btnmatrix_clear_btn_ctrl
 .text.lv_btnmatrix_set_btn_ctrl_all
                0x0000000000007480       0x56 ./src/LVGL/src/widgets/lv_btnmatrix.o
                0x0000000000007480                lv_btnmatrix_set_btn_ctrl_all
 .text.lv_btnmatrix_clear_btn_ctrl_all
                0x00000000000074d6       0x56 ./src/LVGL/src/widgets/lv_btnmatrix.o
                0x00000000000074d6                lv_btnmatrix_clear_btn_ctrl_all
 .text.lv_btnmatrix_set_one_checked
                0x000000000000752c       0x4a ./src/LVGL/src/widgets/lv_btnmatrix.o
                0x000000000000752c                lv_btnmatrix_set_one_checked
 .text.lv_btnmatrix_get_selected_btn
                0x0000000000007576       0x22 ./src/LVGL/src/widgets/lv_btnmatrix.o
                0x0000000000007576                lv_btnmatrix_get_selected_btn
 .text.lv_btnmatrix_get_btn_text
                0x0000000000007598       0xc2 ./src/LVGL/src/widgets/lv_btnmatrix.o
                0x0000000000007598                lv_btnmatrix_get_btn_text
 .text.lv_btnmatrix_has_btn_ctrl
                0x000000000000765a       0x68 ./src/LVGL/src/widgets/lv_btnmatrix.o
                0x000000000000765a                lv_btnmatrix_has_btn_ctrl
 .text.lv_btnmatrix_constructor
                0x00000000000076c2       0x72 ./src/LVGL/src/widgets/lv_btnmatrix.o
 .text.lv_btnmatrix_destructor
                0x0000000000007734       0x4a ./src/LVGL/src/widgets/lv_btnmatrix.o
 .text.lv_btnmatrix_event
                0x000000000000777e      0xf14 ./src/LVGL/src/widgets/lv_btnmatrix.o
 .text.draw_main
                0x0000000000008692      0x78c ./src/LVGL/src/widgets/lv_btnmatrix.o
 .text.allocate_btn_areas_and_controls
                0x0000000000008e1e      0x162 ./src/LVGL/src/widgets/lv_btnmatrix.o
 .text.get_button_width
                0x0000000000008f80       0x30 ./src/LVGL/src/widgets/lv_btnmatrix.o
 .text.button_is_hidden
                0x0000000000008fb0       0x24 ./src/LVGL/src/widgets/lv_btnmatrix.o
 .text.button_is_checked
                0x0000000000008fd4       0x24 ./src/LVGL/src/widgets/lv_btnmatrix.o
 .text.button_is_repeat_disabled
                0x0000000000008ff8       0x24 ./src/LVGL/src/widgets/lv_btnmatrix.o
 .text.button_is_inactive
                0x000000000000901c       0x24 ./src/LVGL/src/widgets/lv_btnmatrix.o
 .text.button_is_click_trig
                0x0000000000009040       0x24 ./src/LVGL/src/widgets/lv_btnmatrix.o
 .text.button_is_popover
                0x0000000000009064       0x24 ./src/LVGL/src/widgets/lv_btnmatrix.o
 .text.button_is_checkable
                0x0000000000009088       0x24 ./src/LVGL/src/widgets/lv_btnmatrix.o
 .text.button_get_checked
                0x00000000000090ac       0x24 ./src/LVGL/src/widgets/lv_btnmatrix.o
 .text.button_is_recolor
                0x00000000000090d0       0x24 ./src/LVGL/src/widgets/lv_btnmatrix.o
 .text.get_button_from_point
                0x00000000000090f4      0x3f6 ./src/LVGL/src/widgets/lv_btnmatrix.o
 .text.invalidate_button_area
                0x00000000000094ea      0x210 ./src/LVGL/src/widgets/lv_btnmatrix.o
 .text.make_one_button_checked
                0x00000000000096fa       0x58 ./src/LVGL/src/widgets/lv_btnmatrix.o
 .text.has_popovers_in_top_row
                0x0000000000009752       0xac ./src/LVGL/src/widgets/lv_btnmatrix.o
 .text.lv_area_copy
                0x00000000000097fe       0x56 ./src/LVGL/src/widgets/lv_checkbox.o
 .text.lv_area_get_height
                0x0000000000009854       0x3e ./src/LVGL/src/widgets/lv_checkbox.o
 .text.lv_font_get_line_height
                0x0000000000009892       0x1a ./src/LVGL/src/widgets/lv_checkbox.o
 .text.lv_obj_get_style_transform_width
                0x00000000000098ac       0x38 ./src/LVGL/src/widgets/lv_checkbox.o
 .text.lv_obj_get_style_transform_height
                0x00000000000098e4       0x38 ./src/LVGL/src/widgets/lv_checkbox.o
 .text.lv_obj_get_style_pad_top
                0x000000000000991c       0x36 ./src/LVGL/src/widgets/lv_checkbox.o
 .text.lv_obj_get_style_pad_bottom
                0x0000000000009952       0x36 ./src/LVGL/src/widgets/lv_checkbox.o
 .text.lv_obj_get_style_pad_left
                0x0000000000009988       0x36 ./src/LVGL/src/widgets/lv_checkbox.o
 .text.lv_obj_get_style_pad_right
                0x00000000000099be       0x36 ./src/LVGL/src/widgets/lv_checkbox.o
 .text.lv_obj_get_style_pad_column
                0x00000000000099f4       0x36 ./src/LVGL/src/widgets/lv_checkbox.o
 .text.lv_obj_get_style_border_width
                0x0000000000009a2a       0x38 ./src/LVGL/src/widgets/lv_checkbox.o
 .text.lv_obj_get_style_text_font
                0x0000000000009a62       0x34 ./src/LVGL/src/widgets/lv_checkbox.o
 .text.lv_obj_get_style_text_letter_space
                0x0000000000009a96       0x38 ./src/LVGL/src/widgets/lv_checkbox.o
 .text.lv_obj_get_style_text_line_space
                0x0000000000009ace       0x38 ./src/LVGL/src/widgets/lv_checkbox.o
 .text.lv_checkbox_constructor
                0x0000000000009b06       0x60 ./src/LVGL/src/widgets/lv_checkbox.o
 .text.lv_checkbox_destructor
                0x0000000000009b66       0x46 ./src/LVGL/src/widgets/lv_checkbox.o
 .text.lv_checkbox_event
                0x0000000000009bac      0x234 ./src/LVGL/src/widgets/lv_checkbox.o
 .text.lv_checkbox_draw
                0x0000000000009de0      0x402 ./src/LVGL/src/widgets/lv_checkbox.o
 .text.lv_font_get_line_height
                0x000000000000a1e2       0x1a ./src/LVGL/src/widgets/lv_dropdown.o
 .text.lv_obj_get_style_transform_angle
                0x000000000000a1fc       0x38 ./src/LVGL/src/widgets/lv_dropdown.o
 .text.lv_obj_get_style_pad_top
                0x000000000000a234       0x36 ./src/LVGL/src/widgets/lv_dropdown.o
 .text.lv_obj_get_style_pad_bottom
                0x000000000000a26a       0x36 ./src/LVGL/src/widgets/lv_dropdown.o
 .text.lv_obj_get_style_pad_left
                0x000000000000a2a0       0x36 ./src/LVGL/src/widgets/lv_dropdown.o
 .text.lv_obj_get_style_pad_right
                0x000000000000a2d6       0x36 ./src/LVGL/src/widgets/lv_dropdown.o
 .text.lv_obj_get_style_border_width
                0x000000000000a30c       0x38 ./src/LVGL/src/widgets/lv_dropdown.o
 .text.lv_obj_get_style_text_font
                0x000000000000a344       0x34 ./src/LVGL/src/widgets/lv_dropdown.o
 .text.lv_obj_get_style_text_line_space
                0x000000000000a378       0x38 ./src/LVGL/src/widgets/lv_dropdown.o
 .text.lv_obj_get_style_base_dir
                0x000000000000a3b0       0x36 ./src/LVGL/src/widgets/lv_dropdown.o
 .text.lv_dropdown_create
                0x000000000000a3e6       0x36 ./src/LVGL/src/widgets/lv_dropdown.o
                0x000000000000a3e6                lv_dropdown_create
 .text.lv_dropdown_set_options
                0x000000000000a41c      0x140 ./src/LVGL/src/widgets/lv_dropdown.o
                0x000000000000a41c                lv_dropdown_set_options
 .text.lv_dropdown_set_options_static
                0x000000000000a55c      0x108 ./src/LVGL/src/widgets/lv_dropdown.o
                0x000000000000a55c                lv_dropdown_set_options_static
 .text.lv_dropdown_set_selected
                0x000000000000a664       0x8a ./src/LVGL/src/widgets/lv_dropdown.o
                0x000000000000a664                lv_dropdown_set_selected
 .text.lv_dropdown_get_options
                0x000000000000a6ee       0x32 ./src/LVGL/src/widgets/lv_dropdown.o
                0x000000000000a6ee                lv_dropdown_get_options
 .text.lv_dropdown_get_selected
                0x000000000000a720       0x22 ./src/LVGL/src/widgets/lv_dropdown.o
                0x000000000000a720                lv_dropdown_get_selected
 .text.lv_dropdown_get_selected_str
                0x000000000000a742      0x118 ./src/LVGL/src/widgets/lv_dropdown.o
                0x000000000000a742                lv_dropdown_get_selected_str
 .text.lv_dropdown_open
                0x000000000000a85a      0x4a8 ./src/LVGL/src/widgets/lv_dropdown.o
                0x000000000000a85a                lv_dropdown_open
 .text.lv_dropdown_close
                0x000000000000ad02       0x4e ./src/LVGL/src/widgets/lv_dropdown.o
                0x000000000000ad02                lv_dropdown_close
 .text.lv_dropdown_is_open
                0x000000000000ad50       0x36 ./src/LVGL/src/widgets/lv_dropdown.o
                0x000000000000ad50                lv_dropdown_is_open
 .text.lv_dropdown_list_create
                0x000000000000ad86       0x36 ./src/LVGL/src/widgets/lv_dropdown.o
 .text.lv_dropdown_constructor
                0x000000000000adbc       0xe4 ./src/LVGL/src/widgets/lv_dropdown.o
 .text.lv_dropdown_destructor
                0x000000000000aea0       0x62 ./src/LVGL/src/widgets/lv_dropdown.o
 .text.lv_dropdownlist_constructor
                0x000000000000af02       0x4e ./src/LVGL/src/widgets/lv_dropdown.o
 .text.lv_dropdownlist_destructor
                0x000000000000af50       0x38 ./src/LVGL/src/widgets/lv_dropdown.o
 .text.lv_dropdown_event
                0x000000000000af88      0x2b2 ./src/LVGL/src/widgets/lv_dropdown.o
 .text.lv_dropdown_list_event
                0x000000000000b23a       0xec ./src/LVGL/src/widgets/lv_dropdown.o
 .text.draw_main
                0x000000000000b326      0x55a ./src/LVGL/src/widgets/lv_dropdown.o
 .text.draw_list
                0x000000000000b880      0x178 ./src/LVGL/src/widgets/lv_dropdown.o
 .text.draw_box
                0x000000000000b9f8      0x1be ./src/LVGL/src/widgets/lv_dropdown.o
 .text.draw_box_label
                0x000000000000bbb6      0x210 ./src/LVGL/src/widgets/lv_dropdown.o
 .text.btn_release_handler
                0x000000000000bdc6       0xf2 ./src/LVGL/src/widgets/lv_dropdown.o
 .text.list_release_handler
                0x000000000000beb8      0x11c ./src/LVGL/src/widgets/lv_dropdown.o
 .text.list_press_handler
                0x000000000000bfd4       0x8c ./src/LVGL/src/widgets/lv_dropdown.o
 .text.get_id_on_point
                0x000000000000c060       0xe8 ./src/LVGL/src/widgets/lv_dropdown.o
 .text.position_to_selected
                0x000000000000c148       0xc8 ./src/LVGL/src/widgets/lv_dropdown.o
 .text.get_label
                0x000000000000c210       0x3a ./src/LVGL/src/widgets/lv_dropdown.o
 .text.lv_area_copy
                0x000000000000c24a       0x56 ./src/LVGL/src/widgets/lv_img.o
 .text.lv_area_get_width
                0x000000000000c2a0       0x3e ./src/LVGL/src/widgets/lv_img.o
 .text.lv_area_get_height
                0x000000000000c2de       0x3e ./src/LVGL/src/widgets/lv_img.o
 .text.lv_obj_get_style_pad_top
                0x000000000000c31c       0x36 ./src/LVGL/src/widgets/lv_img.o
 .text.lv_obj_get_style_pad_bottom
                0x000000000000c352       0x36 ./src/LVGL/src/widgets/lv_img.o
 .text.lv_obj_get_style_pad_left
                0x000000000000c388       0x36 ./src/LVGL/src/widgets/lv_img.o
 .text.lv_obj_get_style_pad_right
                0x000000000000c3be       0x36 ./src/LVGL/src/widgets/lv_img.o
 .text.lv_obj_get_style_border_width
                0x000000000000c3f4       0x38 ./src/LVGL/src/widgets/lv_img.o
 .text.lv_obj_get_style_img_opa
                0x000000000000c42c       0x38 ./src/LVGL/src/widgets/lv_img.o
 .text.lv_obj_get_style_text_font
                0x000000000000c464       0x34 ./src/LVGL/src/widgets/lv_img.o
 .text.lv_obj_get_style_text_letter_space
                0x000000000000c498       0x38 ./src/LVGL/src/widgets/lv_img.o
 .text.lv_obj_get_style_text_line_space
                0x000000000000c4d0       0x38 ./src/LVGL/src/widgets/lv_img.o
 .text.lv_img_create
                0x000000000000c508       0x36 ./src/LVGL/src/widgets/lv_img.o
                0x000000000000c508                lv_img_create
 .text.lv_img_set_src
                0x000000000000c53e      0x322 ./src/LVGL/src/widgets/lv_img.o
                0x000000000000c53e                lv_img_set_src
 .text.lv_img_constructor
                0x000000000000c860       0xda ./src/LVGL/src/widgets/lv_img.o
 .text.lv_img_destructor
                0x000000000000c93a       0x72 ./src/LVGL/src/widgets/lv_img.o
 .text.lv_img_get_transformed_size
                0x000000000000c9ac       0x9a ./src/LVGL/src/widgets/lv_img.o
 .text.lv_img_event
                0x000000000000ca46      0x434 ./src/LVGL/src/widgets/lv_img.o
 .text.draw_img
                0x000000000000ce7a      0xa52 ./src/LVGL/src/widgets/lv_img.o
 .text.lv_area_get_width
                0x000000000000d8cc       0x3e ./src/LVGL/src/widgets/lv_label.o
 .text.lv_area_get_height
                0x000000000000d90a       0x3e ./src/LVGL/src/widgets/lv_label.o
 .text.lv_font_get_line_height
                0x000000000000d948       0x1a ./src/LVGL/src/widgets/lv_label.o
 .text.lv_anim_set_var
                0x000000000000d962       0x20 ./src/LVGL/src/widgets/lv_label.o
 .text.lv_anim_set_exec_cb
                0x000000000000d982       0x20 ./src/LVGL/src/widgets/lv_label.o
 .text.lv_anim_set_time
                0x000000000000d9a2       0x20 ./src/LVGL/src/widgets/lv_label.o
 .text.lv_anim_set_values
                0x000000000000d9c2       0x38 ./src/LVGL/src/widgets/lv_label.o
 .text.lv_anim_set_playback_time
                0x000000000000d9fa       0x20 ./src/LVGL/src/widgets/lv_label.o
 .text.lv_anim_set_playback_delay
                0x000000000000da1a       0x20 ./src/LVGL/src/widgets/lv_label.o
 .text.lv_anim_set_repeat_count
                0x000000000000da3a       0x24 ./src/LVGL/src/widgets/lv_label.o
 .text.lv_anim_set_repeat_delay
                0x000000000000da5e       0x20 ./src/LVGL/src/widgets/lv_label.o
 .text.lv_bidi_calculate_align
                0x000000000000da7e       0x2e ./src/LVGL/src/widgets/lv_label.o
 .text.lv_obj_get_style_width
                0x000000000000daac       0x36 ./src/LVGL/src/widgets/lv_label.o
 .text.lv_obj_get_style_pad_top
                0x000000000000dae2       0x36 ./src/LVGL/src/widgets/lv_label.o
 .text.lv_obj_get_style_pad_left
                0x000000000000db18       0x36 ./src/LVGL/src/widgets/lv_label.o
 .text.lv_obj_get_style_bg_color
                0x000000000000db4e       0x34 ./src/LVGL/src/widgets/lv_label.o
 .text.lv_obj_get_style_text_color_filtered
                0x000000000000db82       0x44 ./src/LVGL/src/widgets/lv_label.o
 .text.lv_obj_get_style_text_font
                0x000000000000dbc6       0x34 ./src/LVGL/src/widgets/lv_label.o
 .text.lv_obj_get_style_text_letter_space
                0x000000000000dbfa       0x38 ./src/LVGL/src/widgets/lv_label.o
 .text.lv_obj_get_style_text_line_space
                0x000000000000dc32       0x38 ./src/LVGL/src/widgets/lv_label.o
 .text.lv_obj_get_style_anim
                0x000000000000dc6a       0x34 ./src/LVGL/src/widgets/lv_label.o
 .text.lv_obj_get_style_anim_speed
                0x000000000000dc9e       0x34 ./src/LVGL/src/widgets/lv_label.o
 .text.lv_label_create
                0x000000000000dcd2       0x36 ./src/LVGL/src/widgets/lv_label.o
                0x000000000000dcd2                lv_label_create
 .text.lv_label_set_text
                0x000000000000dd08      0x11c ./src/LVGL/src/widgets/lv_label.o
                0x000000000000dd08                lv_label_set_text
 .text.lv_label_set_text_fmt
                0x000000000000de24       0xb2 ./src/LVGL/src/widgets/lv_label.o
                0x000000000000de24                lv_label_set_text_fmt
 .text.lv_label_set_text_static
                0x000000000000ded6       0x76 ./src/LVGL/src/widgets/lv_label.o
                0x000000000000ded6                lv_label_set_text_static
 .text.lv_label_set_long_mode
                0x000000000000df4c       0xe6 ./src/LVGL/src/widgets/lv_label.o
                0x000000000000df4c                lv_label_set_long_mode
 .text.lv_label_set_text_sel_start
                0x000000000000e032       0x34 ./src/LVGL/src/widgets/lv_label.o
                0x000000000000e032                lv_label_set_text_sel_start
 .text.lv_label_set_text_sel_end
                0x000000000000e066       0x34 ./src/LVGL/src/widgets/lv_label.o
                0x000000000000e066                lv_label_set_text_sel_end
 .text.lv_label_get_text
                0x000000000000e09a       0x20 ./src/LVGL/src/widgets/lv_label.o
                0x000000000000e09a                lv_label_get_text
 .text.lv_label_get_recolor
                0x000000000000e0ba       0x30 ./src/LVGL/src/widgets/lv_label.o
                0x000000000000e0ba                lv_label_get_recolor
 .text.lv_label_get_letter_pos
                0x000000000000e0ea      0x3de ./src/LVGL/src/widgets/lv_label.o
                0x000000000000e0ea                lv_label_get_letter_pos
 .text.lv_label_get_letter_on
                0x000000000000e4c8      0x45a ./src/LVGL/src/widgets/lv_label.o
                0x000000000000e4c8                lv_label_get_letter_on
 .text.lv_label_is_char_under_pos
                0x000000000000e922      0x3d2 ./src/LVGL/src/widgets/lv_label.o
                0x000000000000e922                lv_label_is_char_under_pos
 .text.lv_label_get_text_selection_start
                0x000000000000ecf4       0x20 ./src/LVGL/src/widgets/lv_label.o
                0x000000000000ecf4                lv_label_get_text_selection_start
 .text.lv_label_get_text_selection_end
                0x000000000000ed14       0x20 ./src/LVGL/src/widgets/lv_label.o
                0x000000000000ed14                lv_label_get_text_selection_end
 .text.lv_label_ins_text
                0x000000000000ed34       0xe2 ./src/LVGL/src/widgets/lv_label.o
                0x000000000000ed34                lv_label_ins_text
 .text.lv_label_constructor
                0x000000000000ee16       0xd4 ./src/LVGL/src/widgets/lv_label.o
 .text.lv_label_destructor
                0x000000000000eeea       0x4e ./src/LVGL/src/widgets/lv_label.o
 .text.lv_label_event
                0x000000000000ef38      0x246 ./src/LVGL/src/widgets/lv_label.o
 .text.draw_main
                0x000000000000f17e      0x470 ./src/LVGL/src/widgets/lv_label.o
 .text.lv_label_refr_text
                0x000000000000f5ee      0x9be ./src/LVGL/src/widgets/lv_label.o
 .text.lv_label_revert_dots
                0x000000000000ffac       0xf0 ./src/LVGL/src/widgets/lv_label.o
 .text.lv_label_set_dot_tmp
                0x000000000001009c       0xb4 ./src/LVGL/src/widgets/lv_label.o
 .text.lv_label_get_dot_tmp
                0x0000000000010150       0x3c ./src/LVGL/src/widgets/lv_label.o
 .text.lv_label_dot_tmp_free
                0x000000000001018c       0x5c ./src/LVGL/src/widgets/lv_label.o
 .text.set_ofs_x_anim
                0x00000000000101e8       0x3c ./src/LVGL/src/widgets/lv_label.o
 .text.set_ofs_y_anim
                0x0000000000010224       0x3c ./src/LVGL/src/widgets/lv_label.o
 .text.lv_obj_get_style_line_width
                0x0000000000010260       0x38 ./src/LVGL/src/widgets/lv_line.o
 .text.lv_line_constructor
                0x0000000000010298       0x4a ./src/LVGL/src/widgets/lv_line.o
 .text.lv_line_event
                0x00000000000102e2      0x3ce ./src/LVGL/src/widgets/lv_line.o
 .text.lv_font_get_line_height
                0x00000000000106b0       0x1a ./src/LVGL/src/widgets/lv_roller.o
 .text.lv_anim_set_var
                0x00000000000106ca       0x20 ./src/LVGL/src/widgets/lv_roller.o
 .text.lv_anim_set_exec_cb
                0x00000000000106ea       0x20 ./src/LVGL/src/widgets/lv_roller.o
 .text.lv_anim_set_time
                0x000000000001070a       0x20 ./src/LVGL/src/widgets/lv_roller.o
 .text.lv_anim_set_values
                0x000000000001072a       0x38 ./src/LVGL/src/widgets/lv_roller.o
 .text.lv_anim_set_path_cb
                0x0000000000010762       0x20 ./src/LVGL/src/widgets/lv_roller.o
 .text.lv_anim_set_ready_cb
                0x0000000000010782       0x20 ./src/LVGL/src/widgets/lv_roller.o
 .text.lv_obj_get_style_pad_left
                0x00000000000107a2       0x36 ./src/LVGL/src/widgets/lv_roller.o
 .text.lv_obj_get_style_pad_right
                0x00000000000107d8       0x36 ./src/LVGL/src/widgets/lv_roller.o
 .text.lv_obj_get_style_border_width
                0x000000000001080e       0x38 ./src/LVGL/src/widgets/lv_roller.o
 .text.lv_obj_get_style_text_font
                0x0000000000010846       0x34 ./src/LVGL/src/widgets/lv_roller.o
 .text.lv_obj_get_style_text_letter_space
                0x000000000001087a       0x38 ./src/LVGL/src/widgets/lv_roller.o
 .text.lv_obj_get_style_text_line_space
                0x00000000000108b2       0x38 ./src/LVGL/src/widgets/lv_roller.o
 .text.lv_obj_get_style_anim_time
                0x00000000000108ea       0x34 ./src/LVGL/src/widgets/lv_roller.o
 .text.lv_roller_set_options
                0x000000000001091e      0x1e8 ./src/LVGL/src/widgets/lv_roller.o
                0x000000000001091e                lv_roller_set_options
 .text.lv_roller_set_selected
                0x0000000000010b06      0x15a ./src/LVGL/src/widgets/lv_roller.o
                0x0000000000010b06                lv_roller_set_selected
 .text.lv_roller_constructor
                0x0000000000010c60       0x8c ./src/LVGL/src/widgets/lv_roller.o
 .text.lv_roller_event
                0x0000000000010cec      0x384 ./src/LVGL/src/widgets/lv_roller.o
 .text.lv_roller_label_event
                0x0000000000011070       0xf8 ./src/LVGL/src/widgets/lv_roller.o
 .text.draw_main
                0x0000000000011168      0x342 ./src/LVGL/src/widgets/lv_roller.o
 .text.draw_label
                0x00000000000114aa      0x1de ./src/LVGL/src/widgets/lv_roller.o
 .text.get_sel_area
                0x0000000000011688      0x134 ./src/LVGL/src/widgets/lv_roller.o
 .text.refr_position
                0x00000000000117bc      0x26a ./src/LVGL/src/widgets/lv_roller.o
 .text.release_handler
                0x0000000000011a26      0x2e4 ./src/LVGL/src/widgets/lv_roller.o
 .text.inf_normalize
                0x0000000000011d0a      0x188 ./src/LVGL/src/widgets/lv_roller.o
 .text.get_label
                0x0000000000011e92       0x22 ./src/LVGL/src/widgets/lv_roller.o
 .text.get_selected_label_width
                0x0000000000011eb4       0x7a ./src/LVGL/src/widgets/lv_roller.o
 .text.scroll_anim_ready_cb
                0x0000000000011f2e       0x2e ./src/LVGL/src/widgets/lv_roller.o
 .text.set_y_anim
                0x0000000000011f5c       0x2c ./src/LVGL/src/widgets/lv_roller.o
 .text.lv_area_copy
                0x0000000000011f88       0x56 ./src/LVGL/src/widgets/lv_slider.o
 .text.lv_obj_get_style_transform_width
                0x0000000000011fde       0x38 ./src/LVGL/src/widgets/lv_slider.o
 .text.lv_obj_get_style_transform_height
                0x0000000000012016       0x38 ./src/LVGL/src/widgets/lv_slider.o
 .text.lv_obj_get_style_transform_zoom
                0x000000000001204e       0x38 ./src/LVGL/src/widgets/lv_slider.o
 .text.lv_obj_get_style_pad_top
                0x0000000000012086       0x36 ./src/LVGL/src/widgets/lv_slider.o
 .text.lv_obj_get_style_pad_bottom
                0x00000000000120bc       0x36 ./src/LVGL/src/widgets/lv_slider.o
 .text.lv_obj_get_style_pad_left
                0x00000000000120f2       0x36 ./src/LVGL/src/widgets/lv_slider.o
 .text.lv_obj_get_style_pad_right
                0x0000000000012128       0x36 ./src/LVGL/src/widgets/lv_slider.o
 .text.lv_obj_get_style_base_dir
                0x000000000001215e       0x36 ./src/LVGL/src/widgets/lv_slider.o
 .text.lv_slider_set_value
                0x0000000000012194       0x2e ./src/LVGL/src/widgets/lv_slider.o
 .text.lv_slider_set_left_value
                0x00000000000121c2       0x2e ./src/LVGL/src/widgets/lv_slider.o
 .text.lv_slider_get_value
                0x00000000000121f0       0x20 ./src/LVGL/src/widgets/lv_slider.o
 .text.lv_slider_get_left_value
                0x0000000000012210       0x20 ./src/LVGL/src/widgets/lv_slider.o
 .text.lv_slider_get_mode
                0x0000000000012230       0x42 ./src/LVGL/src/widgets/lv_slider.o
 .text.lv_slider_create
                0x0000000000012272       0x36 ./src/LVGL/src/widgets/lv_slider.o
                0x0000000000012272                lv_slider_create
 .text.lv_slider_constructor
                0x00000000000122a8       0x90 ./src/LVGL/src/widgets/lv_slider.o
 .text.lv_slider_event
                0x0000000000012338      0xadc ./src/LVGL/src/widgets/lv_slider.o
 .text.draw_knob
                0x0000000000012e14      0x2fc ./src/LVGL/src/widgets/lv_slider.o
 .text.position_knob
                0x0000000000013110      0x25c ./src/LVGL/src/widgets/lv_slider.o
 .text.is_slider_horizontal
                0x000000000001336c       0x3c ./src/LVGL/src/widgets/lv_slider.o
 .text.lv_area_copy
                0x00000000000133a8       0x56 ./src/LVGL/src/widgets/lv_switch.o
 .text.lv_area_get_width
                0x00000000000133fe       0x3e ./src/LVGL/src/widgets/lv_switch.o
 .text.lv_anim_set_var
                0x000000000001343c       0x20 ./src/LVGL/src/widgets/lv_switch.o
 .text.lv_anim_set_exec_cb
                0x000000000001345c       0x20 ./src/LVGL/src/widgets/lv_switch.o
 .text.lv_anim_set_time
                0x000000000001347c       0x20 ./src/LVGL/src/widgets/lv_switch.o
 .text.lv_anim_set_values
                0x000000000001349c       0x38 ./src/LVGL/src/widgets/lv_switch.o
 .text.lv_anim_set_ready_cb
                0x00000000000134d4       0x20 ./src/LVGL/src/widgets/lv_switch.o
 .text.lv_obj_get_style_pad_top
                0x00000000000134f4       0x36 ./src/LVGL/src/widgets/lv_switch.o
 .text.lv_obj_get_style_pad_bottom
                0x000000000001352a       0x36 ./src/LVGL/src/widgets/lv_switch.o
 .text.lv_obj_get_style_pad_left
                0x0000000000013560       0x36 ./src/LVGL/src/widgets/lv_switch.o
 .text.lv_obj_get_style_pad_right
                0x0000000000013596       0x36 ./src/LVGL/src/widgets/lv_switch.o
 .text.lv_obj_get_style_anim_time
                0x00000000000135cc       0x34 ./src/LVGL/src/widgets/lv_switch.o
 .text.lv_obj_get_style_base_dir
                0x0000000000013600       0x36 ./src/LVGL/src/widgets/lv_switch.o
 .text.lv_switch_constructor
                0x0000000000013636       0x4a ./src/LVGL/src/widgets/lv_switch.o
 .text.lv_switch_destructor
                0x0000000000013680       0x2c ./src/LVGL/src/widgets/lv_switch.o
 .text.lv_switch_event
                0x00000000000136ac      0x1d2 ./src/LVGL/src/widgets/lv_switch.o
 .text.draw_main
                0x000000000001387e      0x31e ./src/LVGL/src/widgets/lv_switch.o
 .text.lv_switch_anim_exec_cb
                0x0000000000013b9c       0x34 ./src/LVGL/src/widgets/lv_switch.o
 .text.lv_switch_anim_ready
                0x0000000000013bd0       0x30 ./src/LVGL/src/widgets/lv_switch.o
 .text.lv_switch_trigger_anim
                0x0000000000013c00      0x12a ./src/LVGL/src/widgets/lv_switch.o
 .text.lv_area_copy
                0x0000000000013d2a       0x56 ./src/LVGL/src/widgets/lv_table.o
 .text.lv_area_get_width
                0x0000000000013d80       0x3e ./src/LVGL/src/widgets/lv_table.o
 .text.lv_font_get_line_height
                0x0000000000013dbe       0x1a ./src/LVGL/src/widgets/lv_table.o
 .text.lv_obj_get_style_min_height
                0x0000000000013dd8       0x36 ./src/LVGL/src/widgets/lv_table.o
 .text.lv_obj_get_style_max_height
                0x0000000000013e0e       0x36 ./src/LVGL/src/widgets/lv_table.o
 .text.lv_obj_get_style_pad_top
                0x0000000000013e44       0x36 ./src/LVGL/src/widgets/lv_table.o
 .text.lv_obj_get_style_pad_bottom
                0x0000000000013e7a       0x36 ./src/LVGL/src/widgets/lv_table.o
 .text.lv_obj_get_style_pad_left
                0x0000000000013eb0       0x36 ./src/LVGL/src/widgets/lv_table.o
 .text.lv_obj_get_style_pad_right
                0x0000000000013ee6       0x36 ./src/LVGL/src/widgets/lv_table.o
 .text.lv_obj_get_style_border_width
                0x0000000000013f1c       0x38 ./src/LVGL/src/widgets/lv_table.o
 .text.lv_obj_get_style_text_font
                0x0000000000013f54       0x34 ./src/LVGL/src/widgets/lv_table.o
 .text.lv_obj_get_style_text_letter_space
                0x0000000000013f88       0x38 ./src/LVGL/src/widgets/lv_table.o
 .text.lv_obj_get_style_text_line_space
                0x0000000000013fc0       0x38 ./src/LVGL/src/widgets/lv_table.o
 .text.lv_obj_get_style_base_dir
                0x0000000000013ff8       0x36 ./src/LVGL/src/widgets/lv_table.o
 .text.is_cell_empty
                0x000000000001402e       0x1e ./src/LVGL/src/widgets/lv_table.o
 .text.lv_table_constructor
                0x000000000001404c       0xba ./src/LVGL/src/widgets/lv_table.o
 .text.lv_table_destructor
                0x0000000000014106      0x106 ./src/LVGL/src/widgets/lv_table.o
 .text.lv_table_event
                0x000000000001420c      0x49a ./src/LVGL/src/widgets/lv_table.o
 .text.draw_main
                0x00000000000146a6      0xa8a ./src/LVGL/src/widgets/lv_table.o
 .text.refr_size_form_row
                0x0000000000015130      0x180 ./src/LVGL/src/widgets/lv_table.o
 .text.get_row_height
                0x00000000000152b0      0x298 ./src/LVGL/src/widgets/lv_table.o
 .text.get_pressed_cell
                0x0000000000015548      0x296 ./src/LVGL/src/widgets/lv_table.o
 .text.get_cell_area
                0x00000000000157de      0x31a ./src/LVGL/src/widgets/lv_table.o
 .text.scroll_to_selected_cell
                0x0000000000015af8      0x122 ./src/LVGL/src/widgets/lv_table.o
 .text.lv_area_copy
                0x0000000000015c1a       0x56 ./src/LVGL/src/widgets/lv_textarea.o
 .text.lv_pct   0x0000000000015c70       0x48 ./src/LVGL/src/widgets/lv_textarea.o
 .text.lv_font_get_line_height
                0x0000000000015cb8       0x1a ./src/LVGL/src/widgets/lv_textarea.o
 .text.lv_anim_set_var
                0x0000000000015cd2       0x20 ./src/LVGL/src/widgets/lv_textarea.o
 .text.lv_anim_set_exec_cb
                0x0000000000015cf2       0x20 ./src/LVGL/src/widgets/lv_textarea.o
 .text.lv_anim_set_time
                0x0000000000015d12       0x20 ./src/LVGL/src/widgets/lv_textarea.o
 .text.lv_anim_set_values
                0x0000000000015d32       0x38 ./src/LVGL/src/widgets/lv_textarea.o
 .text.lv_anim_set_path_cb
                0x0000000000015d6a       0x20 ./src/LVGL/src/widgets/lv_textarea.o
 .text.lv_anim_set_ready_cb
                0x0000000000015d8a       0x20 ./src/LVGL/src/widgets/lv_textarea.o
 .text.lv_anim_set_playback_time
                0x0000000000015daa       0x20 ./src/LVGL/src/widgets/lv_textarea.o
 .text.lv_anim_set_repeat_count
                0x0000000000015dca       0x24 ./src/LVGL/src/widgets/lv_textarea.o
 .text.lv_obj_get_style_pad_top
                0x0000000000015dee       0x36 ./src/LVGL/src/widgets/lv_textarea.o
 .text.lv_obj_get_style_pad_bottom
                0x0000000000015e24       0x36 ./src/LVGL/src/widgets/lv_textarea.o
 .text.lv_obj_get_style_pad_left
                0x0000000000015e5a       0x36 ./src/LVGL/src/widgets/lv_textarea.o
 .text.lv_obj_get_style_pad_right
                0x0000000000015e90       0x36 ./src/LVGL/src/widgets/lv_textarea.o
 .text.lv_obj_get_style_border_width
                0x0000000000015ec6       0x38 ./src/LVGL/src/widgets/lv_textarea.o
 .text.lv_obj_get_style_text_color
                0x0000000000015efe       0x34 ./src/LVGL/src/widgets/lv_textarea.o
 .text.lv_obj_get_style_text_font
                0x0000000000015f32       0x34 ./src/LVGL/src/widgets/lv_textarea.o
 .text.lv_obj_get_style_text_line_space
                0x0000000000015f66       0x38 ./src/LVGL/src/widgets/lv_textarea.o
 .text.lv_obj_get_style_anim_time
                0x0000000000015f9e       0x34 ./src/LVGL/src/widgets/lv_textarea.o
 .text.lv_textarea_add_char
                0x0000000000015fd2      0x1b2 ./src/LVGL/src/widgets/lv_textarea.o
                0x0000000000015fd2                lv_textarea_add_char
 .text.lv_textarea_add_text
                0x0000000000016184      0x1b8 ./src/LVGL/src/widgets/lv_textarea.o
                0x0000000000016184                lv_textarea_add_text
 .text.lv_textarea_del_char
                0x000000000001633c      0x148 ./src/LVGL/src/widgets/lv_textarea.o
                0x000000000001633c                lv_textarea_del_char
 .text.lv_textarea_del_char_forward
                0x0000000000016484       0x46 ./src/LVGL/src/widgets/lv_textarea.o
                0x0000000000016484                lv_textarea_del_char_forward
 .text.lv_textarea_set_text
                0x00000000000164ca      0x178 ./src/LVGL/src/widgets/lv_textarea.o
                0x00000000000164ca                lv_textarea_set_text
 .text.lv_textarea_set_cursor_pos
                0x0000000000016642      0x1f6 ./src/LVGL/src/widgets/lv_textarea.o
                0x0000000000016642                lv_textarea_set_cursor_pos
 .text.lv_textarea_set_cursor_click_pos
                0x0000000000016838       0x46 ./src/LVGL/src/widgets/lv_textarea.o
                0x0000000000016838                lv_textarea_set_cursor_click_pos
 .text.lv_textarea_set_one_line
                0x000000000001687e       0xec ./src/LVGL/src/widgets/lv_textarea.o
                0x000000000001687e                lv_textarea_set_one_line
 .text.lv_textarea_get_text
                0x000000000001696a       0x4e ./src/LVGL/src/widgets/lv_textarea.o
                0x000000000001696a                lv_textarea_get_text
 .text.lv_textarea_get_cursor_pos
                0x00000000000169b8       0x20 ./src/LVGL/src/widgets/lv_textarea.o
                0x00000000000169b8                lv_textarea_get_cursor_pos
 .text.lv_textarea_get_password_bullet
                0x00000000000169d8       0x68 ./src/LVGL/src/widgets/lv_textarea.o
                0x00000000000169d8                lv_textarea_get_password_bullet
 .text.lv_textarea_get_one_line
                0x0000000000016a40       0x30 ./src/LVGL/src/widgets/lv_textarea.o
                0x0000000000016a40                lv_textarea_get_one_line
 .text.lv_textarea_get_accepted_chars
                0x0000000000016a70       0x20 ./src/LVGL/src/widgets/lv_textarea.o
                0x0000000000016a70                lv_textarea_get_accepted_chars
 .text.lv_textarea_get_max_length
                0x0000000000016a90       0x20 ./src/LVGL/src/widgets/lv_textarea.o
                0x0000000000016a90                lv_textarea_get_max_length
 .text.lv_textarea_clear_selection
                0x0000000000016ab0       0x6e ./src/LVGL/src/widgets/lv_textarea.o
                0x0000000000016ab0                lv_textarea_clear_selection
 .text.lv_textarea_cursor_right
                0x0000000000016b1e       0x3a ./src/LVGL/src/widgets/lv_textarea.o
                0x0000000000016b1e                lv_textarea_cursor_right
 .text.lv_textarea_cursor_left
                0x0000000000016b58       0x40 ./src/LVGL/src/widgets/lv_textarea.o
                0x0000000000016b58                lv_textarea_cursor_left
 .text.lv_textarea_cursor_down
                0x0000000000016b98       0xf6 ./src/LVGL/src/widgets/lv_textarea.o
                0x0000000000016b98                lv_textarea_cursor_down
 .text.lv_textarea_cursor_up
                0x0000000000016c8e       0xe2 ./src/LVGL/src/widgets/lv_textarea.o
                0x0000000000016c8e                lv_textarea_cursor_up
 .text.lv_textarea_constructor
                0x0000000000016d70      0x12c ./src/LVGL/src/widgets/lv_textarea.o
 .text.lv_textarea_destructor
                0x0000000000016e9c       0x76 ./src/LVGL/src/widgets/lv_textarea.o
 .text.lv_textarea_event
                0x0000000000016f12      0x1b4 ./src/LVGL/src/widgets/lv_textarea.o
 .text.label_event_cb
                0x00000000000170c6       0x68 ./src/LVGL/src/widgets/lv_textarea.o
 .text.cursor_blink_anim_cb
                0x000000000001712e      0x116 ./src/LVGL/src/widgets/lv_textarea.o
 .text.pwd_char_hider_anim
                0x0000000000017244       0x16 ./src/LVGL/src/widgets/lv_textarea.o
 .text.pwd_char_hider_anim_ready
                0x000000000001725a       0x26 ./src/LVGL/src/widgets/lv_textarea.o
 .text.pwd_char_hider
                0x0000000000017280       0xfa ./src/LVGL/src/widgets/lv_textarea.o
 .text.char_is_accepted
                0x000000000001737a       0xae ./src/LVGL/src/widgets/lv_textarea.o
 .text.start_cursor_blink
                0x0000000000017428       0xd6 ./src/LVGL/src/widgets/lv_textarea.o
 .text.refr_cursor_area
                0x00000000000174fe      0x4a2 ./src/LVGL/src/widgets/lv_textarea.o
 .text.update_cursor_position_on_click
                0x00000000000179a0      0x3a0 ./src/LVGL/src/widgets/lv_textarea.o
 .text.insert_handler
                0x0000000000017d40       0x7a ./src/LVGL/src/widgets/lv_textarea.o
 .text.draw_placeholder
                0x0000000000017dba      0x136 ./src/LVGL/src/widgets/lv_textarea.o
 .text.draw_cursor
                0x0000000000017ef0      0x264 ./src/LVGL/src/widgets/lv_textarea.o
 .text.auto_hide_characters
                0x0000000000018154       0xaa ./src/LVGL/src/widgets/lv_textarea.o
 .text.is_valid_but_non_printable_char
                0x00000000000181fe       0x32 ./src/LVGL/src/widgets/lv_textarea.o
 .text._lv_anim_core_init
                0x0000000000018230       0x42 ./src/LVGL/src/misc/lv_anim.o
                0x0000000000018230                _lv_anim_core_init
 .text.lv_anim_init
                0x0000000000018272       0x66 ./src/LVGL/src/misc/lv_anim.o
                0x0000000000018272                lv_anim_init
 .text.lv_anim_start
                0x00000000000182d8      0x12a ./src/LVGL/src/misc/lv_anim.o
                0x00000000000182d8                lv_anim_start
 .text.lv_anim_del
                0x0000000000018402       0xa6 ./src/LVGL/src/misc/lv_anim.o
                0x0000000000018402                lv_anim_del
 .text.lv_anim_get
                0x00000000000184a8       0x68 ./src/LVGL/src/misc/lv_anim.o
                0x00000000000184a8                lv_anim_get
 .text.lv_anim_speed_to_time
                0x0000000000018510       0x5e ./src/LVGL/src/misc/lv_anim.o
                0x0000000000018510                lv_anim_speed_to_time
 .text.lv_anim_path_linear
                0x000000000001856e       0x6e ./src/LVGL/src/misc/lv_anim.o
                0x000000000001856e                lv_anim_path_linear
 .text.lv_anim_path_ease_out
                0x00000000000185dc       0x8c ./src/LVGL/src/misc/lv_anim.o
                0x00000000000185dc                lv_anim_path_ease_out
 .text.lv_anim_path_ease_in_out
                0x0000000000018668       0x8c ./src/LVGL/src/misc/lv_anim.o
                0x0000000000018668                lv_anim_path_ease_in_out
 .text.lv_anim_path_step
                0x00000000000186f4       0x30 ./src/LVGL/src/misc/lv_anim.o
                0x00000000000186f4                lv_anim_path_step
 .text.anim_timer
                0x0000000000018724      0x206 ./src/LVGL/src/misc/lv_anim.o
 .text.anim_ready_handler
                0x000000000001892a      0x164 ./src/LVGL/src/misc/lv_anim.o
 .text.anim_mark_list_change
                0x0000000000018a8e       0x42 ./src/LVGL/src/misc/lv_anim.o
 .text.lv_area_get_width
                0x0000000000018ad0       0x3e ./src/LVGL/src/misc/lv_area.o
 .text.lv_area_get_height
                0x0000000000018b0e       0x3e ./src/LVGL/src/misc/lv_area.o
 .text.lv_area_set
                0x0000000000018b4c       0x5a ./src/LVGL/src/misc/lv_area.o
                0x0000000000018b4c                lv_area_set
 .text.lv_area_set_width
                0x0000000000018ba6       0x44 ./src/LVGL/src/misc/lv_area.o
                0x0000000000018ba6                lv_area_set_width
 .text.lv_area_set_height
                0x0000000000018bea       0x44 ./src/LVGL/src/misc/lv_area.o
                0x0000000000018bea                lv_area_set_height
 .text.lv_area_get_size
                0x0000000000018c2e       0x50 ./src/LVGL/src/misc/lv_area.o
                0x0000000000018c2e                lv_area_get_size
 .text.lv_area_increase
                0x0000000000018c7e       0xbc ./src/LVGL/src/misc/lv_area.o
                0x0000000000018c7e                lv_area_increase
 .text.lv_area_move
                0x0000000000018d3a       0xb8 ./src/LVGL/src/misc/lv_area.o
                0x0000000000018d3a                lv_area_move
 .text._lv_area_intersect
                0x0000000000018df2      0x120 ./src/LVGL/src/misc/lv_area.o
                0x0000000000018df2                _lv_area_intersect
 .text._lv_area_diff
                0x0000000000018f12      0x3e8 ./src/LVGL/src/misc/lv_area.o
                0x0000000000018f12                _lv_area_diff
 .text._lv_area_join
                0x00000000000192fa       0xea ./src/LVGL/src/misc/lv_area.o
                0x00000000000192fa                _lv_area_join
 .text._lv_area_is_point_on
                0x00000000000193e4      0x34e ./src/LVGL/src/misc/lv_area.o
                0x00000000000193e4                _lv_area_is_point_on
 .text._lv_area_is_on
                0x0000000000019732       0x6c ./src/LVGL/src/misc/lv_area.o
                0x0000000000019732                _lv_area_is_on
 .text._lv_area_is_in
                0x000000000001979e      0x188 ./src/LVGL/src/misc/lv_area.o
                0x000000000001979e                _lv_area_is_in
 .text._lv_area_is_out
                0x0000000000019926      0x150 ./src/LVGL/src/misc/lv_area.o
                0x0000000000019926                _lv_area_is_out
 .text.lv_point_transform
                0x0000000000019a76      0x3ce ./src/LVGL/src/misc/lv_area.o
                0x0000000000019a76                lv_point_transform
 .text.lv_point_within_circle
                0x0000000000019e44       0xec ./src/LVGL/src/misc/lv_area.o
 .text.lv_color_mix
                0x0000000000019f30       0xac ./src/LVGL/src/misc/lv_color.o
 .text.lv_color_make
                0x0000000000019fdc       0x80 ./src/LVGL/src/misc/lv_color.o
 .text.lv_color_black
                0x000000000001a05c       0x1e ./src/LVGL/src/misc/lv_color.o
 .text.lv_color_fill
                0x000000000001a07a      0x14a ./src/LVGL/src/misc/lv_color.o
                0x000000000001a07a                lv_color_fill
 .text.lv_color_darken
                0x000000000001a1c4       0x34 ./src/LVGL/src/misc/lv_color.o
                0x000000000001a1c4                lv_color_darken
 .text.lv_color_hsv_to_rgb
                0x000000000001a1f8      0x230 ./src/LVGL/src/misc/lv_color.o
                0x000000000001a1f8                lv_color_hsv_to_rgb
 .text.lv_palette_main
                0x000000000001a428       0x3c ./src/LVGL/src/misc/lv_color.o
                0x000000000001a428                lv_palette_main
 .text.lv_palette_lighten
                0x000000000001a464       0x70 ./src/LVGL/src/misc/lv_color.o
                0x000000000001a464                lv_palette_lighten
 .text.lv_palette_darken
                0x000000000001a4d4       0x6c ./src/LVGL/src/misc/lv_color.o
                0x000000000001a4d4                lv_palette_darken
 .text._lv_fs_init
                0x000000000001a540       0x1c ./src/LVGL/src/misc/lv_fs.o
                0x000000000001a540                _lv_fs_init
 .text.lv_fs_open
                0x000000000001a55c      0x110 ./src/LVGL/src/misc/lv_fs.o
                0x000000000001a55c                lv_fs_open
 .text.lv_fs_close
                0x000000000001a66c       0xa4 ./src/LVGL/src/misc/lv_fs.o
                0x000000000001a66c                lv_fs_close
 .text.lv_fs_read_cached
                0x000000000001a710      0x2fc ./src/LVGL/src/misc/lv_fs.o
 .text.lv_fs_read
                0x000000000001aa0c       0xb8 ./src/LVGL/src/misc/lv_fs.o
                0x000000000001aa0c                lv_fs_read
 .text.lv_fs_seek
                0x000000000001aac4      0x1dc ./src/LVGL/src/misc/lv_fs.o
                0x000000000001aac4                lv_fs_seek
 .text.lv_fs_get_drv
                0x000000000001aca0       0x54 ./src/LVGL/src/misc/lv_fs.o
                0x000000000001aca0                lv_fs_get_drv
 .text.lv_fs_get_ext
                0x000000000001acf4       0x96 ./src/LVGL/src/misc/lv_fs.o
                0x000000000001acf4                lv_fs_get_ext
 .text.lv_fs_get_real_path
                0x000000000001ad8a       0x3a ./src/LVGL/src/misc/lv_fs.o
 .text._lv_ll_init
                0x000000000001adc4       0x3c ./src/LVGL/src/misc/lv_ll.o
                0x000000000001adc4                _lv_ll_init
 .text._lv_ll_ins_head
                0x000000000001ae00       0x86 ./src/LVGL/src/misc/lv_ll.o
                0x000000000001ae00                _lv_ll_ins_head
 .text._lv_ll_ins_prev
                0x000000000001ae86       0xb6 ./src/LVGL/src/misc/lv_ll.o
                0x000000000001ae86                _lv_ll_ins_prev
 .text._lv_ll_ins_tail
                0x000000000001af3c       0x86 ./src/LVGL/src/misc/lv_ll.o
                0x000000000001af3c                _lv_ll_ins_tail
 .text._lv_ll_remove
                0x000000000001afc2       0xe8 ./src/LVGL/src/misc/lv_ll.o
                0x000000000001afc2                _lv_ll_remove
 .text._lv_ll_clear
                0x000000000001b0aa       0x56 ./src/LVGL/src/misc/lv_ll.o
                0x000000000001b0aa                _lv_ll_clear
 .text._lv_ll_get_head
                0x000000000001b100       0x22 ./src/LVGL/src/misc/lv_ll.o
                0x000000000001b100                _lv_ll_get_head
 .text._lv_ll_get_tail
                0x000000000001b122       0x22 ./src/LVGL/src/misc/lv_ll.o
                0x000000000001b122                _lv_ll_get_tail
 .text._lv_ll_get_next
                0x000000000001b144       0x36 ./src/LVGL/src/misc/lv_ll.o
                0x000000000001b144                _lv_ll_get_next
 .text._lv_ll_get_prev
                0x000000000001b17a       0x34 ./src/LVGL/src/misc/lv_ll.o
                0x000000000001b17a                _lv_ll_get_prev
 .text._lv_ll_get_len
                0x000000000001b1ae       0x4c ./src/LVGL/src/misc/lv_ll.o
                0x000000000001b1ae                _lv_ll_get_len
 .text._lv_ll_is_empty
                0x000000000001b1fa       0x32 ./src/LVGL/src/misc/lv_ll.o
                0x000000000001b1fa                _lv_ll_is_empty
 .text.node_set_prev
                0x000000000001b22c       0x56 ./src/LVGL/src/misc/lv_ll.o
 .text.node_set_next
                0x000000000001b282       0x58 ./src/LVGL/src/misc/lv_ll.o
 .text.lv_trigo_sin
                0x000000000001b2da      0x136 ./src/LVGL/src/misc/lv_math.o
                0x000000000001b2da                lv_trigo_sin
 .text.lv_bezier3
                0x000000000001b410       0xf4 ./src/LVGL/src/misc/lv_math.o
                0x000000000001b410                lv_bezier3
 .text.lv_atan2
                0x000000000001b504      0x1ec ./src/LVGL/src/misc/lv_math.o
                0x000000000001b504                lv_atan2
 .text.lv_pow   0x000000000001b6f0       0xd2 ./src/LVGL/src/misc/lv_math.o
                0x000000000001b6f0                lv_pow
 .text.lv_map   0x000000000001b7c2       0xda ./src/LVGL/src/misc/lv_math.o
                0x000000000001b7c2                lv_map
 .text.lv_mem_init
                0x000000000001b89c        0xe ./src/LVGL/src/misc/lv_mem.o
                0x000000000001b89c                lv_mem_init
 .text.lv_mem_alloc
                0x000000000001b8aa       0x38 ./src/LVGL/src/misc/lv_mem.o
                0x000000000001b8aa                lv_mem_alloc
 .text.lv_mem_free
                0x000000000001b8e2       0x3a ./src/LVGL/src/misc/lv_mem.o
                0x000000000001b8e2                lv_mem_free
 .text.lv_mem_realloc
                0x000000000001b91c       0x6c ./src/LVGL/src/misc/lv_mem.o
                0x000000000001b91c                lv_mem_realloc
 .text.lv_mem_buf_get
                0x000000000001b988      0x1d6 ./src/LVGL/src/misc/lv_mem.o
                0x000000000001b988                lv_mem_buf_get
 .text.lv_mem_buf_release
                0x000000000001bb5e       0x58 ./src/LVGL/src/misc/lv_mem.o
                0x000000000001bb5e                lv_mem_buf_release
 .text.lv_mem_buf_free_all
                0x000000000001bbb6       0x86 ./src/LVGL/src/misc/lv_mem.o
                0x000000000001bbb6                lv_mem_buf_free_all
 .text.lv_memcpy
                0x000000000001bc3c      0x720 ./src/LVGL/src/misc/lv_mem.o
                0x000000000001bc3c                lv_memcpy
 .text.lv_memset
                0x000000000001c35c      0x1b4 ./src/LVGL/src/misc/lv_mem.o
                0x000000000001c35c                lv_memset
 .text.lv_memset_00
                0x000000000001c510      0x174 ./src/LVGL/src/misc/lv_mem.o
                0x000000000001c510                lv_memset_00
 .text.lv_memset_ff
                0x000000000001c684      0x178 ./src/LVGL/src/misc/lv_mem.o
                0x000000000001c684                lv_memset_ff
 .text._out_buffer
                0x000000000001c7fc       0x3e ./src/LVGL/src/misc/lv_printf.o
 .text._out_null
                0x000000000001c83a       0x20 ./src/LVGL/src/misc/lv_printf.o
 .text._strnlen_s
                0x000000000001c85a       0x4e ./src/LVGL/src/misc/lv_printf.o
 .text._is_digit
                0x000000000001c8a8       0x38 ./src/LVGL/src/misc/lv_printf.o
 .text._atoi    0x000000000001c8e0       0x60 ./src/LVGL/src/misc/lv_printf.o
 .text._out_rev
                0x000000000001c940      0x108 ./src/LVGL/src/misc/lv_printf.o
 .text._ntoa_format
                0x000000000001ca48      0x260 ./src/LVGL/src/misc/lv_printf.o
 .text._ntoa_long
                0x000000000001cca8      0x10e ./src/LVGL/src/misc/lv_printf.o
 .text._ntoa_long_long
                0x000000000001cdb6      0x138 ./src/LVGL/src/misc/lv_printf.o
 .text._vsnprintf
                0x000000000001ceee      0xab8 ./src/LVGL/src/misc/lv_printf.o
 .text.lv_snprintf
                0x000000000001d9a6       0x5c ./src/LVGL/src/misc/lv_printf.o
                0x000000000001d9a6                lv_snprintf
 .text.lv_vsnprintf
                0x000000000001da02       0x40 ./src/LVGL/src/misc/lv_printf.o
                0x000000000001da02                lv_vsnprintf
 .text.lv_color_make
                0x000000000001da42       0x80 ./src/LVGL/src/misc/lv_style.o
 .text.lv_color_white
                0x000000000001dac2       0x24 ./src/LVGL/src/misc/lv_style.o
 .text.lv_color_black
                0x000000000001dae6       0x1e ./src/LVGL/src/misc/lv_style.o
 .text.lv_style_get_prop_inlined
                0x000000000001db04      0x216 ./src/LVGL/src/misc/lv_style.o
 .text.lv_style_init
                0x000000000001dd1a       0x20 ./src/LVGL/src/misc/lv_style.o
                0x000000000001dd1a                lv_style_init
 .text.lv_style_reset
                0x000000000001dd3a       0x4c ./src/LVGL/src/misc/lv_style.o
                0x000000000001dd3a                lv_style_reset
 .text.lv_style_register_prop
                0x000000000001dd86       0xfa ./src/LVGL/src/misc/lv_style.o
                0x000000000001dd86                lv_style_register_prop
 .text.lv_style_remove_prop
                0x000000000001de80      0x246 ./src/LVGL/src/misc/lv_style.o
                0x000000000001de80                lv_style_remove_prop
 .text.lv_style_set_prop
                0x000000000001e0c6       0x34 ./src/LVGL/src/misc/lv_style.o
                0x000000000001e0c6                lv_style_set_prop
 .text.lv_style_get_prop
                0x000000000001e0fa       0x30 ./src/LVGL/src/misc/lv_style.o
                0x000000000001e0fa                lv_style_get_prop
 .text.lv_style_transition_dsc_init
                0x000000000001e12a       0x76 ./src/LVGL/src/misc/lv_style.o
                0x000000000001e12a                lv_style_transition_dsc_init
 .text.lv_style_prop_get_default
                0x000000000001e1a0       0xa0 ./src/LVGL/src/misc/lv_style.o
                0x000000000001e1a0                lv_style_prop_get_default
 .text.lv_style_is_empty
                0x000000000001e240       0x22 ./src/LVGL/src/misc/lv_style.o
                0x000000000001e240                lv_style_is_empty
 .text._lv_style_get_prop_group
                0x000000000001e262       0x3a ./src/LVGL/src/misc/lv_style.o
                0x000000000001e262                _lv_style_get_prop_group
 .text._lv_style_prop_lookup_flags
                0x000000000001e29c       0x82 ./src/LVGL/src/misc/lv_style.o
                0x000000000001e29c                _lv_style_prop_lookup_flags
 .text.lv_style_set_prop_helper
                0x000000000001e31e       0x3a ./src/LVGL/src/misc/lv_style.o
 .text.lv_style_set_prop_internal
                0x000000000001e358      0x36a ./src/LVGL/src/misc/lv_style.o
 .text.lv_style_set_width
                0x000000000001e6c2       0x32 ./src/LVGL/src/misc/lv_style_gen.o
                0x000000000001e6c2                lv_style_set_width
 .text.lv_style_set_max_width
                0x000000000001e6f4       0x32 ./src/LVGL/src/misc/lv_style_gen.o
                0x000000000001e6f4                lv_style_set_max_width
 .text.lv_style_set_height
                0x000000000001e726       0x32 ./src/LVGL/src/misc/lv_style_gen.o
                0x000000000001e726                lv_style_set_height
 .text.lv_style_set_max_height
                0x000000000001e758       0x32 ./src/LVGL/src/misc/lv_style_gen.o
                0x000000000001e758                lv_style_set_max_height
 .text.lv_style_set_transform_width
                0x000000000001e78a       0x34 ./src/LVGL/src/misc/lv_style_gen.o
                0x000000000001e78a                lv_style_set_transform_width
 .text.lv_style_set_transform_height
                0x000000000001e7be       0x34 ./src/LVGL/src/misc/lv_style_gen.o
                0x000000000001e7be                lv_style_set_transform_height
 .text.lv_style_set_pad_top
                0x000000000001e7f2       0x32 ./src/LVGL/src/misc/lv_style_gen.o
                0x000000000001e7f2                lv_style_set_pad_top
 .text.lv_style_set_pad_bottom
                0x000000000001e824       0x32 ./src/LVGL/src/misc/lv_style_gen.o
                0x000000000001e824                lv_style_set_pad_bottom
 .text.lv_style_set_pad_left
                0x000000000001e856       0x32 ./src/LVGL/src/misc/lv_style_gen.o
                0x000000000001e856                lv_style_set_pad_left
 .text.lv_style_set_pad_right
                0x000000000001e888       0x32 ./src/LVGL/src/misc/lv_style_gen.o
                0x000000000001e888                lv_style_set_pad_right
 .text.lv_style_set_pad_row
                0x000000000001e8ba       0x32 ./src/LVGL/src/misc/lv_style_gen.o
                0x000000000001e8ba                lv_style_set_pad_row
 .text.lv_style_set_pad_column
                0x000000000001e8ec       0x32 ./src/LVGL/src/misc/lv_style_gen.o
                0x000000000001e8ec                lv_style_set_pad_column
 .text.lv_style_set_bg_color
                0x000000000001e91e       0x36 ./src/LVGL/src/misc/lv_style_gen.o
                0x000000000001e91e                lv_style_set_bg_color
 .text.lv_style_set_bg_opa
                0x000000000001e954       0x34 ./src/LVGL/src/misc/lv_style_gen.o
                0x000000000001e954                lv_style_set_bg_opa
 .text.lv_style_set_bg_grad_color
                0x000000000001e988       0x36 ./src/LVGL/src/misc/lv_style_gen.o
                0x000000000001e988                lv_style_set_bg_grad_color
 .text.lv_style_set_bg_img_src
                0x000000000001e9be       0x32 ./src/LVGL/src/misc/lv_style_gen.o
                0x000000000001e9be                lv_style_set_bg_img_src
 .text.lv_style_set_border_color
                0x000000000001e9f0       0x36 ./src/LVGL/src/misc/lv_style_gen.o
                0x000000000001e9f0                lv_style_set_border_color
 .text.lv_style_set_border_opa
                0x000000000001ea26       0x34 ./src/LVGL/src/misc/lv_style_gen.o
                0x000000000001ea26                lv_style_set_border_opa
 .text.lv_style_set_border_width
                0x000000000001ea5a       0x34 ./src/LVGL/src/misc/lv_style_gen.o
                0x000000000001ea5a                lv_style_set_border_width
 .text.lv_style_set_border_side
                0x000000000001ea8e       0x34 ./src/LVGL/src/misc/lv_style_gen.o
                0x000000000001ea8e                lv_style_set_border_side
 .text.lv_style_set_border_post
                0x000000000001eac2       0x34 ./src/LVGL/src/misc/lv_style_gen.o
                0x000000000001eac2                lv_style_set_border_post
 .text.lv_style_set_outline_width
                0x000000000001eaf6       0x34 ./src/LVGL/src/misc/lv_style_gen.o
                0x000000000001eaf6                lv_style_set_outline_width
 .text.lv_style_set_outline_color
                0x000000000001eb2a       0x36 ./src/LVGL/src/misc/lv_style_gen.o
                0x000000000001eb2a                lv_style_set_outline_color
 .text.lv_style_set_outline_opa
                0x000000000001eb60       0x34 ./src/LVGL/src/misc/lv_style_gen.o
                0x000000000001eb60                lv_style_set_outline_opa
 .text.lv_style_set_outline_pad
                0x000000000001eb94       0x34 ./src/LVGL/src/misc/lv_style_gen.o
                0x000000000001eb94                lv_style_set_outline_pad
 .text.lv_style_set_shadow_width
                0x000000000001ebc8       0x34 ./src/LVGL/src/misc/lv_style_gen.o
                0x000000000001ebc8                lv_style_set_shadow_width
 .text.lv_style_set_shadow_ofs_y
                0x000000000001ebfc       0x34 ./src/LVGL/src/misc/lv_style_gen.o
                0x000000000001ebfc                lv_style_set_shadow_ofs_y
 .text.lv_style_set_shadow_spread
                0x000000000001ec30       0x34 ./src/LVGL/src/misc/lv_style_gen.o
                0x000000000001ec30                lv_style_set_shadow_spread
 .text.lv_style_set_shadow_color
                0x000000000001ec64       0x36 ./src/LVGL/src/misc/lv_style_gen.o
                0x000000000001ec64                lv_style_set_shadow_color
 .text.lv_style_set_shadow_opa
                0x000000000001ec9a       0x34 ./src/LVGL/src/misc/lv_style_gen.o
                0x000000000001ec9a                lv_style_set_shadow_opa
 .text.lv_style_set_line_width
                0x000000000001ecce       0x34 ./src/LVGL/src/misc/lv_style_gen.o
                0x000000000001ecce                lv_style_set_line_width
 .text.lv_style_set_line_color
                0x000000000001ed02       0x36 ./src/LVGL/src/misc/lv_style_gen.o
                0x000000000001ed02                lv_style_set_line_color
 .text.lv_style_set_arc_width
                0x000000000001ed38       0x34 ./src/LVGL/src/misc/lv_style_gen.o
                0x000000000001ed38                lv_style_set_arc_width
 .text.lv_style_set_arc_rounded
                0x000000000001ed6c       0x34 ./src/LVGL/src/misc/lv_style_gen.o
                0x000000000001ed6c                lv_style_set_arc_rounded
 .text.lv_style_set_arc_color
                0x000000000001eda0       0x36 ./src/LVGL/src/misc/lv_style_gen.o
                0x000000000001eda0                lv_style_set_arc_color
 .text.lv_style_set_text_color
                0x000000000001edd6       0x36 ./src/LVGL/src/misc/lv_style_gen.o
                0x000000000001edd6                lv_style_set_text_color
 .text.lv_style_set_text_font
                0x000000000001ee0c       0x32 ./src/LVGL/src/misc/lv_style_gen.o
                0x000000000001ee0c                lv_style_set_text_font
 .text.lv_style_set_text_line_space
                0x000000000001ee3e       0x34 ./src/LVGL/src/misc/lv_style_gen.o
                0x000000000001ee3e                lv_style_set_text_line_space
 .text.lv_style_set_text_align
                0x000000000001ee72       0x34 ./src/LVGL/src/misc/lv_style_gen.o
                0x000000000001ee72                lv_style_set_text_align
 .text.lv_style_set_radius
                0x000000000001eea6       0x32 ./src/LVGL/src/misc/lv_style_gen.o
                0x000000000001eea6                lv_style_set_radius
 .text.lv_style_set_clip_corner
                0x000000000001eed8       0x32 ./src/LVGL/src/misc/lv_style_gen.o
                0x000000000001eed8                lv_style_set_clip_corner
 .text.lv_style_set_color_filter_dsc
                0x000000000001ef0a       0x32 ./src/LVGL/src/misc/lv_style_gen.o
                0x000000000001ef0a                lv_style_set_color_filter_dsc
 .text.lv_style_set_color_filter_opa
                0x000000000001ef3c       0x34 ./src/LVGL/src/misc/lv_style_gen.o
                0x000000000001ef3c                lv_style_set_color_filter_opa
 .text.lv_style_set_anim_time
                0x000000000001ef70       0x32 ./src/LVGL/src/misc/lv_style_gen.o
                0x000000000001ef70                lv_style_set_anim_time
 .text.lv_style_set_transition
                0x000000000001efa2       0x32 ./src/LVGL/src/misc/lv_style_gen.o
                0x000000000001efa2                lv_style_set_transition
 .text._lv_timer_core_init
                0x000000000001efd4       0x20 ./src/LVGL/src/misc/lv_timer.o
                0x000000000001efd4                _lv_timer_core_init
 .text.lv_timer_handler
                0x000000000001eff4      0x1ec ./src/LVGL/src/misc/lv_timer.o
                0x000000000001eff4                lv_timer_handler
 .text.lv_timer_create
                0x000000000001f1e0       0x8e ./src/LVGL/src/misc/lv_timer.o
                0x000000000001f1e0                lv_timer_create
 .text.lv_timer_del
                0x000000000001f26e       0x34 ./src/LVGL/src/misc/lv_timer.o
                0x000000000001f26e                lv_timer_del
 .text.lv_timer_pause
                0x000000000001f2a2       0x22 ./src/LVGL/src/misc/lv_timer.o
                0x000000000001f2a2                lv_timer_pause
 .text.lv_timer_resume
                0x000000000001f2c4       0x20 ./src/LVGL/src/misc/lv_timer.o
                0x000000000001f2c4                lv_timer_resume
 .text.lv_timer_ready
                0x000000000001f2e4       0x30 ./src/LVGL/src/misc/lv_timer.o
                0x000000000001f2e4                lv_timer_ready
 .text.lv_timer_enable
                0x000000000001f314       0x20 ./src/LVGL/src/misc/lv_timer.o
                0x000000000001f314                lv_timer_enable
 .text.lv_timer_get_idle
                0x000000000001f334       0x16 ./src/LVGL/src/misc/lv_timer.o
                0x000000000001f334                lv_timer_get_idle
 .text.lv_timer_exec
                0x000000000001f34a       0xae ./src/LVGL/src/misc/lv_timer.o
 .text.lv_timer_time_remaining
                0x000000000001f3f8       0x46 ./src/LVGL/src/misc/lv_timer.o
 .text.lv_font_get_line_height
                0x000000000001f43e       0x1a ./src/LVGL/src/misc/lv_txt.o
 .text._lv_txt_is_break_char
                0x000000000001f458       0x82 ./src/LVGL/src/misc/lv_txt.o
 .text.lv_memcpy_small
                0x000000000001f4da       0x64 ./src/LVGL/src/misc/lv_txt.o
 .text.lv_txt_get_size
                0x000000000001f53e      0x23c ./src/LVGL/src/misc/lv_txt.o