Archive member included to satisfy reference by file (symbol)

c:\Users\ql\Desktop\工作\1.28IPS电容触摸技术资料\新建文件夹\g\LVGLtest\StdPeriphDriver\libISP583.a(ISP583.o)
                              ./StdPeriphDriver/CH58x_flash.o (FLASH_EEPROM_CMD)
c:/mounriver/mounriver_studio2/resources/app/resources/win32/components/wch/toolchain/risc-v embedded gcc/bin/../lib/gcc/riscv-none-embed/8.2.0/rv32imac/ilp32\libgcc.a(_ffssi2.o)
                              ./src/LVGL/src/misc/lv_tlsf.o (__ffssi2)
c:/mounriver/mounriver_studio2/resources/app/resources/win32/components/wch/toolchain/risc-v embedded gcc/bin/../lib/gcc/riscv-none-embed/8.2.0/rv32imac/ilp32\libgcc.a(_clz.o)
                              c:/mounriver/mounriver_studio2/resources/app/resources/win32/components/wch/toolchain/risc-v embedded gcc/bin/../lib/gcc/riscv-none-embed/8.2.0/rv32imac/ilp32\libgcc.a(_ffssi2.o) (__clz_tab)
c:/mounriver/mounriver_studio2/resources/app/resources/win32/components/wch/toolchain/risc-v embedded gcc/bin/../lib/gcc/riscv-none-embed/8.2.0/rv32imac/ilp32\libgcc.a(_clzsi2.o)
                              ./src/LVGL/src/misc/lv_tlsf.o (__clzsi2)
c:/mounriver/mounriver_studio2/resources/app/resources/win32/components/wch/toolchain/risc-v embedded gcc/bin/../lib/gcc/riscv-none-embed/8.2.0/rv32imac/ilp32\libgcc.a(_udivdi3.o)
                              ./src/LVGL/src/misc/lv_printf.o (__udivdi3)
c:/mounriver/mounriver_studio2/resources/app/resources/win32/components/wch/toolchain/risc-v embedded gcc/bin/../lib/gcc/riscv-none-embed/8.2.0/rv32imac/ilp32\libgcc.a(_umoddi3.o)
                              ./src/LVGL/src/misc/lv_printf.o (__umoddi3)
c:/mounriver/mounriver_studio2/resources/app/resources/win32/components/wch/toolchain/risc-v embedded gcc/bin/../lib/gcc/riscv-none-embed/8.2.0/rv32imac/ilp32\libgcc.a(mulsf3.o)
                              ./src/lcd.o (__mulsf3)
c:/mounriver/mounriver_studio2/resources/app/resources/win32/components/wch/toolchain/risc-v embedded gcc/bin/../lib/gcc/riscv-none-embed/8.2.0/rv32imac/ilp32\libgcc.a(fixunssfsi.o)
                              ./src/lcd.o (__fixunssfsi)
c:/mounriver/mounriver_studio2/resources/app/resources/win32/components/wch/toolchain/risc-v embedded gcc/bin/../lib/gcc/riscv-none-embed/8.2.0/../../../../riscv-none-embed/lib/rv32imac/ilp32\libg_nano.a(lib_a-memcmp.o)
                              ./src/LVGL/src/widgets/lv_dropdown.o (memcmp)
c:/mounriver/mounriver_studio2/resources/app/resources/win32/components/wch/toolchain/risc-v embedded gcc/bin/../lib/gcc/riscv-none-embed/8.2.0/../../../../riscv-none-embed/lib/rv32imac/ilp32\libg_nano.a(lib_a-memcpy.o)
                              ./src/LVGL/src/misc/lv_anim_timeline.o (memcpy)
c:/mounriver/mounriver_studio2/resources/app/resources/win32/components/wch/toolchain/risc-v embedded gcc/bin/../lib/gcc/riscv-none-embed/8.2.0/../../../../riscv-none-embed/lib/rv32imac/ilp32\libg_nano.a(lib_a-memmove.o)
                              ./src/LVGL/src/extra/libs/qrcode/qrcodegen.o (memmove)
c:/mounriver/mounriver_studio2/resources/app/resources/win32/components/wch/toolchain/risc-v embedded gcc/bin/../lib/gcc/riscv-none-embed/8.2.0/../../../../riscv-none-embed/lib/rv32imac/ilp32\libg_nano.a(lib_a-memset.o)
                              ./src/LVGL/src/font/lv_font_loader.o (memset)
c:/mounriver/mounriver_studio2/resources/app/resources/win32/components/wch/toolchain/risc-v embedded gcc/bin/../lib/gcc/riscv-none-embed/8.2.0/../../../../riscv-none-embed/lib/rv32imac/ilp32\libg_nano.a(lib_a-printf.o)
                              ./StdPeriphDriver/CH58x_usb2hostClass.o (printf)
c:/mounriver/mounriver_studio2/resources/app/resources/win32/components/wch/toolchain/risc-v embedded gcc/bin/../lib/gcc/riscv-none-embed/8.2.0/../../../../riscv-none-embed/lib/rv32imac/ilp32\libg_nano.a(lib_a-putchar.o)
                              ./StdPeriphDriver/CH58x_usb2hostClass.o (putchar)
c:/mounriver/mounriver_studio2/resources/app/resources/win32/components/wch/toolchain/risc-v embedded gcc/bin/../lib/gcc/riscv-none-embed/8.2.0/../../../../riscv-none-embed/lib/rv32imac/ilp32\libg_nano.a(lib_a-puts.o)
                              ./StdPeriphDriver/CH58x_usb2hostBase.o (puts)
c:/mounriver/mounriver_studio2/resources/app/resources/win32/components/wch/toolchain/risc-v embedded gcc/bin/../lib/gcc/riscv-none-embed/8.2.0/../../../../riscv-none-embed/lib/rv32imac/ilp32\libg_nano.a(lib_a-strchr.o)
                              ./src/LVGL/src/extra/libs/qrcode/qrcodegen.o (strchr)
c:/mounriver/mounriver_studio2/resources/app/resources/win32/components/wch/toolchain/risc-v embedded gcc/bin/../lib/gcc/riscv-none-embed/8.2.0/../../../../riscv-none-embed/lib/rv32imac/ilp32\libg_nano.a(lib_a-strcmp.o)
                              ./src/LVGL/src/widgets/lv_btnmatrix.o (strcmp)
[...]
Memory Configuration

Name             Origin             Length             Attributes
FLASH            0x0000000000000000 0x0000000000070000 xr
RAM              0x0000000020000000 0x0000000000008000 xrw
*default*        0x0000000000000000 0xffffffffffffffff

Linker script and memory map

LOAD ./src/LVGL/src/widgets/lv_arc.o
LOAD ./src/LVGL/src/widgets/lv_bar.o
LOAD ./src/LVGL/src/widgets/lv_btn.o
LOAD ./src/LVGL/src/widgets/lv_btnmatrix.o
LOAD ./src/LVGL/src/widgets/lv_canvas.o
LOAD ./src/LVGL/src/widgets/lv_checkbox.o
LOAD ./src/LVGL/src/widgets/lv_dropdown.o
LOAD ./src/LVGL/src/widgets/lv_img.o
LOAD ./src/LVGL/src/widgets/lv_label.o
LOAD ./src/LVGL/src/widgets/lv_line.o
LOAD ./src/LVGL/src/widgets/lv_objx_templ.o
LOAD ./src/LVGL/src/widgets/lv_roller.o
LOAD ./src/LVGL/src/widgets/lv_slider.o
LOAD ./src/LVGL/src/widgets/lv_switch.o
LOAD ./src/LVGL/src/widgets/lv_table.o
LOAD ./src/LVGL/src/widgets/lv_textarea.o
LOAD ./src/LVGL/src/misc/lv_anim.o
LOAD ./src/LVGL/src/misc/lv_anim_timeline.o
LOAD ./src/LVGL/src/misc/lv_area.o
LOAD ./src/LVGL/src/misc/lv_async.o
LOAD ./src/LVGL/src/misc/lv_bidi.o
LOAD ./src/LVGL/src/misc/lv_color.o
LOAD ./src/LVGL/src/misc/lv_fs.o
LOAD ./src/LVGL/src/misc/lv_gc.o
LOAD ./src/LVGL/src/misc/lv_ll.o
LOAD ./src/LVGL/src/misc/lv_log.o
LOAD ./src/LVGL/src/misc/lv_lru.o
LOAD ./src/LVGL/src/misc/lv_math.o
LOAD ./src/LVGL/src/misc/lv_mem.o
LOAD ./src/LVGL/src/misc/lv_printf.o
LOAD ./src/LVGL/src/misc/lv_style.o
LOAD ./src/LVGL/src/misc/lv_style_gen.o
LOAD ./src/LVGL/src/misc/lv_templ.o
LOAD ./src/LVGL/src/misc/lv_timer.o
LOAD ./src/LVGL/src/misc/lv_tlsf.o
LOAD ./src/LVGL/src/misc/lv_txt.o
LOAD ./src/LVGL/src/misc/lv_txt_ap.o
LOAD ./src/LVGL/src/misc/lv_utils.o
LOAD ./src/LVGL/src/hal/lv_hal_disp.o
LOAD ./src/LVGL/src/hal/lv_hal_indev.o
LOAD ./src/LVGL/src/hal/lv_hal_tick.o
LOAD ./src/LVGL/src/font/lv_font.o
LOAD ./src/LVGL/src/font/lv_font_dejavu_16_persian_hebrew.o
LOAD ./src/LVGL/src/font/lv_font_fmt_txt.o
LOAD ./src/LVGL/src/font/lv_font_loader.o
LOAD ./src/LVGL/src/font/lv_font_montserrat_10.o
LOAD ./src/LVGL/src/font/lv_font_montserrat_12.o
LOAD ./src/LVGL/src/font/lv_font_montserrat_12_subpx.o
LOAD ./src/LVGL/src/font/lv_font_montserrat_14.o
LOAD ./src/LVGL/src/font/lv_font_montserrat_16.o
LOAD ./src/LVGL/src/font/lv_font_montserrat_18.o
LOAD ./src/LVGL/src/font/lv_font_montserrat_20.o
LOAD ./src/LVGL/src/font/lv_font_montserrat_22.o
LOAD ./src/LVGL/src/font/lv_font_montserrat_24.o
LOAD ./src/LVGL/src/font/lv_font_montserrat_26.o
LOAD ./src/LVGL/src/font/lv_font_montserrat_28.o
LOAD ./src/LVGL/src/font/lv_font_montserrat_28_compressed.o
LOAD ./src/LVGL/src/font/lv_font_montserrat_30.o
LOAD ./src/LVGL/src/font/lv_font_montserrat_32.o
LOAD ./src/LVGL/src/font/lv_font_montserrat_34.o
LOAD ./src/LVGL/src/font/lv_font_montserrat_36.o
LOAD ./src/LVGL/src/font/lv_font_montserrat_38.o
LOAD ./src/LVGL/src/font/lv_font_montserrat_40.o
LOAD ./src/LVGL/src/font/lv_font_montserrat_42.o
LOAD ./src/LVGL/src/font/lv_font_montserrat_44.o
LOAD ./src/LVGL/src/font/lv_font_montserrat_46.o
LOAD ./src/LVGL/src/font/lv_font_montserrat_48.o
LOAD ./src/LVGL/src/font/lv_font_montserrat_8.o
LOAD ./src/LVGL/src/font/lv_font_simsun_16_cjk.o
LOAD ./src/LVGL/src/font/lv_font_unscii_16.o
LOAD ./src/LVGL/src/font/lv_font_unscii_8.o
LOAD ./src/LVGL/src/extra/widgets/win/lv_win.o
LOAD ./src/LVGL/src/extra/widgets/tileview/lv_tileview.o
LOAD ./src/LVGL/src/extra/widgets/tabview/lv_tabview.o
LOAD ./src/LVGL/src/extra/widgets/spinner/lv_spinner.o
LOAD ./src/LVGL/src/extra/widgets/spinbox/lv_spinbox.o
LOAD ./src/LVGL/src/extra/widgets/span/lv_span.o
LOAD ./src/LVGL/src/extra/widgets/msgbox/lv_msgbox.o
LOAD ./src/LVGL/src/extra/widgets/meter/lv_meter.o
LOAD ./src/LVGL/src/extra/widgets/menu/lv_menu.o
LOAD ./src/LVGL/src/extra/widgets/list/lv_list.o
LOAD ./src/LVGL/src/extra/widgets/led/lv_led.o
LOAD ./src/LVGL/src/extra/widgets/keyboard/lv_keyboard.o
LOAD ./src/LVGL/src/extra/widgets/imgbtn/lv_imgbtn.o
LOAD ./src/LVGL/src/extra/widgets/colorwheel/lv_colorwheel.o
LOAD ./src/LVGL/src/extra/widgets/chart/lv_chart.o
LOAD ./src/LVGL/src/extra/widgets/calendar/lv_calendar.o
LOAD ./src/LVGL/src/extra/widgets/calendar/lv_calendar_header_arrow.o
LOAD ./src/LVGL/src/extra/widgets/calendar/lv_calendar_header_dropdown.o
LOAD ./src/LVGL/src/extra/widgets/animimg/lv_animimg.o
LOAD ./src/LVGL/src/extra/themes/mono/lv_theme_mono.o
LOAD ./src/LVGL/src/extra/themes/default/lv_theme_default.o
LOAD ./src/LVGL/src/extra/themes/basic/lv_theme_basic.o
LOAD ./src/LVGL/src/extra/others/snapshot/lv_snapshot.o
LOAD ./src/LVGL/src/extra/others/msg/lv_msg.o
LOAD ./src/LVGL/src/extra/others/monkey/lv_monkey.o
LOAD ./src/LVGL/src/extra/others/imgfont/lv_imgfont.o
LOAD ./src/LVGL/src/extra/others/ime/lv_ime_pinyin.o
LOAD ./src/LVGL/src/extra/others/gridnav/lv_gridnav.o
LOAD ./src/LVGL/src/extra/others/fragment/lv_fragment.o
LOAD ./src/LVGL/src/extra/others/fragment/lv_fragment_manager.o
LOAD ./src/LVGL/src/extra/libs/tiny_ttf/lv_tiny_ttf.o
LOAD ./src/LVGL/src/extra/libs/sjpg/lv_sjpg.o
LOAD ./src/LVGL/src/extra/libs/sjpg/tjpgd.o
LOAD ./src/LVGL/src/extra/libs/rlottie/lv_rlottie.o
LOAD ./src/LVGL/src/extra/libs/qrcode/lv_qrcode.o
LOAD ./src/LVGL/src/extra/libs/qrcode/qrcodegen.o
LOAD ./src/LVGL/src/extra/libs/png/lodepng.o
LOAD ./src/LVGL/src/extra/libs/png/lv_png.o
LOAD ./src/LVGL/src/extra/libs/gif/gifdec.o
LOAD ./src/LVGL/src/extra/libs/gif/lv_gif.o
LOAD ./src/LVGL/src/extra/libs/fsdrv/lv_fs_fatfs.o
LOAD ./src/LVGL/src/extra/libs/fsdrv/lv_fs_littlefs.o
LOAD ./src/LVGL/src/extra/libs/fsdrv/lv_fs_posix.o
LOAD ./src/LVGL/src/extra/libs/fsdrv/lv_fs_stdio.o
LOAD ./src/LVGL/src/extra/libs/fsdrv/lv_fs_win32.o
LOAD ./src/LVGL/src/extra/libs/freetype/lv_freetype.o
LOAD ./src/LVGL/src/extra/libs/ffmpeg/lv_ffmpeg.o
LOAD ./src/LVGL/src/extra/libs/bmp/lv_bmp.o
LOAD ./src/LVGL/src/extra/layouts/grid/lv_grid.o
LOAD ./src/LVGL/src/extra/layouts/flex/lv_flex.o
LOAD ./src/LVGL/src/extra/lv_extra.o
LOAD ./src/LVGL/src/draw/swm341_dma2d/lv_gpu_swm341_dma2d.o
LOAD ./src/LVGL/src/draw/sw/lv_draw_sw.o
LOAD ./src/LVGL/src/draw/sw/lv_draw_sw_arc.o
LOAD ./src/LVGL/src/draw/sw/lv_draw_sw_blend.o
LOAD ./src/LVGL/src/draw/sw/lv_draw_sw_dither.o
LOAD ./src/LVGL/src/draw/sw/lv_draw_sw_gradient.o
LOAD ./src/LVGL/src/draw/sw/lv_draw_sw_img.o
LOAD ./src/LVGL/src/draw/sw/lv_draw_sw_layer.o
LOAD ./src/LVGL/src/draw/sw/lv_draw_sw_letter.o
LOAD ./src/LVGL/src/draw/sw/lv_draw_sw_line.o
LOAD ./src/LVGL/src/draw/sw/lv_draw_sw_polygon.o
LOAD ./src/LVGL/src/draw/sw/lv_draw_sw_rect.o
LOAD ./src/LVGL/src/draw/sw/lv_draw_sw_transform.o
LOAD ./src/LVGL/src/draw/stm32_dma2d/lv_gpu_stm32_dma2d.o
LOAD ./src/LVGL/src/draw/sdl/lv_draw_sdl.o
LOAD ./src/LVGL/src/draw/sdl/lv_draw_sdl_arc.o
LOAD ./src/LVGL/src/draw/sdl/lv_draw_sdl_bg.o
LOAD ./src/LVGL/src/draw/sdl/lv_draw_sdl_composite.o
LOAD ./src/LVGL/src/draw/sdl/lv_draw_sdl_img.o
LOAD ./src/LVGL/src/draw/sdl/lv_draw_sdl_label.o
LOAD ./src/LVGL/src/draw/sdl/lv_draw_sdl_layer.o
LOAD ./src/LVGL/src/draw/sdl/lv_draw_sdl_line.o
LOAD ./src/LVGL/src/draw/sdl/lv_draw_sdl_mask.o
LOAD ./src/LVGL/src/draw/sdl/lv_draw_sdl_polygon.o
LOAD ./src/LVGL/src/draw/sdl/lv_draw_sdl_rect.o
LOAD ./src/LVGL/src/draw/sdl/lv_draw_sdl_stack_blur.o
LOAD ./src/LVGL/src/draw/sdl/lv_draw_sdl_texture_cache.o
LOAD ./src/LVGL/src/draw/sdl/lv_draw_sdl_utils.o
LOAD ./src/LVGL/src/draw/renesas/lv_gpu_d2_draw_label.o
LOAD ./src/LVGL/src/draw/renesas/lv_gpu_d2_ra6m3.o
LOAD ./src/LVGL/src/draw/nxp/vglite/lv_draw_vglite.o
LOAD ./src/LVGL/src/draw/nxp/vglite/lv_draw_vglite_arc.o
LOAD ./src/LVGL/src/draw/nxp/vglite/lv_draw_vglite_blend.o
LOAD ./src/LVGL/src/draw/nxp/vglite/lv_draw_vglite_line.o
LOAD ./src/LVGL/src/draw/nxp/vglite/lv_draw_vglite_rect.o
LOAD ./src/LVGL/src/draw/nxp/vglite/lv_vglite_buf.o
LOAD ./src/LVGL/src/draw/nxp/vglite/lv_vglite_utils.o
LOAD ./src/LVGL/src/draw/nxp/pxp/lv_draw_pxp.o
LOAD ./src/LVGL/src/draw/nxp/pxp/lv_draw_pxp_blend.o
LOAD ./src/LVGL/src/draw/nxp/pxp/lv_gpu_nxp_pxp.o
LOAD ./src/LVGL/src/draw/nxp/pxp/lv_gpu_nxp_pxp_osa.o
LOAD ./src/LVGL/src/draw/arm2d/lv_gpu_arm2d.o
LOAD ./src/LVGL/src/draw/lv_draw.o
LOAD ./src/LVGL/src/draw/lv_draw_arc.o
LOAD ./src/LVGL/src/draw/lv_draw_img.o
LOAD ./src/LVGL/src/draw/lv_draw_label.o
LOAD ./src/LVGL/src/draw/lv_draw_layer.o
LOAD ./src/LVGL/src/draw/lv_draw_line.o
LOAD ./src/LVGL/src/draw/lv_draw_mask.o
LOAD ./src/LVGL/src/draw/lv_draw_rect.o
LOAD ./src/LVGL/src/draw/lv_draw_transform.o
LOAD ./src/LVGL/src/draw/lv_draw_triangle.o
LOAD ./src/LVGL/src/draw/lv_img_buf.o
LOAD ./src/LVGL/src/draw/lv_img_cache.o
LOAD ./src/LVGL/src/draw/lv_img_decoder.o
LOAD ./src/LVGL/src/core/lv_disp.o
LOAD ./src/LVGL/src/core/lv_event.o
LOAD ./src/LVGL/src/core/lv_group.o
LOAD ./src/LVGL/src/core/lv_indev.o
LOAD ./src/LVGL/src/core/lv_indev_scroll.o
LOAD ./src/LVGL/src/core/lv_obj.o
LOAD ./src/LVGL/src/core/lv_obj_class.o
LOAD ./src/LVGL/src/core/lv_obj_draw.o
LOAD ./src/LVGL/src/core/lv_obj_pos.o
LOAD ./src/LVGL/src/core/lv_obj_scroll.o
LOAD ./src/LVGL/src/core/lv_obj_style.o
LOAD ./src/LVGL/src/core/lv_obj_style_gen.o
LOAD ./src/LVGL/src/core/lv_obj_tree.o
LOAD ./src/LVGL/src/core/lv_refr.o
LOAD ./src/LVGL/src/core/lv_theme.o
LOAD ./src/LVGL/examples/porting/lv_port_disp.o
LOAD ./src/LVGL/examples/porting/lv_port_fs.o
LOAD ./src/LVGL/examples/porting/lv_port_indev.o
LOAD ./src/CST816S.o
LOAD ./src/CTIIC.o
LOAD ./src/Main.o
LOAD ./src/app_i2c.o
LOAD ./src/key.o
LOAD ./src/lcd.o
LOAD ./src/lcd_init.o
LOAD ./src/pic.o
LOAD ./src/user.o
LOAD ./StdPeriphDriver/CH58x_clk.o
LOAD ./StdPeriphDriver/CH58x_flash.o
LOAD ./StdPeriphDriver/CH58x_gpio.o
LOAD ./StdPeriphDriver/CH58x_i2c.o
LOAD ./StdPeriphDriver/CH58x_pwr.o
LOAD ./StdPeriphDriver/CH58x_spi0.o
LOAD ./StdPeriphDriver/CH58x_spi1.o
LOAD ./StdPeriphDriver/CH58x_sys.o
LOAD ./StdPeriphDriver/CH58x_uart0.o
LOAD ./StdPeriphDriver/CH58x_uart1.o
LOAD ./StdPeriphDriver/CH58x_usb2dev.o
LOAD ./StdPeriphDriver/CH58x_usb2hostBase.o
LOAD ./StdPeriphDriver/CH58x_usb2hostClass.o
LOAD ./Startup/startup_CH583.o
LOAD ./RVMSIS/core_riscv.o
LOAD c:\Users\ql\Desktop\工作\1.28IPS电容触摸技术资料\新建文件夹\g\LVGLtest\StdPeriphDriver\libISP583.a
LOAD c:/mounriver/mounriver_studio2/resources/app/resources/win32/components/wch/toolchain/risc-v embedded gcc/bin/../lib/gcc/riscv-none-embed/8.2.0/rv32imac/ilp32\libgcc.a
LOAD c:/mounriver/mounriver_studio2/resources/app/resources/win32/components/wch/toolchain/risc-v embedded gcc/bin/../lib/gcc/riscv-none-embed/8.2.0/../../../../riscv-none-embed/lib/rv32imac/ilp32\libg_nano.a
LOAD c:/mounriver/mounriver_studio2/resources/app/resources/win32/components/wch/toolchain/risc-v embedded gcc/bin/../lib/gcc/riscv-none-embed/8.2.0/../../../../riscv-none-embed/lib/rv32imac/ilp32\libc_nano.a
LOAD c:/mounriver/mounriver_studio2/resources/app/resources/win32/components/wch/toolchain/risc-v embedded gcc/bin/../lib/gcc/riscv-none-embed/8.2.0/rv32imac/ilp32\libgcc.a
START GROUP
LOAD c:/mounriver/mounriver_studio2/resources/app/resources/win32/components/wch/toolchain/risc-v embedded gcc/bin/../lib/gcc/riscv-none-embed/8.2.0/rv32imac/ilp32\libgcc.a
LOAD c:/mounriver/mounriver_studio2/resources/app/resources/win32/components/wch/toolchain/risc-v embedded gcc/bin/../lib/gcc/riscv-none-embed/8.2.0/../../../../riscv-none-embed/lib/rv32imac/ilp32\libc_nano.a
LOAD c:/mounriver/mounriver_studio2/resources/app/resources/win32/components/wch/toolchain/risc-v embedded gcc/bin/../lib/gcc/riscv-none-embed/8.2.0/../../../../riscv-none-embed/lib/rv32imac/ilp32\libnosys.a
END GROUP
START GROUP
LOAD c:/mounriver/mounriver_studio2/resources/app/resources/win32/components/wch/toolchain/risc-v embedded gcc/bin/../lib/gcc/riscv-none-embed/8.2.0/rv32imac/ilp32\libgcc.a
LOAD c:/mounriver/mounriver_studio2/resources/app/resources/win32/components/wch/toolchain/risc-v embedded gcc/bin/../lib/gcc/riscv-none-embed/8.2.0/../../../../riscv-none-embed/lib/rv32imac/ilp32\libc_nano.a
LOAD c:/mounriver/mounriver_studio2/resources/app/resources/win32/components/wch/toolchain/risc-v embedded gcc/bin/../lib/gcc/riscv-none-embed/8.2.0/../../../../riscv-none-embed/lib/rv32imac/ilp32\libnosys.a
END GROUP
                0x0000000000000200                __stack_size = 0x200
                [!provide]                        PROVIDE (_stack_size = __stack_size)

.init           0x0000000000000000        0x4
                0x0000000000000000                _sinit = .
                0x0000000000000000                . = ALIGN (0x4)
 *(SORT_NONE(.init))
 .init          0x0000000000000000        0x4 ./Startup/startup_CH583.o
                0x0000000000000000                _start
                0x0000000000000004                . = ALIGN (0x4)
                0x0000000000000004                _einit = .

.highcodelalign
                0x0000000000000004        0x0
                0x0000000000000004                . = ALIGN (0x4)
                0x0000000000000004                PROVIDE (_highcode_lma = .)

.highcode       0x0000000020000000     0x2810 load address 0x0000000000000004
                0x0000000020000000                . = ALIGN (0x4)
                0x0000000020000000                PROVIDE (_highcode_vma_start = .)
 *(.vector)
 .vector        0x0000000020000000       0x90 ./Startup/startup_CH583.o
 *(SORT_NONE(.vector_handler))
 .vector_handler
                0x0000000020000090        0x2 ./Startup/startup_CH583.o
                0x0000000020000090                GPIOB_IRQHandler
                0x0000000020000090                GPIOA_IRQHandler
                0x0000000020000090                SysTick_Handler
                0x0000000020000090                NMI_Handler
                0x0000000020000090                UART1_IRQHandler
                0x0000000020000090                UART0_IRQHandler
                0x0000000020000090                BB_IRQHandler
                0x0000000020000090                Break_Point_Handler
                0x0000000020000090                TMR0_IRQHandler
                0x0000000020000090                Ecall_M_Mode_Handler
                0x0000000020000090                RTC_IRQHandler
                0x0000000020000090                UART2_IRQHandler
                0x0000000020000090                PWMX_IRQHandler
                0x0000000020000090                ADC_IRQHandler
                0x0000000020000090                TMR2_IRQHandler
                0x0000000020000090                USB_IRQHandler
                0x0000000020000090                I2C_IRQHandler
                0x0000000020000090                USB2_IRQHandler
                0x0000000020000090                LLE_IRQHandler
                0x0000000020000090                WDOG_BAT_IRQHandler
                0x0000000020000090                Ecall_U_Mode_Handler
                0x0000000020000090                TMR3_IRQHandler
                0x0000000020000090                SW_Handler
                0x0000000020000090                SPI0_IRQHandler
                0x0000000020000090                UART3_IRQHandler
                0x0000000020000090                TMR1_IRQHandler
 *(.highcode)
 .highcode      0x0000000020000092      0x7d6 ./src/CST816S.o
                0x0000000020000092                CST816S_WR_DATA
                0x00000000200000ee                CST816S_RD_DATA
                0x00000000200001b4                CST816S_Init
                0x0000000020000256                CST816S_Scan
                0x000000002000052c                CST816S_TouchStatus
                0x0000000020000556                CST816S_GetX
                0x00000000200005a4                CST816S_GetY
                0x00000000200005e6                CST816S_GetXY
                0x000000002000064c                CST816S_test
 .highcode      0x0000000020000868      0x538 ./src/CTIIC.o
                0x0000000020000868                CTP_SDA_IN
                0x000000002000089e                CTP_SDA_OUT
                0x00000000200008d4                CTP_GPIOInit
                0x0000000020000962                CTP_INT_IN
                0x000000002000099a                CTP_IIC_Start
                0x0000000020000a1a                CTP_IIC_Stop
                0x0000000020000a94                CTP_WaitAck
                0x0000000020000b2a                CTP_IICAck
                0x0000000020000bb0                CTP_IICNack
                0x0000000020000c36                CTP_SendByte
                0x0000000020000d02                CTP_ReadByte
 .highcode      0x0000000020000da0       0x50 ./src/Main.o
                0x0000000020000da0                main
 .highcode      0x0000000020000df0      0xa26 ./src/lcd.o
                0x0000000020000df0                LCD_Fill
                0x0000000020000e92                LCD_DrawPoint
                0x0000000020000edc                LCD_DrawLine
                0x0000000020001066                LCD_SmoothSlidePic
                0x0000000020001364                LCD_SmoothChangePic
 .highcode      0x0000000020001816      0x188 ./src/lcd_init.o
                0x0000000020001816                LCD_Writ_Bus
                0x000000002000186a                LCD_WR_DATA8
                0x00000000200018a2                LCD_WR_DATA
                0x00000000200018f0                LCD_WR_REG
                0x0000000020001940                LCD_Address_Set
 .highcode      0x000000002000199e       0xa8 ./src/user.o
                0x000000002000199e                user
 .highcode      0x0000000020001a46      0x9a4 ./StdPeriphDriver/CH58x_sys.o
                0x0000000020001a46                SetSysClock
                0x000000002000215e                SYS_ResetExecute
                0x0000000020002226                HardFault_Handler
                0x000000002000237a                mDelayuS
                0x00000000200023b0                mDelaymS
 .highcode      0x00000000200023ea      0x426 c:\Users\ql\Desktop\工作\1.28IPS电容触摸技术资料\新建文件夹\g\LVGLtest\StdPeriphDriver\libISP583.a(ISP583.o)
                0x00000000200023ea                FLASH_ROM_BEG
                0x00000000200023fc                FLASH_ROM_END
                0x000000002000240a                FLASH_ROM_IN
                0x0000000020002418                FLASH_ROM_OUT
                0x0000000020002426                FLASH_ROM_ADDR
                0x000000002000246e                FLASH_ROM_WAIT
                0x00000000200024a6                FLASH_EEPROM_CMD
 *(.highcode.*)
                0x0000000020002810                . = ALIGN (0x4)
                0x0000000020002810                PROVIDE (_highcode_vma_end = .)

.text           0x0000000000002814    0x64de4
                0x0000000000002814                . = ALIGN (0x4)
 *(SORT_NONE(.handle_reset))
 .handle_reset  0x0000000000002814       0xae ./Startup/startup_CH583.o
                0x0000000000002814                handle_reset
 *(.text)
 .text          0x00000000000028c2      0x11e c:/mounriver/mounriver_studio2/resources/app/resources/win32/components/wch/toolchain/risc-v embedded gcc/bin/../lib/gcc/riscv-none-embed/8.2.0/../../../../riscv-none-embed/lib/rv32imac/ilp32\libg_nano.a(lib_a-strcmp.o)
                0x00000000000028c2                strcmp
 *(.text.*)
 .text.lv_obj_get_style_pad_top
                0x00000000000029e0       0x36 ./src/LVGL/src/widgets/lv_arc.o
 .text.lv_obj_get_style_pad_bottom
                0x0000000000002a16       0x36 ./src/LVGL/src/widgets/lv_arc.o
 .text.lv_obj_get_style_pad_left
                0x0000000000002a4c       0x36 ./src/LVGL/src/widgets/lv_arc.o
 .text.lv_obj_get_style_pad_right
                0x0000000000002a82       0x36 ./src/LVGL/src/widgets/lv_arc.o
 .text.lv_obj_get_style_outline_width
                0x0000000000002ab8       0x38 ./src/LVGL/src/widgets/lv_arc.o
 .text.lv_obj_get_style_outline_pad
                0x0000000000002af0       0x38 ./src/LVGL/src/widgets/lv_arc.o
 .text.lv_obj_get_style_shadow_width
                0x0000000000002b28       0x38 ./src/LVGL/src/widgets/lv_arc.o
 .text.lv_obj_get_style_shadow_ofs_x
                0x0000000000002b60       0x38 ./src/LVGL/src/widgets/lv_arc.o
 .text.lv_obj_get_style_shadow_ofs_y
                0x0000000000002b98       0x38 ./src/LVGL/src/widgets/lv_arc.o
 .text.lv_obj_get_style_shadow_spread
                0x0000000000002bd0       0x38 ./src/LVGL/src/widgets/lv_arc.o
 .text.lv_obj_get_style_arc_width
                0x0000000000002c08       0x38 ./src/LVGL/src/widgets/lv_arc.o
 .text.lv_obj_get_style_arc_rounded
                0x0000000000002c40       0x3c ./src/LVGL/src/widgets/lv_arc.o
 .text.lv_arc_set_start_angle
                0x0000000000002c7c      0x134 ./src/LVGL/src/widgets/lv_arc.o
                0x0000000000002c7c                lv_arc_set_start_angle
 .text.lv_arc_set_end_angle
                0x0000000000002db0      0x134 ./src/LVGL/src/widgets/lv_arc.o
                0x0000000000002db0                lv_arc_set_end_angle
 .text.lv_arc_set_angles
                0x0000000000002ee4       0x3c ./src/LVGL/src/widgets/lv_arc.o
                0x0000000000002ee4                lv_arc_set_angles
 .text.lv_arc_set_bg_start_angle
                0x0000000000002f20      0x128 ./src/LVGL/src/widgets/lv_arc.o
                0x0000000000002f20                lv_arc_set_bg_start_angle
 .text.lv_arc_set_bg_end_angle
                0x0000000000003048      0x128 ./src/LVGL/src/widgets/lv_arc.o
                0x0000000000003048                lv_arc_set_bg_end_angle
 .text.lv_arc_set_bg_angles
                0x0000000000003170       0x3c ./src/LVGL/src/widgets/lv_arc.o
                0x0000000000003170                lv_arc_set_bg_angles
 .text.lv_arc_set_rotation
                0x00000000000031ac       0x38 ./src/LVGL/src/widgets/lv_arc.o
                0x00000000000031ac                lv_arc_set_rotation
 .text.lv_arc_set_value
                0x00000000000031e4       0xa6 ./src/LVGL/src/widgets/lv_arc.o
                0x00000000000031e4                lv_arc_set_value
 .text.lv_arc_get_value
                0x000000000000328a       0x1a ./src/LVGL/src/widgets/lv_arc.o
                0x000000000000328a                lv_arc_get_value
 .text.lv_arc_constructor
                0x00000000000032a4       0xfe ./src/LVGL/src/widgets/lv_arc.o
 .text.lv_arc_event
                0x00000000000033a2      0xaea ./src/LVGL/src/widgets/lv_arc.o
 .text.lv_arc_draw
                0x0000000000003e8c      0x32e ./src/LVGL/src/widgets/lv_arc.o
 .text.inv_arc_area
                0x00000000000041ba      0x152 ./src/LVGL/src/widgets/lv_arc.o
 .text.inv_knob_area
                0x000000000000430c       0x76 ./src/LVGL/src/widgets/lv_arc.o
 .text.get_center
                0x0000000000004382      0x162 ./src/LVGL/src/widgets/lv_arc.o
 .text.get_angle
                0x00000000000044e4      0x168 ./src/LVGL/src/widgets/lv_arc.o
 .text.get_knob_area
                0x000000000000464c      0x1f2 ./src/LVGL/src/widgets/lv_arc.o
 .text.value_update
                0x000000000000483e      0x216 ./src/LVGL/src/widgets/lv_arc.o
 .text.knob_get_extra_size
                0x0000000000004a54      0x154 ./src/LVGL/src/widgets/lv_arc.o
 .text.lv_arc_angle_within_bg_bounds
                0x0000000000004ba8      0x276 ./src/LVGL/src/widgets/lv_arc.o
 .text.lv_area_copy
                0x0000000000004e1e       0x56 ./src/LVGL/src/widgets/lv_bar.o
 .text.lv_area_get_width
                0x0000000000004e74       0x3e ./src/LVGL/src/widgets/lv_bar.o
 .text.lv_area_get_height
                0x0000000000004eb2       0x3e ./src/LVGL/src/widgets/lv_bar.o
 .text.lv_anim_set_var
                0x0000000000004ef0       0x20 ./src/LVGL/src/widgets/lv_bar.o
 .text.lv_anim_set_exec_cb
                0x0000000000004f10       0x20 ./src/LVGL/src/widgets/lv_bar.o
 .text.lv_anim_set_time
                0x0000000000004f30       0x20 ./src/LVGL/src/widgets/lv_bar.o
 .text.lv_anim_set_values
                0x0000000000004f50       0x38 ./src/LVGL/src/widgets/lv_bar.o
 .text.lv_anim_set_ready_cb
                0x0000000000004f88       0x20 ./src/LVGL/src/widgets/lv_bar.o
 .text.lv_obj_get_style_transform_width
                0x0000000000004fa8       0x38 ./src/LVGL/src/widgets/lv_bar.o
 .text.lv_obj_get_style_transform_height
                0x0000000000004fe0       0x38 ./src/LVGL/src/widgets/lv_bar.o
 .text.lv_obj_get_style_pad_top
                0x0000000000005018       0x36 ./src/LVGL/src/widgets/lv_bar.o
 .text.lv_obj_get_style_pad_bottom
                0x000000000000504e       0x36 ./src/LVGL/src/widgets/lv_bar.o
 .text.lv_obj_get_style_pad_left
                0x0000000000005084       0x36 ./src/LVGL/src/widgets/lv_bar.o
 .text.lv_obj_get_style_pad_right
                0x00000000000050ba       0x36 ./src/LVGL/src/widgets/lv_bar.o
 .text.lv_obj_get_style_radius
                0x00000000000050f0       0x36 ./src/LVGL/src/widgets/lv_bar.o
 .text.lv_obj_get_style_anim_time
                0x0000000000005126       0x34 ./src/LVGL/src/widgets/lv_bar.o
 .text.lv_obj_get_style_base_dir
                0x000000000000515a       0x36 ./src/LVGL/src/widgets/lv_bar.o
 .text.lv_bar_set_value
                0x0000000000005190       0x9e ./src/LVGL/src/widgets/lv_bar.o
                0x0000000000005190                lv_bar_set_value
 .text.lv_bar_set_start_value
                0x000000000000522e       0xa4 ./src/LVGL/src/widgets/lv_bar.o
                0x000000000000522e                lv_bar_set_start_value
 .text.lv_bar_get_value
                0x00000000000052d2       0x34 ./src/LVGL/src/widgets/lv_bar.o
                0x00000000000052d2                lv_bar_get_value
 .text.lv_bar_get_start_value
                0x0000000000005306       0x50 ./src/LVGL/src/widgets/lv_bar.o
                0x0000000000005306                lv_bar_get_start_value
 .text.lv_bar_get_mode
                0x0000000000005356       0x26 ./src/LVGL/src/widgets/lv_bar.o
                0x0000000000005356                lv_bar_get_mode
 .text.lv_bar_constructor
                0x000000000000537c       0xb4 ./src/LVGL/src/widgets/lv_bar.o
 .text.lv_bar_destructor
                0x0000000000005430       0x42 ./src/LVGL/src/widgets/lv_bar.o
 .text.draw_indic
                0x0000000000005472      0xc48 ./src/LVGL/src/widgets/lv_bar.o
 .text.lv_bar_event
                0x00000000000060ba      0x1b6 ./src/LVGL/src/widgets/lv_bar.o
 .text.lv_bar_anim
                0x0000000000006270       0x38 ./src/LVGL/src/widgets/lv_bar.o
 .text.lv_bar_anim_ready
                0x00000000000062a8       0x80 ./src/LVGL/src/widgets/lv_bar.o
 .text.lv_bar_set_value_with_anim
                0x0000000000006328      0x10e ./src/LVGL/src/widgets/lv_bar.o
 .text.lv_bar_init_anim
                0x0000000000006436       0x38 ./src/LVGL/src/widgets/lv_bar.o
 .text.lv_btn_create
                0x000000000000646e       0x36 ./src/LVGL/src/widgets/lv_btn.o
                0x000000000000646e                lv_btn_create
 .text.lv_btn_constructor
                0x00000000000064a4       0x30 ./src/LVGL/src/widgets/lv_btn.o
 .text.lv_area_copy
                0x00000000000064d4       0x56 ./src/LVGL/src/widgets/lv_btnmatrix.o
 .text.lv_area_get_width
                0x000000000000652a       0x3e ./src/LVGL/src/widgets/lv_btnmatrix.o
 .text.lv_area_get_height
                0x0000000000006568       0x3e ./src/LVGL/src/widgets/lv_btnmatrix.o
 .text.lv_obj_get_style_pad_top
                0x00000000000065a6       0x36 ./src/LVGL/src/widgets/lv_btnmatrix.o
 .text.lv_obj_get_style_pad_bottom
                0x00000000000065dc       0x36 ./src/LVGL/src/widgets/lv_btnmatrix.o
 .text.lv_obj_get_style_pad_left
                0x0000000000006612       0x36 ./src/LVGL/src/widgets/lv_btnmatrix.o
 .text.lv_obj_get_style_pad_right
                0x0000000000006648       0x36 ./src/LVGL/src/widgets/lv_btnmatrix.o
 .text.lv_obj_get_style_pad_row
                0x000000000000667e       0x36 ./src/LVGL/src/widgets/lv_btnmatrix.o
 .text.lv_obj_get_style_pad_column
                0x00000000000066b4       0x36 ./src/LVGL/src/widgets/lv_btnmatrix.o
 .text.lv_obj_get_style_base_dir
                0x00000000000066ea       0x36 ./src/LVGL/src/widgets/lv_btnmatrix.o
 .text.lv_btnmatrix_create
                0x0000000000006720       0x36 ./src/LVGL/src/widgets/lv_btnmatrix.o
                0x0000000000006720                lv_btnmatrix_create
 .text.lv_btnmatrix_set_map
                0x0000000000006756      0x418 ./src/LVGL/src/widgets/lv_btnmatrix.o
                0x0000000000006756                lv_btnmatrix_set_map
 .text.lv_btnmatrix_set_ctrl_map
                0x0000000000006b6e       0x4e ./src/LVGL/src/widgets/lv_btnmatrix.o
                0x0000000000006b6e                lv_btnmatrix_set_ctrl_map
 .text.lv_btnmatrix_set_selected_btn
                0x0000000000006bbc       0x6e ./src/LVGL/src/widgets/lv_btnmatrix.o
                0x0000000000006bbc                lv_btnmatrix_set_selected_btn
 .text.lv_btnmatrix_set_btn_ctrl
                0x0000000000006c2a      0x126 ./src/LVGL/src/widgets/lv_btnmatrix.o
                0x0000000000006c2a                lv_btnmatrix_set_btn_ctrl
 .text.lv_btnmatrix_clear_btn_ctrl
                0x0000000000006d50       0xc2 ./src/LVGL/src/widgets/lv_btnmatrix.o
                0x0000000000006d50                lv_btnmatrix_clear_btn_ctrl
 .text.lv_btnmatrix_set_btn_ctrl_all
                0x0000000000006e12       0x56 ./src/LVGL/src/widgets/lv_btnmatrix.o
                0x0000000000006e12                lv_btnmatrix_set_btn_ctrl_all
 .text.lv_btnmatrix_clear_btn_ctrl_all
                0x0000000000006e68       0x56 ./src/LVGL/src/widgets/lv_btnmatrix.o
                0x0000000000006e68                lv_btnmatrix_clear_btn_ctrl_all
 .text.lv_btnmatrix_set_one_checked
                0x0000000000006ebe       0x4a ./src/LVGL/src/widgets/lv_btnmatrix.o
                0x0000000000006ebe                lv_btnmatrix_set_one_checked
 .text.lv_btnmatrix_get_selected_btn
                0x0000000000006f08       0x22 ./src/LVGL/src/widgets/lv_btnmatrix.o
                0x0000000000006f08                lv_btnmatrix_get_selected_btn
 .text.lv_btnmatrix_get_btn_text
                0x0000000000006f2a       0xc2 ./src/LVGL/src/widgets/lv_btnmatrix.o
                0x0000000000006f2a                lv_btnmatrix_get_btn_text
 .text.lv_btnmatrix_has_btn_ctrl
                0x0000000000006fec       0x68 ./src/LVGL/src/widgets/lv_btnmatrix.o
                0x0000000000006fec                lv_btnmatrix_has_btn_ctrl
 .text.lv_btnmatrix_constructor
                0x0000000000007054       0x72 ./src/LVGL/src/widgets/lv_btnmatrix.o
 .text.lv_btnmatrix_destructor
                0x00000000000070c6       0x4a ./src/LVGL/src/widgets/lv_btnmatrix.o
 .text.lv_btnmatrix_event
                0x0000000000007110      0xf14 ./src/LVGL/src/widgets/lv_btnmatrix.o
 .text.draw_main
                0x0000000000008024      0x78c ./src/LVGL/src/widgets/lv_btnmatrix.o
 .text.allocate_btn_areas_and_controls
                0x00000000000087b0      0x162 ./src/LVGL/src/widgets/lv_btnmatrix.o
 .text.get_button_width
                0x0000000000008912       0x30 ./src/LVGL/src/widgets/lv_btnmatrix.o
 .text.button_is_hidden
                0x0000000000008942       0x24 ./src/LVGL/src/widgets/lv_btnmatrix.o
 .text.button_is_checked
                0x0000000000008966       0x24 ./src/LVGL/src/widgets/lv_btnmatrix.o
 .text.button_is_repeat_disabled
                0x000000000000898a       0x24 ./src/LVGL/src/widgets/lv_btnmatrix.o
 .text.button_is_inactive
                0x00000000000089ae       0x24 ./src/LVGL/src/widgets/lv_btnmatrix.o
 .text.button_is_click_trig
                0x00000000000089d2       0x24 ./src/LVGL/src/widgets/lv_btnmatrix.o
 .text.button_is_popover
                0x00000000000089f6       0x24 ./src/LVGL/src/widgets/lv_btnmatrix.o
 .text.button_is_checkable
                0x0000000000008a1a       0x24 ./src/LVGL/src/widgets/lv_btnmatrix.o
 .text.button_get_checked
                0x0000000000008a3e       0x24 ./src/LVGL/src/widgets/lv_btnmatrix.o
 .text.button_is_recolor
                0x0000000000008a62       0x24 ./src/LVGL/src/widgets/lv_btnmatrix.o
 .text.get_button_from_point
                0x0000000000008a86      0x3f6 ./src/LVGL/src/widgets/lv_btnmatrix.o
 .text.invalidate_button_area
                0x0000000000008e7c      0x210 ./src/LVGL/src/widgets/lv_btnmatrix.o
 .text.make_one_button_checked
                0x000000000000908c       0x58 ./src/LVGL/src/widgets/lv_btnmatrix.o
 .text.has_popovers_in_top_row
                0x00000000000090e4       0xac ./src/LVGL/src/widgets/lv_btnmatrix.o
 .text.lv_area_copy
                0x0000000000009190       0x56 ./src/LVGL/src/widgets/lv_checkbox.o
 .text.lv_area_get_height
                0x00000000000091e6       0x3e ./src/LVGL/src/widgets/lv_checkbox.o
 .text.lv_font_get_line_height
                0x0000000000009224       0x1a ./src/LVGL/src/widgets/lv_checkbox.o
 .text.lv_obj_get_style_transform_width
                0x000000000000923e       0x38 ./src/LVGL/src/widgets/lv_checkbox.o
 .text.lv_obj_get_style_transform_height
                0x0000000000009276       0x38 ./src/LVGL/src/widgets/lv_checkbox.o
 .text.lv_obj_get_style_pad_top
                0x00000000000092ae       0x36 ./src/LVGL/src/widgets/lv_checkbox.o
 .text.lv_obj_get_style_pad_bottom
                0x00000000000092e4       0x36 ./src/LVGL/src/widgets/lv_checkbox.o
 .text.lv_obj_get_style_pad_left
                0x000000000000931a       0x36 ./src/LVGL/src/widgets/lv_checkbox.o
 .text.lv_obj_get_style_pad_right
                0x0000000000009350       0x36 ./src/LVGL/src/widgets/lv_checkbox.o
 .text.lv_obj_get_style_pad_column
                0x0000000000009386       0x36 ./src/LVGL/src/widgets/lv_checkbox.o
 .text.lv_obj_get_style_border_width
                0x00000000000093bc       0x38 ./src/LVGL/src/widgets/lv_checkbox.o
 .text.lv_obj_get_style_text_font
                0x00000000000093f4       0x34 ./src/LVGL/src/widgets/lv_checkbox.o
 .text.lv_obj_get_style_text_letter_space
                0x0000000000009428       0x38 ./src/LVGL/src/widgets/lv_checkbox.o
 .text.lv_obj_get_style_text_line_space
                0x0000000000009460       0x38 ./src/LVGL/src/widgets/lv_checkbox.o
 .text.lv_checkbox_constructor
                0x0000000000009498       0x60 ./src/LVGL/src/widgets/lv_checkbox.o
 .text.lv_checkbox_destructor
                0x00000000000094f8       0x46 ./src/LVGL/src/widgets/lv_checkbox.o
 .text.lv_checkbox_event
                0x000000000000953e      0x234 ./src/LVGL/src/widgets/lv_checkbox.o
 .text.lv_checkbox_draw
                0x0000000000009772      0x402 ./src/LVGL/src/widgets/lv_checkbox.o
 .text.lv_font_get_line_height
                0x0000000000009b74       0x1a ./src/LVGL/src/widgets/lv_dropdown.o
 .text.lv_obj_get_style_transform_angle
                0x0000000000009b8e       0x38 ./src/LVGL/src/widgets/lv_dropdown.o
 .text.lv_obj_get_style_pad_top
                0x0000000000009bc6       0x36 ./src/LVGL/src/widgets/lv_dropdown.o
 .text.lv_obj_get_style_pad_bottom
                0x0000000000009bfc       0x36 ./src/LVGL/src/widgets/lv_dropdown.o
 .text.lv_obj_get_style_pad_left
                0x0000000000009c32       0x36 ./src/LVGL/src/widgets/lv_dropdown.o
 .text.lv_obj_get_style_pad_right
                0x0000000000009c68       0x36 ./src/LVGL/src/widgets/lv_dropdown.o
 .text.lv_obj_get_style_border_width
                0x0000000000009c9e       0x38 ./src/LVGL/src/widgets/lv_dropdown.o
 .text.lv_obj_get_style_text_font
                0x0000000000009cd6       0x34 ./src/LVGL/src/widgets/lv_dropdown.o
 .text.lv_obj_get_style_text_line_space
                0x0000000000009d0a       0x38 ./src/LVGL/src/widgets/lv_dropdown.o
 .text.lv_obj_get_style_base_dir
                0x0000000000009d42       0x36 ./src/LVGL/src/widgets/lv_dropdown.o
 .text.lv_dropdown_create
                0x0000000000009d78       0x36 ./src/LVGL/src/widgets/lv_dropdown.o
                0x0000000000009d78                lv_dropdown_create
 .text.lv_dropdown_set_options
                0x0000000000009dae      0x140 ./src/LVGL/src/widgets/lv_dropdown.o
                0x0000000000009dae                lv_dropdown_set_options
 .text.lv_dropdown_set_options_static
                0x0000000000009eee      0x108 ./src/LVGL/src/widgets/lv_dropdown.o
                0x0000000000009eee                lv_dropdown_set_options_static
 .text.lv_dropdown_set_selected
                0x0000000000009ff6       0x8a ./src/LVGL/src/widgets/lv_dropdown.o
                0x0000000000009ff6                lv_dropdown_set_selected
 .text.lv_dropdown_get_options
                0x000000000000a080       0x32 ./src/LVGL/src/widgets/lv_dropdown.o
                0x000000000000a080                lv_dropdown_get_options
 .text.lv_dropdown_get_selected
                0x000000000000a0b2       0x22 ./src/LVGL/src/widgets/lv_dropdown.o
                0x000000000000a0b2                lv_dropdown_get_selected
 .text.lv_dropdown_get_selected_str
                0x000000000000a0d4      0x118 ./src/LVGL/src/widgets/lv_dropdown.o
                0x000000000000a0d4                lv_dropdown_get_selected_str
 .text.lv_dropdown_open
                0x000000000000a1ec      0x4a8 ./src/LVGL/src/widgets/lv_dropdown.o
                0x000000000000a1ec                lv_dropdown_open
 .text.lv_dropdown_close
                0x000000000000a694       0x4e ./src/LVGL/src/widgets/lv_dropdown.o
                0x000000000000a694                lv_dropdown_close
 .text.lv_dropdown_is_open
                0x000000000000a6e2       0x36 ./src/LVGL/src/widgets/lv_dropdown.o
                0x000000000000a6e2                lv_dropdown_is_open
 .text.lv_dropdown_list_create
                0x000000000000a718       0x36 ./src/LVGL/src/widgets/lv_dropdown.o
 .text.lv_dropdown_constructor
                0x000000000000a74e       0xe4 ./src/LVGL/src/widgets/lv_dropdown.o
 .text.lv_dropdown_destructor
                0x000000000000a832       0x62 ./src/LVGL/src/widgets/lv_dropdown.o
 .text.lv_dropdownlist_constructor
                0x000000000000a894       0x4e ./src/LVGL/src/widgets/lv_dropdown.o
 .text.lv_dropdownlist_destructor
                0x000000000000a8e2       0x38 ./src/LVGL/src/widgets/lv_dropdown.o
 .text.lv_dropdown_event
                0x000000000000a91a      0x2b2 ./src/LVGL/src/widgets/lv_dropdown.o
 .text.lv_dropdown_list_event
                0x000000000000abcc       0xec ./src/LVGL/src/widgets/lv_dropdown.o
 .text.draw_main
                0x000000000000acb8      0x55a ./src/LVGL/src/widgets/lv_dropdown.o
 .text.draw_list
                0x000000000000b212      0x178 ./src/LVGL/src/widgets/lv_dropdown.o
 .text.draw_box
                0x000000000000b38a      0x1be ./src/LVGL/src/widgets/lv_dropdown.o
 .text.draw_box_label
                0x000000000000b548      0x210 ./src/LVGL/src/widgets/lv_dropdown.o
 .text.btn_release_handler
                0x000000000000b758       0xf2 ./src/LVGL/src/widgets/lv_dropdown.o
 .text.list_release_handler
                0x000000000000b84a      0x11c ./src/LVGL/src/widgets/lv_dropdown.o
 .text.list_press_handler
                0x000000000000b966       0x8c ./src/LVGL/src/widgets/lv_dropdown.o
 .text.get_id_on_point
                0x000000000000b9f2       0xe8 ./src/LVGL/src/widgets/lv_dropdown.o
 .text.position_to_selected
                0x000000000000bada       0xc8 ./src/LVGL/src/widgets/lv_dropdown.o
 .text.get_label
                0x000000000000bba2       0x3a ./src/LVGL/src/widgets/lv_dropdown.o
 .text.lv_area_copy
                0x000000000000bbdc       0x56 ./src/LVGL/src/widgets/lv_img.o
 .text.lv_area_get_width
                0x000000000000bc32       0x3e ./src/LVGL/src/widgets/lv_img.o
 .text.lv_area_get_height
                0x000000000000bc70       0x3e ./src/LVGL/src/widgets/lv_img.o
 .text.lv_obj_get_style_pad_top
                0x000000000000bcae       0x36 ./src/LVGL/src/widgets/lv_img.o
 .text.lv_obj_get_style_pad_bottom
                0x000000000000bce4       0x36 ./src/LVGL/src/widgets/lv_img.o
 .text.lv_obj_get_style_pad_left
                0x000000000000bd1a       0x36 ./src/LVGL/src/widgets/lv_img.o
 .text.lv_obj_get_style_pad_right
                0x000000000000bd50       0x36 ./src/LVGL/src/widgets/lv_img.o
 .text.lv_obj_get_style_border_width
                0x000000000000bd86       0x38 ./src/LVGL/src/widgets/lv_img.o
 .text.lv_obj_get_style_img_opa
                0x000000000000bdbe       0x38 ./src/LVGL/src/widgets/lv_img.o
 .text.lv_obj_get_style_text_font
                0x000000000000bdf6       0x34 ./src/LVGL/src/widgets/lv_img.o
 .text.lv_obj_get_style_text_letter_space
                0x000000000000be2a       0x38 ./src/LVGL/src/widgets/lv_img.o
 .text.lv_obj_get_style_text_line_space
                0x000000000000be62       0x38 ./src/LVGL/src/widgets/lv_img.o
 .text.lv_img_create
                0x000000000000be9a       0x36 ./src/LVGL/src/widgets/lv_img.o
                0x000000000000be9a                lv_img_create
 .text.lv_img_set_src
                0x000000000000bed0      0x322 ./src/LVGL/src/widgets/lv_img.o
                0x000000000000bed0                lv_img_set_src
 .text.lv_img_constructor
                0x000000000000c1f2       0xda ./src/LVGL/src/widgets/lv_img.o
 .text.lv_img_destructor
                0x000000000000c2cc       0x72 ./src/LVGL/src/widgets/lv_img.o
 .text.lv_img_get_transformed_size
                0x000000000000c33e       0x9a ./src/LVGL/src/widgets/lv_img.o
 .text.lv_img_event
                0x000000000000c3d8      0x434 ./src/LVGL/src/widgets/lv_img.o
 .text.draw_img
                0x000000000000c80c      0xa52 ./src/LVGL/src/widgets/lv_img.o
 .text.lv_area_get_width
                0x000000000000d25e       0x3e ./src/LVGL/src/widgets/lv_label.o
 .text.lv_area_get_height
                0x000000000000d29c       0x3e ./src/LVGL/src/widgets/lv_label.o
 .text.lv_font_get_line_height
                0x000000000000d2da       0x1a ./src/LVGL/src/widgets/lv_label.o
 .text.lv_anim_set_var
                0x000000000000d2f4       0x20 ./src/LVGL/src/widgets/lv_label.o
 .text.lv_anim_set_exec_cb
                0x000000000000d314       0x20 ./src/LVGL/src/widgets/lv_label.o
 .text.lv_anim_set_time
                0x000000000000d334       0x20 ./src/LVGL/src/widgets/lv_label.o
 .text.lv_anim_set_values
                0x000000000000d354       0x38 ./src/LVGL/src/widgets/lv_label.o
 .text.lv_anim_set_playback_time
                0x000000000000d38c       0x20 ./src/LVGL/src/widgets/lv_label.o
 .text.lv_anim_set_playback_delay
                0x000000000000d3ac       0x20 ./src/LVGL/src/widgets/lv_label.o
 .text.lv_anim_set_repeat_count
                0x000000000000d3cc       0x24 ./src/LVGL/src/widgets/lv_label.o
 .text.lv_anim_set_repeat_delay
                0x000000000000d3f0       0x20 ./src/LVGL/src/widgets/lv_label.o
 .text.lv_bidi_calculate_align
                0x000000000000d410       0x2e ./src/LVGL/src/widgets/lv_label.o
 .text.lv_obj_get_style_width
                0x000000000000d43e       0x36 ./src/LVGL/src/widgets/lv_label.o
 .text.lv_obj_get_style_pad_top
                0x000000000000d474       0x36 ./src/LVGL/src/widgets/lv_label.o
 .text.lv_obj_get_style_pad_left
                0x000000000000d4aa       0x36 ./src/LVGL/src/widgets/lv_label.o
 .text.lv_obj_get_style_bg_color
                0x000000000000d4e0       0x34 ./src/LVGL/src/widgets/lv_label.o
 .text.lv_obj_get_style_text_color_filtered
                0x000000000000d514       0x44 ./src/LVGL/src/widgets/lv_label.o
 .text.lv_obj_get_style_text_font
                0x000000000000d558       0x34 ./src/LVGL/src/widgets/lv_label.o
 .text.lv_obj_get_style_text_letter_space
                0x000000000000d58c       0x38 ./src/LVGL/src/widgets/lv_label.o
 .text.lv_obj_get_style_text_line_space
                0x000000000000d5c4       0x38 ./src/LVGL/src/widgets/lv_label.o
 .text.lv_obj_get_style_anim
                0x000000000000d5fc       0x34 ./src/LVGL/src/widgets/lv_label.o
 .text.lv_obj_get_style_anim_speed
                0x000000000000d630       0x34 ./src/LVGL/src/widgets/lv_label.o
 .text.lv_label_create
                0x000000000000d664       0x36 ./src/LVGL/src/widgets/lv_label.o
                0x000000000000d664                lv_label_create
 .text.lv_label_set_text
                0x000000000000d69a      0x11c ./src/LVGL/src/widgets/lv_label.o
                0x000000000000d69a                lv_label_set_text
 .text.lv_label_set_text_fmt
                0x000000000000d7b6       0xb2 ./src/LVGL/src/widgets/lv_label.o
                0x000000000000d7b6                lv_label_set_text_fmt
 .text.lv_label_set_text_static
                0x000000000000d868       0x76 ./src/LVGL/src/widgets/lv_label.o
                0x000000000000d868                lv_label_set_text_static
 .text.lv_label_set_long_mode
                0x000000000000d8de       0xe6 ./src/LVGL/src/widgets/lv_label.o
                0x000000000000d8de                lv_label_set_long_mode
 .text.lv_label_set_text_sel_start
                0x000000000000d9c4       0x34 ./src/LVGL/src/widgets/lv_label.o
                0x000000000000d9c4                lv_label_set_text_sel_start
 .text.lv_label_set_text_sel_end
                0x000000000000d9f8       0x34 ./src/LVGL/src/widgets/lv_label.o
                0x000000000000d9f8                lv_label_set_text_sel_end
 .text.lv_label_get_text
                0x000000000000da2c       0x20 ./src/LVGL/src/widgets/lv_label.o
                0x000000000000da2c                lv_label_get_text
 .text.lv_label_get_recolor
                0x000000000000da4c       0x30 ./src/LVGL/src/widgets/lv_label.o
                0x000000000000da4c                lv_label_get_recolor
 .text.lv_label_get_letter_pos
                0x000000000000da7c      0x3de ./src/LVGL/src/widgets/lv_label.o
                0x000000000000da7c                lv_label_get_letter_pos
 .text.lv_label_get_letter_on
                0x000000000000de5a      0x45a ./src/LVGL/src/widgets/lv_label.o
                0x000000000000de5a                lv_label_get_letter_on
 .text.lv_label_is_char_under_pos
                0x000000000000e2b4      0x3d2 ./src/LVGL/src/widgets/lv_label.o
                0x000000000000e2b4                lv_label_is_char_under_pos
 .text.lv_label_get_text_selection_start
                0x000000000000e686       0x20 ./src/LVGL/src/widgets/lv_label.o
                0x000000000000e686                lv_label_get_text_selection_start
 .text.lv_label_get_text_selection_end
                0x000000000000e6a6       0x20 ./src/LVGL/src/widgets/lv_label.o
                0x000000000000e6a6                lv_label_get_text_selection_end
 .text.lv_label_ins_text
                0x000000000000e6c6       0xe2 ./src/LVGL/src/widgets/lv_label.o
                0x000000000000e6c6                lv_label_ins_text
 .text.lv_label_constructor
                0x000000000000e7a8       0xd4 ./src/LVGL/src/widgets/lv_label.o
 .text.lv_label_destructor
                0x000000000000e87c       0x4e ./src/LVGL/src/widgets/lv_label.o
 .text.lv_label_event
                0x000000000000e8ca      0x246 ./src/LVGL/src/widgets/lv_label.o
 .text.draw_main
                0x000000000000eb10      0x470 ./src/LVGL/src/widgets/lv_label.o
 .text.lv_label_refr_text
                0x000000000000ef80      0x9be ./src/LVGL/src/widgets/lv_label.o
 .text.lv_label_revert_dots
                0x000000000000f93e       0xf0 ./src/LVGL/src/widgets/lv_label.o
 .text.lv_label_set_dot_tmp
                0x000000000000fa2e       0xb4 ./src/LVGL/src/widgets/lv_label.o
 .text.lv_label_get_dot_tmp
                0x000000000000fae2       0x3c ./src/LVGL/src/widgets/lv_label.o
 .text.lv_label_dot_tmp_free
                0x000000000000fb1e       0x5c ./src/LVGL/src/widgets/lv_label.o
 .text.set_ofs_x_anim
                0x000000000000fb7a       0x3c ./src/LVGL/src/widgets/lv_label.o
 .text.set_ofs_y_anim
                0x000000000000fbb6       0x3c ./src/LVGL/src/widgets/lv_label.o
 .text.lv_obj_get_style_line_width
                0x000000000000fbf2       0x38 ./src/LVGL/src/widgets/lv_line.o
 .text.lv_line_constructor
                0x000000000000fc2a       0x4a ./src/LVGL/src/widgets/lv_line.o
 .text.lv_line_event
                0x000000000000fc74      0x3ce ./src/LVGL/src/widgets/lv_line.o
 .text.lv_font_get_line_height
                0x0000000000010042       0x1a ./src/LVGL/src/widgets/lv_roller.o
 .text.lv_anim_set_var
                0x000000000001005c       0x20 ./src/LVGL/src/widgets/lv_roller.o
 .text.lv_anim_set_exec_cb
                0x000000000001007c       0x20 ./src/LVGL/src/widgets/lv_roller.o
 .text.lv_anim_set_time
                0x000000000001009c       0x20 ./src/LVGL/src/widgets/lv_roller.o
 .text.lv_anim_set_values
                0x00000000000100bc       0x38 ./src/LVGL/src/widgets/lv_roller.o
 .text.lv_anim_set_path_cb
                0x00000000000100f4       0x20 ./src/LVGL/src/widgets/lv_roller.o
 .text.lv_anim_set_ready_cb
                0x0000000000010114       0x20 ./src/LVGL/src/widgets/lv_roller.o
 .text.lv_obj_get_style_pad_left
                0x0000000000010134       0x36 ./src/LVGL/src/widgets/lv_roller.o
 .text.lv_obj_get_style_pad_right
                0x000000000001016a       0x36 ./src/LVGL/src/widgets/lv_roller.o
 .text.lv_obj_get_style_border_width
                0x00000000000101a0       0x38 ./src/LVGL/src/widgets/lv_roller.o
 .text.lv_obj_get_style_text_font
                0x00000000000101d8       0x34 ./src/LVGL/src/widgets/lv_roller.o
 .text.lv_obj_get_style_text_letter_space
                0x000000000001020c       0x38 ./src/LVGL/src/widgets/lv_roller.o
 .text.lv_obj_get_style_text_line_space
                0x0000000000010244       0x38 ./src/LVGL/src/widgets/lv_roller.o
 .text.lv_obj_get_style_anim_time
                0x000000000001027c       0x34 ./src/LVGL/src/widgets/lv_roller.o
 .text.lv_roller_set_options
                0x00000000000102b0      0x1e8 ./src/LVGL/src/widgets/lv_roller.o
                0x00000000000102b0                lv_roller_set_options
 .text.lv_roller_set_selected
                0x0000000000010498      0x15a ./src/LVGL/src/widgets/lv_roller.o
                0x0000000000010498                lv_roller_set_selected
 .text.lv_roller_constructor
                0x00000000000105f2       0x8c ./src/LVGL/src/widgets/lv_roller.o
 .text.lv_roller_event
                0x000000000001067e      0x384 ./src/LVGL/src/widgets/lv_roller.o
 .text.lv_roller_label_event
                0x0000000000010a02       0xf8 ./src/LVGL/src/widgets/lv_roller.o
 .text.draw_main
                0x0000000000010afa      0x342 ./src/LVGL/src/widgets/lv_roller.o
 .text.draw_label
                0x0000000000010e3c      0x1de ./src/LVGL/src/widgets/lv_roller.o
 .text.get_sel_area
                0x000000000001101a      0x134 ./src/LVGL/src/widgets/lv_roller.o
 .text.refr_position
                0x000000000001114e      0x26a ./src/LVGL/src/widgets/lv_roller.o
 .text.release_handler
                0x00000000000113b8      0x2e4 ./src/LVGL/src/widgets/lv_roller.o
 .text.inf_normalize
                0x000000000001169c      0x188 ./src/LVGL/src/widgets/lv_roller.o
 .text.get_label
                0x0000000000011824       0x22 ./src/LVGL/src/widgets/lv_roller.o
 .text.get_selected_label_width
                0x0000000000011846       0x7a ./src/LVGL/src/widgets/lv_roller.o
 .text.scroll_anim_ready_cb
                0x00000000000118c0       0x2e ./src/LVGL/src/widgets/lv_roller.o
 .text.set_y_anim
                0x00000000000118ee       0x2c ./src/LVGL/src/widgets/lv_roller.o
 .text.lv_area_copy
                0x000000000001191a       0x56 ./src/LVGL/src/widgets/lv_slider.o
 .text.lv_obj_get_style_transform_width
                0x0000000000011970       0x38 ./src/LVGL/src/widgets/lv_slider.o
 .text.lv_obj_get_style_transform_height
                0x00000000000119a8       0x38 ./src/LVGL/src/widgets/lv_slider.o
 .text.lv_obj_get_style_transform_zoom
                0x00000000000119e0       0x38 ./src/LVGL/src/widgets/lv_slider.o
 .text.lv_obj_get_style_pad_top
                0x0000000000011a18       0x36 ./src/LVGL/src/widgets/lv_slider.o
 .text.lv_obj_get_style_pad_bottom
                0x0000000000011a4e       0x36 ./src/LVGL/src/widgets/lv_slider.o
 .text.lv_obj_get_style_pad_left
                0x0000000000011a84       0x36 ./src/LVGL/src/widgets/lv_slider.o
 .text.lv_obj_get_style_pad_right
                0x0000000000011aba       0x36 ./src/LVGL/src/widgets/lv_slider.o
 .text.lv_obj_get_style_base_dir
                0x0000000000011af0       0x36 ./src/LVGL/src/widgets/lv_slider.o
 .text.lv_slider_set_value
                0x0000000000011b26       0x2e ./src/LVGL/src/widgets/lv_slider.o
 .text.lv_slider_set_left_value
                0x0000000000011b54       0x2e ./src/LVGL/src/widgets/lv_slider.o
 .text.lv_slider_get_value
                0x0000000000011b82       0x20 ./src/LVGL/src/widgets/lv_slider.o
 .text.lv_slider_get_left_value
                0x0000000000011ba2       0x20 ./src/LVGL/src/widgets/lv_slider.o
 .text.lv_slider_get_mode
                0x0000000000011bc2       0x42 ./src/LVGL/src/widgets/lv_slider.o
 .text.lv_slider_constructor
                0x0000000000011c04       0x90 ./src/LVGL/src/widgets/lv_slider.o
 .text.lv_slider_event
                0x0000000000011c94      0xadc ./src/LVGL/src/widgets/lv_slider.o
 .text.draw_knob
                0x0000000000012770      0x2fc ./src/LVGL/src/widgets/lv_slider.o
 .text.position_knob
                0x0000000000012a6c      0x25c ./src/LVGL/src/widgets/lv_slider.o
 .text.is_slider_horizontal
                0x0000000000012cc8       0x3c ./src/LVGL/src/widgets/lv_slider.o
 .text.lv_area_copy
                0x0000000000012d04       0x56 ./src/LVGL/src/widgets/lv_switch.o
 .text.lv_area_get_width
                0x0000000000012d5a       0x3e ./src/LVGL/src/widgets/lv_switch.o
 .text.lv_anim_set_var
                0x0000000000012d98       0x20 ./src/LVGL/src/widgets/lv_switch.o
 .text.lv_anim_set_exec_cb
                0x0000000000012db8       0x20 ./src/LVGL/src/widgets/lv_switch.o
 .text.lv_anim_set_time
                0x0000000000012dd8       0x20 ./src/LVGL/src/widgets/lv_switch.o
 .text.lv_anim_set_values
                0x0000000000012df8       0x38 ./src/LVGL/src/widgets/lv_switch.o
 .text.lv_anim_set_ready_cb
                0x0000000000012e30       0x20 ./src/LVGL/src/widgets/lv_switch.o
 .text.lv_obj_get_style_pad_top
                0x0000000000012e50       0x36 ./src/LVGL/src/widgets/lv_switch.o
 .text.lv_obj_get_style_pad_bottom
                0x0000000000012e86       0x36 ./src/LVGL/src/widgets/lv_switch.o
 .text.lv_obj_get_style_pad_left
                0x0000000000012ebc       0x36 ./src/LVGL/src/widgets/lv_switch.o
 .text.lv_obj_get_style_pad_right
                0x0000000000012ef2       0x36 ./src/LVGL/src/widgets/lv_switch.o
 .text.lv_obj_get_style_anim_time
                0x0000000000012f28       0x34 ./src/LVGL/src/widgets/lv_switch.o
 .text.lv_obj_get_style_base_dir
                0x0000000000012f5c       0x36 ./src/LVGL/src/widgets/lv_switch.o
 .text.lv_switch_constructor
                0x0000000000012f92       0x4a ./src/LVGL/src/widgets/lv_switch.o
 .text.lv_switch_destructor
                0x0000000000012fdc       0x2c ./src/LVGL/src/widgets/lv_switch.o
 .text.lv_switch_event
                0x0000000000013008      0x1d2 ./src/LVGL/src/widgets/lv_switch.o
 .text.draw_main
                0x00000000000131da      0x31e ./src/LVGL/src/widgets/lv_switch.o
 .text.lv_switch_anim_exec_cb
                0x00000000000134f8       0x34 ./src/LVGL/src/widgets/lv_switch.o
 .text.lv_switch_anim_ready
                0x000000000001352c       0x30 ./src/LVGL/src/widgets/lv_switch.o
 .text.lv_switch_trigger_anim
                0x000000000001355c      0x12a ./src/LVGL/src/widgets/lv_switch.o
 .text.lv_area_copy
                0x0000000000013686       0x56 ./src/LVGL/src/widgets/lv_table.o
 .text.lv_area_get_width
                0x00000000000136dc       0x3e ./src/LVGL/src/widgets/lv_table.o
 .text.lv_font_get_line_height
                0x000000000001371a       0x1a ./src/LVGL/src/widgets/lv_table.o
 .text.lv_obj_get_style_min_height
                0x0000000000013734       0x36 ./src/LVGL/src/widgets/lv_table.o
 .text.lv_obj_get_style_max_height
                0x000000000001376a       0x36 ./src/LVGL/src/widgets/lv_table.o
 .text.lv_obj_get_style_pad_top
                0x00000000000137a0       0x36 ./src/LVGL/src/widgets/lv_table.o
 .text.lv_obj_get_style_pad_bottom
                0x00000000000137d6       0x36 ./src/LVGL/src/widgets/lv_table.o
 .text.lv_obj_get_style_pad_left
                0x000000000001380c       0x36 ./src/LVGL/src/widgets/lv_table.o
 .text.lv_obj_get_style_pad_right
                0x0000000000013842       0x36 ./src/LVGL/src/widgets/lv_table.o
 .text.lv_obj_get_style_border_width
                0x0000000000013878       0x38 ./src/LVGL/src/widgets/lv_table.o
 .text.lv_obj_get_style_text_font
                0x00000000000138b0       0x34 ./src/LVGL/src/widgets/lv_table.o
 .text.lv_obj_get_style_text_letter_space
                0x00000000000138e4       0x38 ./src/LVGL/src/widgets/lv_table.o
 .text.lv_obj_get_style_text_line_space
                0x000000000001391c       0x38 ./src/LVGL/src/widgets/lv_table.o
 .text.lv_obj_get_style_base_dir
                0x0000000000013954       0x36 ./src/LVGL/src/widgets/lv_table.o
 .text.is_cell_empty
                0x000000000001398a       0x1e ./src/LVGL/src/widgets/lv_table.o
 .text.lv_table_constructor
                0x00000000000139a8       0xba ./src/LVGL/src/widgets/lv_table.o
 .text.lv_table_destructor
                0x0000000000013a62      0x106 ./src/LVGL/src/widgets/lv_table.o
 .text.lv_table_event
                0x0000000000013b68      0x49a ./src/LVGL/src/widgets/lv_table.o
 .text.draw_main
                0x0000000000014002      0xa8a ./src/LVGL/src/widgets/lv_table.o
 .text.refr_size_form_row
                0x0000000000014a8c      0x180 ./src/LVGL/src/widgets/lv_table.o
 .text.get_row_height
                0x0000000000014c0c      0x298 ./src/LVGL/src/widgets/lv_table.o
 .text.get_pressed_cell
                0x0000000000014ea4      0x296 ./src/LVGL/src/widgets/lv_table.o
 .text.get_cell_area
                0x000000000001513a      0x31a ./src/LVGL/src/widgets/lv_table.o
 .text.scroll_to_selected_cell
                0x0000000000015454      0x122 ./src/LVGL/src/widgets/lv_table.o
 .text.lv_area_copy
                0x0000000000015576       0x56 ./src/LVGL/src/widgets/lv_textarea.o
 .text.lv_pct   0x00000000000155cc       0x48 ./src/LVGL/src/widgets/lv_textarea.o
 .text.lv_font_get_line_height
                0x0000000000015614       0x1a ./src/LVGL/src/widgets/lv_textarea.o
 .text.lv_anim_set_var
                0x000000000001562e       0x20 ./src/LVGL/src/widgets/lv_textarea.o
 .text.lv_anim_set_exec_cb
                0x000000000001564e       0x20 ./src/LVGL/src/widgets/lv_textarea.o
 .text.lv_anim_set_time
                0x000000000001566e       0x20 ./src/LVGL/src/widgets/lv_textarea.o
 .text.lv_anim_set_values
                0x000000000001568e       0x38 ./src/LVGL/src/widgets/lv_textarea.o
 .text.lv_anim_set_path_cb
                0x00000000000156c6       0x20 ./src/LVGL/src/widgets/lv_textarea.o
 .text.lv_anim_set_ready_cb
                0x00000000000156e6       0x20 ./src/LVGL/src/widgets/lv_textarea.o
 .text.lv_anim_set_playback_time
                0x0000000000015706       0x20 ./src/LVGL/src/widgets/lv_textarea.o
 .text.lv_anim_set_repeat_count
                0x0000000000015726       0x24 ./src/LVGL/src/widgets/lv_textarea.o
 .text.lv_obj_get_style_pad_top
                0x000000000001574a       0x36 ./src/LVGL/src/widgets/lv_textarea.o
 .text.lv_obj_get_style_pad_bottom
                0x0000000000015780       0x36 ./src/LVGL/src/widgets/lv_textarea.o
 .text.lv_obj_get_style_pad_left
                0x00000000000157b6       0x36 ./src/LVGL/src/widgets/lv_textarea.o
 .text.lv_obj_get_style_pad_right
                0x00000000000157ec       0x36 ./src/LVGL/src/widgets/lv_textarea.o
 .text.lv_obj_get_style_border_width
                0x0000000000015822       0x38 ./src/LVGL/src/widgets/lv_textarea.o
 .text.lv_obj_get_style_text_color
                0x000000000001585a       0x34 ./src/LVGL/src/widgets/lv_textarea.o
 .text.lv_obj_get_style_text_font
                0x000000000001588e       0x34 ./src/LVGL/src/widgets/lv_textarea.o
 .text.lv_obj_get_style_text_line_space
                0x00000000000158c2       0x38 ./src/LVGL/src/widgets/lv_textarea.o
 .text.lv_obj_get_style_anim_time
                0x00000000000158fa       0x34 ./src/LVGL/src/widgets/lv_textarea.o
 .text.lv_textarea_add_char
                0x000000000001592e      0x1b2 ./src/LVGL/src/widgets/lv_textarea.o
                0x000000000001592e                lv_textarea_add_char
 .text.lv_textarea_add_text
                0x0000000000015ae0      0x1b8 ./src/LVGL/src/widgets/lv_textarea.o
                0x0000000000015ae0                lv_textarea_add_text
 .text.lv_textarea_del_char
                0x0000000000015c98      0x148 ./src/LVGL/src/widgets/lv_textarea.o
                0x0000000000015c98                lv_textarea_del_char
 .text.lv_textarea_del_char_forward
                0x0000000000015de0       0x46 ./src/LVGL/src/widgets/lv_textarea.o
                0x0000000000015de0                lv_textarea_del_char_forward
 .text.lv_textarea_set_text
                0x0000000000015e26      0x178 ./src/LVGL/src/widgets/lv_textarea.o
                0x0000000000015e26                lv_textarea_set_text
 .text.lv_textarea_set_cursor_pos
                0x0000000000015f9e      0x1f6 ./src/LVGL/src/widgets/lv_textarea.o
                0x0000000000015f9e                lv_textarea_set_cursor_pos
 .text.lv_textarea_set_cursor_click_pos
                0x0000000000016194       0x46 ./src/LVGL/src/widgets/lv_textarea.o
                0x0000000000016194                lv_textarea_set_cursor_click_pos
 .text.lv_textarea_set_one_line
                0x00000000000161da       0xec ./src/LVGL/src/widgets/lv_textarea.o
                0x00000000000161da                lv_textarea_set_one_line
 .text.lv_textarea_get_text
                0x00000000000162c6       0x4e ./src/LVGL/src/widgets/lv_textarea.o
                0x00000000000162c6                lv_textarea_get_text
 .text.lv_textarea_get_cursor_pos
                0x0000000000016314       0x20 ./src/LVGL/src/widgets/lv_textarea.o
                0x0000000000016314                lv_textarea_get_cursor_pos
 .text.lv_textarea_get_password_bullet
                0x0000000000016334       0x68 ./src/LVGL/src/widgets/lv_textarea.o
                0x0000000000016334                lv_textarea_get_password_bullet
 .text.lv_textarea_get_one_line
                0x000000000001639c       0x30 ./src/LVGL/src/widgets/lv_textarea.o
                0x000000000001639c                lv_textarea_get_one_line
 .text.lv_textarea_get_accepted_chars
                0x00000000000163cc       0x20 ./src/LVGL/src/widgets/lv_textarea.o
                0x00000000000163cc                lv_textarea_get_accepted_chars
 .text.lv_textarea_get_max_length
                0x00000000000163ec       0x20 ./src/LVGL/src/widgets/lv_textarea.o
                0x00000000000163ec                lv_textarea_get_max_length
 .text.lv_textarea_clear_selection
                0x000000000001640c       0x6e ./src/LVGL/src/widgets/lv_textarea.o
                0x000000000001640c                lv_textarea_clear_selection
 .text.lv_textarea_cursor_right
                0x000000000001647a       0x3a ./src/LVGL/src/widgets/lv_textarea.o
                0x000000000001647a                lv_textarea_cursor_right
 .text.lv_textarea_cursor_left
                0x00000000000164b4       0x40 ./src/LVGL/src/widgets/lv_textarea.o
                0x00000000000164b4                lv_textarea_cursor_left
 .text.lv_textarea_cursor_down
                0x00000000000164f4       0xf6 ./src/LVGL/src/widgets/lv_textarea.o
                0x00000000000164f4                lv_textarea_cursor_down
 .text.lv_textarea_cursor_up
                0x00000000000165ea       0xe2 ./src/LVGL/src/widgets/lv_textarea.o
                0x00000000000165ea                lv_textarea_cursor_up
 .text.lv_textarea_constructor
                0x00000000000166cc      0x12c ./src/LVGL/src/widgets/lv_textarea.o
 .text.lv_textarea_destructor
                0x00000000000167f8       0x76 ./src/LVGL/src/widgets/lv_textarea.o
 .text.lv_textarea_event
                0x000000000001686e      0x1b4 ./src/LVGL/src/widgets/lv_textarea.o
 .text.label_event_cb
                0x0000000000016a22       0x68 ./src/LVGL/src/widgets/lv_textarea.o
 .text.cursor_blink_anim_cb
                0x0000000000016a8a      0x116 ./src/LVGL/src/widgets/lv_textarea.o
 .text.pwd_char_hider_anim
                0x0000000000016ba0       0x16 ./src/LVGL/src/widgets/lv_textarea.o
 .text.pwd_char_hider_anim_ready
                0x0000000000016bb6       0x26 ./src/LVGL/src/widgets/lv_textarea.o
 .text.pwd_char_hider
                0x0000000000016bdc       0xfa ./src/LVGL/src/widgets/lv_textarea.o
 .text.char_is_accepted
                0x0000000000016cd6       0xae ./src/LVGL/src/widgets/lv_textarea.o
 .text.start_cursor_blink
                0x0000000000016d84       0xd6 ./src/LVGL/src/widgets/lv_textarea.o
 .text.refr_cursor_area
                0x0000000000016e5a      0x4a2 ./src/LVGL/src/widgets/lv_textarea.o
 .text.update_cursor_position_on_click
                0x00000000000172fc      0x3a0 ./src/LVGL/src/widgets/lv_textarea.o
 .text.insert_handler
                0x000000000001769c       0x7a ./src/LVGL/src/widgets/lv_textarea.o
 .text.draw_placeholder
                0x0000000000017716      0x136 ./src/LVGL/src/widgets/lv_textarea.o
 .text.draw_cursor
                0x000000000001784c      0x264 ./src/LVGL/src/widgets/lv_textarea.o
 .text.auto_hide_characters
                0x0000000000017ab0       0xaa ./src/LVGL/src/widgets/lv_textarea.o
 .text.is_valid_but_non_printable_char
                0x0000000000017b5a       0x32 ./src/LVGL/src/widgets/lv_textarea.o
 .text._lv_anim_core_init
                0x0000000000017b8c       0x42 ./src/LVGL/src/misc/lv_anim.o
                0x0000000000017b8c                _lv_anim_core_init
 .text.lv_anim_init
                0x0000000000017bce       0x66 ./src/LVGL/src/misc/lv_anim.o
                0x0000000000017bce                lv_anim_init
 .text.lv_anim_start
                0x0000000000017c34      0x12a ./src/LVGL/src/misc/lv_anim.o
                0x0000000000017c34                lv_anim_start
 .text.lv_anim_del
                0x0000000000017d5e       0xa6 ./src/LVGL/src/misc/lv_anim.o
                0x0000000000017d5e                lv_anim_del
 .text.lv_anim_get
                0x0000000000017e04       0x68 ./src/LVGL/src/misc/lv_anim.o
                0x0000000000017e04                lv_anim_get
 .text.lv_anim_speed_to_time
                0x0000000000017e6c       0x5e ./src/LVGL/src/misc/lv_anim.o
                0x0000000000017e6c                lv_anim_speed_to_time
 .text.lv_anim_path_linear
                0x0000000000017eca       0x6e ./src/LVGL/src/misc/lv_anim.o
                0x0000000000017eca                lv_anim_path_linear
 .text.lv_anim_path_ease_out
                0x0000000000017f38       0x8c ./src/LVGL/src/misc/lv_anim.o
                0x0000000000017f38                lv_anim_path_ease_out
 .text.lv_anim_path_ease_in_out
                0x0000000000017fc4       0x8c ./src/LVGL/src/misc/lv_anim.o
                0x0000000000017fc4                lv_anim_path_ease_in_out
 .text.lv_anim_path_step
                0x0000000000018050       0x30 ./src/LVGL/src/misc/lv_anim.o
                0x0000000000018050                lv_anim_path_step
 .text.anim_timer
                0x0000000000018080      0x206 ./src/LVGL/src/misc/lv_anim.o
 .text.anim_ready_handler
                0x0000000000018286      0x164 ./src/LVGL/src/misc/lv_anim.o
 .text.anim_mark_list_change
                0x00000000000183ea       0x42 ./src/LVGL/src/misc/lv_anim.o
 .text.lv_area_get_width
                0x000000000001842c       0x3e ./src/LVGL/src/misc/lv_area.o
 .text.lv_area_get_height
                0x000000000001846a       0x3e ./src/LVGL/src/misc/lv_area.o
 .text.lv_area_set
                0x00000000000184a8       0x5a ./src/LVGL/src/misc/lv_area.o
                0x00000000000184a8                lv_area_set
 .text.lv_area_set_width
                0x0000000000018502       0x44 ./src/LVGL/src/misc/lv_area.o
                0x0000000000018502                lv_area_set_width
 .text.lv_area_set_height
                0x0000000000018546       0x44 ./src/LVGL/src/misc/lv_area.o
                0x0000000000018546                lv_area_set_height
 .text.lv_area_get_size
                0x000000000001858a       0x50 ./src/LVGL/src/misc/lv_area.o
                0x000000000001858a                lv_area_get_size
 .text.lv_area_increase
                0x00000000000185da       0xbc ./src/LVGL/src/misc/lv_area.o
                0x00000000000185da                lv_area_increase
 .text.lv_area_move
                0x0000000000018696       0xb8 ./src/LVGL/src/misc/lv_area.o
                0x0000000000018696                lv_area_move
 .text._lv_area_intersect
                0x000000000001874e      0x120 ./src/LVGL/src/misc/lv_area.o
                0x000000000001874e                _lv_area_intersect
 .text._lv_area_diff
                0x000000000001886e      0x3e8 ./src/LVGL/src/misc/lv_area.o
                0x000000000001886e                _lv_area_diff
 .text._lv_area_join
                0x0000000000018c56       0xea ./src/LVGL/src/misc/lv_area.o
                0x0000000000018c56                _lv_area_join
 .text._lv_area_is_point_on
                0x0000000000018d40      0x34e ./src/LVGL/src/misc/lv_area.o
                0x0000000000018d40                _lv_area_is_point_on
 .text._lv_area_is_on
                0x000000000001908e       0x6c ./src/LVGL/src/misc/lv_area.o
                0x000000000001908e                _lv_area_is_on
 .text._lv_area_is_in
                0x00000000000190fa      0x188 ./src/LVGL/src/misc/lv_area.o
                0x00000000000190fa                _lv_area_is_in
 .text._lv_area_is_out
                0x0000000000019282      0x150 ./src/LVGL/src/misc/lv_area.o
                0x0000000000019282                _lv_area_is_out
 .text.lv_point_transform
                0x00000000000193d2      0x3ce ./src/LVGL/src/misc/lv_area.o
                0x00000000000193d2                lv_point_transform
 .text.lv_point_within_circle
                0x00000000000197a0       0xec ./src/LVGL/src/misc/lv_area.o
 .text.lv_color_mix
                0x000000000001988c       0xac ./src/LVGL/src/misc/lv_color.o
 .text.lv_color_make
                0x0000000000019938       0x80 ./src/LVGL/src/misc/lv_color.o
 .text.lv_color_black
                0x00000000000199b8       0x1e ./src/LVGL/src/misc/lv_color.o
 .text.lv_color_fill
                0x00000000000199d6      0x14a ./src/LVGL/src/misc/lv_color.o
                0x00000000000199d6                lv_color_fill
 .text.lv_color_darken
                0x0000000000019b20       0x34 ./src/LVGL/src/misc/lv_color.o
                0x0000000000019b20                lv_color_darken
 .text.lv_color_hsv_to_rgb
                0x0000000000019b54      0x230 ./src/LVGL/src/misc/lv_color.o
                0x0000000000019b54                lv_color_hsv_to_rgb
 .text.lv_palette_main
                0x0000000000019d84       0x3c ./src/LVGL/src/misc/lv_color.o
                0x0000000000019d84                lv_palette_main
 .text.lv_palette_lighten
                0x0000000000019dc0       0x70 ./src/LVGL/src/misc/lv_color.o
                0x0000000000019dc0                lv_palette_lighten
 .text.lv_palette_darken
                0x0000000000019e30       0x6c ./src/LVGL/src/misc/lv_color.o
                0x0000000000019e30                lv_palette_darken
 .text._lv_fs_init
                0x0000000000019e9c       0x1c ./src/LVGL/src/misc/lv_fs.o
                0x0000000000019e9c                _lv_fs_init
 .text.lv_fs_open
                0x0000000000019eb8      0x110 ./src/LVGL/src/misc/lv_fs.o
                0x0000000000019eb8                lv_fs_open
 .text.lv_fs_close
                0x0000000000019fc8       0xa4 ./src/LVGL/src/misc/lv_fs.o
                0x0000000000019fc8                lv_fs_close
 .text.lv_fs_read_cached
                0x000000000001a06c      0x2fc ./src/LVGL/src/misc/lv_fs.o
 .text.lv_fs_read
                0x000000000001a368       0xb8 ./src/LVGL/src/misc/lv_fs.o
                0x000000000001a368                lv_fs_read
 .text.lv_fs_seek
                0x000000000001a420      0x1dc ./src/LVGL/src/misc/lv_fs.o
                0x000000000001a420                lv_fs_seek
 .text.lv_fs_get_drv
                0x000000000001a5fc       0x54 ./src/LVGL/src/misc/lv_fs.o
                0x000000000001a5fc                lv_fs_get_drv
 .text.lv_fs_get_ext
                0x000000000001a650       0x96 ./src/LVGL/src/misc/lv_fs.o
                0x000000000001a650                lv_fs_get_ext
 .text.lv_fs_get_real_path
                0x000000000001a6e6       0x3a ./src/LVGL/src/misc/lv_fs.o
 .text._lv_ll_init
                0x000000000001a720       0x3c ./src/LVGL/src/misc/lv_ll.o
                0x000000000001a720                _lv_ll_init
 .text._lv_ll_ins_head
                0x000000000001a75c       0x86 ./src/LVGL/src/misc/lv_ll.o
                0x000000000001a75c                _lv_ll_ins_head
 .text._lv_ll_ins_prev
                0x000000000001a7e2       0xb6 ./src/LVGL/src/misc/lv_ll.o
                0x000000000001a7e2                _lv_ll_ins_prev
 .text._lv_ll_ins_tail
                0x000000000001a898       0x86 ./src/LVGL/src/misc/lv_ll.o
                0x000000000001a898                _lv_ll_ins_tail
 .text._lv_ll_remove
                0x000000000001a91e       0xe8 ./src/LVGL/src/misc/lv_ll.o
                0x000000000001a91e                _lv_ll_remove
 .text._lv_ll_clear
                0x000000000001aa06       0x56 ./src/LVGL/src/misc/lv_ll.o
                0x000000000001aa06                _lv_ll_clear
 .text._lv_ll_get_head
                0x000000000001aa5c       0x22 ./src/LVGL/src/misc/lv_ll.o
                0x000000000001aa5c                _lv_ll_get_head
 .text._lv_ll_get_tail
                0x000000000001aa7e       0x22 ./src/LVGL/src/misc/lv_ll.o
                0x000000000001aa7e                _lv_ll_get_tail
 .text._lv_ll_get_next
                0x000000000001aaa0       0x36 ./src/LVGL/src/misc/lv_ll.o
                0x000000000001aaa0                _lv_ll_get_next
 .text._lv_ll_get_prev
                0x000000000001aad6       0x34 ./src/LVGL/src/misc/lv_ll.o
                0x000000000001aad6                _lv_ll_get_prev
 .text._lv_ll_get_len
                0x000000000001ab0a       0x4c ./src/LVGL/src/misc/lv_ll.o
                0x000000000001ab0a                _lv_ll_get_len
 .text._lv_ll_is_empty
                0x000000000001ab56       0x32 ./src/LVGL/src/misc/lv_ll.o
                0x000000000001ab56                _lv_ll_is_empty
 .text.node_set_prev
                0x000000000001ab88       0x56 ./src/LVGL/src/misc/lv_ll.o
 .text.node_set_next
                0x000000000001abde       0x58 ./src/LVGL/src/misc/lv_ll.o
 .text.lv_trigo_sin
                0x000000000001ac36      0x136 ./src/LVGL/src/misc/lv_math.o
                0x000000000001ac36                lv_trigo_sin
 .text.lv_bezier3
                0x000000000001ad6c       0xf4 ./src/LVGL/src/misc/lv_math.o
                0x000000000001ad6c                lv_bezier3
 .text.lv_atan2
                0x000000000001ae60      0x1ec ./src/LVGL/src/misc/lv_math.o
                0x000000000001ae60                lv_atan2
 .text.lv_pow   0x000000000001b04c       0xd2 ./src/LVGL/src/misc/lv_math.o
                0x000000000001b04c                lv_pow
 .text.lv_map   0x000000000001b11e       0xda ./src/LVGL/src/misc/lv_math.o
                0x000000000001b11e                lv_map
 .text.lv_mem_init
                0x000000000001b1f8       0x28 ./src/LVGL/src/misc/lv_mem.o
                0x000000000001b1f8                lv_mem_init
 .text.lv_mem_alloc
                0x000000000001b220       0x70 ./src/LVGL/src/misc/lv_mem.o
                0x000000000001b220                lv_mem_alloc
 .text.lv_mem_free
                0x000000000001b290       0x70 ./src/LVGL/src/misc/lv_mem.o
                0x000000000001b290                lv_mem_free
 .text.lv_mem_realloc
                0x000000000001b300       0x74 ./src/LVGL/src/misc/lv_mem.o
                0x000000000001b300                lv_mem_realloc
 .text.lv_mem_buf_get
                0x000000000001b374      0x1d6 ./src/LVGL/src/misc/lv_mem.o
                0x000000000001b374                lv_mem_buf_get
 .text.lv_mem_buf_release
                0x000000000001b54a       0x58 ./src/LVGL/src/misc/lv_mem.o
                0x000000000001b54a                lv_mem_buf_release
 .text.lv_mem_buf_free_all
                0x000000000001b5a2       0x86 ./src/LVGL/src/misc/lv_mem.o
                0x000000000001b5a2                lv_mem_buf_free_all
 .text.lv_memcpy
                0x000000000001b628      0x720 ./src/LVGL/src/misc/lv_mem.o
                0x000000000001b628                lv_memcpy
 .text.lv_memset
                0x000000000001bd48      0x1b4 ./src/LVGL/src/misc/lv_mem.o
                0x000000000001bd48                lv_memset
 .text.lv_memset_00
                0x000000000001befc      0x174 ./src/LVGL/src/misc/lv_mem.o
                0x000000000001befc                lv_memset_00
 .text.lv_memset_ff
                0x000000000001c070      0x178 ./src/LVGL/src/misc/lv_mem.o
                0x000000000001c070                lv_memset_ff
 .text._out_buffer
                0x000000000001c1e8       0x3e ./src/LVGL/src/misc/lv_printf.o
 .text._out_null
                0x000000000001c226       0x20 ./src/LVGL/src/misc/lv_printf.o
 .text._strnlen_s
                0x000000000001c246       0x4e ./src/LVGL/src/misc/lv_printf.o
 .text._is_digit
                0x000000000001c294       0x38 ./src/LVGL/src/misc/lv_printf.o
 .text._atoi    0x000000000001c2cc       0x60 ./src/LVGL/src/misc/lv_printf.o
 .text._out_rev
                0x000000000001c32c      0x108 ./src/LVGL/src/misc/lv_printf.o
 .text._ntoa_format
                0x000000000001c434      0x260 ./src/LVGL/src/misc/lv_printf.o
 .text._ntoa_long
                0x000000000001c694      0x10e ./src/LVGL/src/misc/lv_printf.o
 .text._ntoa_long_long
                0x000000000001c7a2      0x138 ./src/LVGL/src/misc/lv_printf.o
 .text._vsnprintf
                0x000000000001c8da      0xab8 ./src/LVGL/src/misc/lv_printf.o
 .text.lv_snprintf
                0x000000000001d392       0x5c ./src/LVGL/src/misc/lv_printf.o
                0x000000000001d392                lv_snprintf
 .text.lv_vsnprintf
                0x000000000001d3ee       0x40 ./src/LVGL/src/misc/lv_printf.o
                0x000000000001d3ee                lv_vsnprintf
 .text.lv_color_make
                0x000000000001d42e       0x80 ./src/LVGL/src/misc/lv_style.o
 .text.lv_color_white
                0x000000000001d4ae       0x24 ./src/LVGL/src/misc/lv_style.o
 .text.lv_color_black
                0x000000000001d4d2       0x1e ./src/LVGL/src/misc/lv_style.o
 .text.lv_style_get_prop_inlined
                0x000000000001d4f0      0x216 ./src/LVGL/src/misc/lv_style.o
 .text.lv_style_init
                0x000000000001d706       0x20 ./src/LVGL/src/misc/lv_style.o
                0x000000000001d706                lv_style_init
 .text.lv_style_reset
                0x000000000001d726       0x4c ./src/LVGL/src/misc/lv_style.o
                0x000000000001d726                lv_style_reset
 .text.lv_style_register_prop
                0x000000000001d772       0xfa ./src/LVGL/src/misc/lv_style.o
                0x000000000001d772                lv_style_register_prop
 .text.lv_style_remove_prop
                0x000000000001d86c      0x246 ./src/LVGL/src/misc/lv_style.o
                0x000000000001d86c                lv_style_remove_prop
 .text.lv_style_set_prop
                0x000000000001dab2       0x34 ./src/LVGL/src/misc/lv_style.o
                0x000000000001dab2                lv_style_set_prop
 .text.lv_style_get_prop
                0x000000000001dae6       0x30 ./src/LVGL/src/misc/lv_style.o
                0x000000000001dae6                lv_style_get_prop
 .text.lv_style_transition_dsc_init
                0x000000000001db16       0x76 ./src/LVGL/src/misc/lv_style.o
                0x000000000001db16                lv_style_transition_dsc_init
 .text.lv_style_prop_get_default
                0x000000000001db8c       0xa0 ./src/LVGL/src/misc/lv_style.o
                0x000000000001db8c                lv_style_prop_get_default
 .text.lv_style_is_empty
                0x000000000001dc2c       0x22 ./src/LVGL/src/misc/lv_style.o
                0x000000000001dc2c                lv_style_is_empty
 .text._lv_style_get_prop_group
                0x000000000001dc4e       0x3a ./src/LVGL/src/misc/lv_style.o
                0x000000000001dc4e                _lv_style_get_prop_group
 .text._lv_style_prop_lookup_flags
                0x000000000001dc88       0x82 ./src/LVGL/src/misc/lv_style.o
                0x000000000001dc88                _lv_style_prop_lookup_flags
 .text.lv_style_set_prop_helper
                0x000000000001dd0a       0x3a ./src/LVGL/src/misc/lv_style.o
 .text.lv_style_set_prop_internal
                0x000000000001dd44      0x36a ./src/LVGL/src/misc/lv_style.o
 .text.lv_style_set_width
                0x000000000001e0ae       0x32 ./src/LVGL/src/misc/lv_style_gen.o
                0x000000000001e0ae                lv_style_set_width
 .text.lv_style_set_max_width
                0x000000000001e0e0       0x32 ./src/LVGL/src/misc/lv_style_gen.o
                0x000000000001e0e0                lv_style_set_max_width
 .text.lv_style_set_height
                0x000000000001e112       0x32 ./src/LVGL/src/misc/lv_style_gen.o
                0x000000000001e112                lv_style_set_height
 .text.lv_style_set_max_height
                0x000000000001e144       0x32 ./src/LVGL/src/misc/lv_style_gen.o
                0x000000000001e144                lv_style_set_max_height
 .text.lv_style_set_transform_width
                0x000000000001e176       0x34 ./src/LVGL/src/misc/lv_style_gen.o
                0x000000000001e176                lv_style_set_transform_width
 .text.lv_style_set_transform_height
                0x000000000001e1aa       0x34 ./src/LVGL/src/misc/lv_style_gen.o
                0x000000000001e1aa                lv_style_set_transform_height
 .text.lv_style_set_pad_top
                0x000000000001e1de       0x32 ./src/LVGL/src/misc/lv_style_gen.o
                0x000000000001e1de                lv_style_set_pad_top
 .text.lv_style_set_pad_bottom
                0x000000000001e210       0x32 ./src/LVGL/src/misc/lv_style_gen.o
                0x000000000001e210                lv_style_set_pad_bottom
 .text.lv_style_set_pad_left
                0x000000000001e242       0x32 ./src/LVGL/src/misc/lv_style_gen.o
                0x000000000001e242                lv_style_set_pad_left
 .text.lv_style_set_pad_right
                0x000000000001e274       0x32 ./src/LVGL/src/misc/lv_style_gen.o
                0x000000000001e274                lv_style_set_pad_right
 .text.lv_style_set_pad_row
                0x000000000001e2a6       0x32 ./src/LVGL/src/misc/lv_style_gen.o
                0x000000000001e2a6                lv_style_set_pad_row
 .text.lv_style_set_pad_column
                0x000000000001e2d8       0x32 ./src/LVGL/src/misc/lv_style_gen.o
                0x000000000001e2d8                lv_style_set_pad_column
 .text.lv_style_set_bg_color
                0x000000000001e30a       0x36 ./src/LVGL/src/misc/lv_style_gen.o
                0x000000000001e30a                lv_style_set_bg_color
 .text.lv_style_set_bg_opa
                0x000000000001e340       0x34 ./src/LVGL/src/misc/lv_style_gen.o
                0x000000000001e340                lv_style_set_bg_opa
 .text.lv_style_set_bg_grad_color
                0x000000000001e374       0x36 ./src/LVGL/src/misc/lv_style_gen.o
                0x000000000001e374                lv_style_set_bg_grad_color
 .text.lv_style_set_bg_img_src
                0x000000000001e3aa       0x32 ./src/LVGL/src/misc/lv_style_gen.o
                0x000000000001e3aa                lv_style_set_bg_img_src
 .text.lv_style_set_border_color
                0x000000000001e3dc       0x36 ./src/LVGL/src/misc/lv_style_gen.o
                0x000000000001e3dc                lv_style_set_border_color
 .text.lv_style_set_border_opa
                0x000000000001e412       0x34 ./src/LVGL/src/misc/lv_style_gen.o
                0x000000000001e412                lv_style_set_border_opa
 .text.lv_style_set_border_width
                0x000000000001e446       0x34 ./src/LVGL/src/misc/lv_style_gen.o
                0x000000000001e446                lv_style_set_border_width
 .text.lv_style_set_border_side
                0x000000000001e47a       0x34 ./src/LVGL/src/misc/lv_style_gen.o
                0x000000000001e47a                lv_style_set_border_side
 .text.lv_style_set_border_post
                0x000000000001e4ae       0x34 ./src/LVGL/src/misc/lv_style_gen.o
                0x000000000001e4ae                lv_style_set_border_post
 .text.lv_style_set_outline_width
                0x000000000001e4e2       0x34 ./src/LVGL/src/misc/lv_style_gen.o
                0x000000000001e4e2                lv_style_set_outline_width
 .text.lv_style_set_outline_color
                0x000000000001e516       0x36 ./src/LVGL/src/misc/lv_style_gen.o
                0x000000000001e516                lv_style_set_outline_color
 .text.lv_style_set_outline_opa
                0x000000000001e54c       0x34 ./src/LVGL/src/misc/lv_style_gen.o
                0x000000000001e54c                lv_style_set_outline_opa
 .text.lv_style_set_outline_pad
                0x000000000001e580       0x34 ./src/LVGL/src/misc/lv_style_gen.o
                0x000000000001e580                lv_style_set_outline_pad
 .text.lv_style_set_shadow_width
                0x000000000001e5b4       0x34 ./src/LVGL/src/misc/lv_style_gen.o
                0x000000000001e5b4                lv_style_set_shadow_width
 .text.lv_style_set_shadow_ofs_y
                0x000000000001e5e8       0x34 ./src/LVGL/src/misc/lv_style_gen.o
                0x000000000001e5e8                lv_style_set_shadow_ofs_y
 .text.lv_style_set_shadow_spread
                0x000000000001e61c       0x34 ./src/LVGL/src/misc/lv_style_gen.o
                0x000000000001e61c                lv_style_set_shadow_spread
 .text.lv_style_set_shadow_color
                0x000000000001e650       0x36 ./src/LVGL/src/misc/lv_style_gen.o
                0x000000000001e650                lv_style_set_shadow_color
 .text.lv_style_set_shadow_opa
                0x000000000001e686       0x34 ./src/LVGL/src/misc/lv_style_gen.o
                0x000000000001e686                lv_style_set_shadow_opa
 .text.lv_style_set_line_width
                0x000000000001e6ba       0x34 ./src/LVGL/src/misc/lv_style_gen.o
                0x000000000001e6ba                lv_style_set_line_width
 .text.lv_style_set_line_color
                0x000000000001e6ee       0x36 ./src/LVGL/src/misc/lv_style_gen.o
                0x000000000001e6ee                lv_style_set_line_color
 .text.lv_style_set_arc_width
                0x000000000001e724       0x34 ./src/LVGL/src/misc/lv_style_gen.o
                0x000000000001e724                lv_style_set_arc_width
 .text.lv_style_set_arc_rounded
                0x000000000001e758       0x34 ./src/LVGL/src/misc/lv_style_gen.o
                0x000000000001e758                lv_style_set_arc_rounded
 .text.lv_style_set_arc_color
                0x000000000001e78c       0x36 ./src/LVGL/src/misc/lv_style_gen.o
                0x000000000001e78c                lv_style_set_arc_color
 .text.lv_style_set_text_color
                0x000000000001e7c2       0x36 ./src/LVGL/src/misc/lv_style_gen.o
                0x000000000001e7c2                lv_style_set_text_color
 .text.lv_style_set_text_font
                0x000000000001e7f8       0x32 ./src/LVGL/src/misc/lv_style_gen.o
                0x000000000001e7f8                lv_style_set_text_font
 .text.lv_style_set_text_line_space
                0x000000000001e82a       0x34 ./src/LVGL/src/misc/lv_style_gen.o
                0x000000000001e82a                lv_style_set_text_line_space
 .text.lv_style_set_text_align
                0x000000000001e85e       0x34 ./src/LVGL/src/misc/lv_style_gen.o
                0x000000000001e85e                lv_style_set_text_align
 .text.lv_style_set_radius
                0x000000000001e892       0x32 ./src/LVGL/src/misc/lv_style_gen.o
                0x000000000001e892                lv_style_set_radius
 .text.lv_style_set_clip_corner
                0x000000000001e8c4       0x32 ./src/LVGL/src/misc/lv_style_gen.o
                0x000000000001e8c4                lv_style_set_clip_corner
 .text.lv_style_set_color_filter_dsc
                0x000000000001e8f6       0x32 ./src/LVGL/src/misc/lv_style_gen.o
                0x000000000001e8f6                lv_style_set_color_filter_dsc
 .text.lv_style_set_color_filter_opa
                0x000000000001e928       0x34 ./src/LVGL/src/misc/lv_style_gen.o
                0x000000000001e928                lv_style_set_color_filter_opa
 .text.lv_style_set_anim_time
                0x000000000001e95c       0x32 ./src/LVGL/src/misc/lv_style_gen.o
                0x000000000001e95c                lv_style_set_anim_time
 .text.lv_style_set_transition
                0x000000000001e98e       0x32 ./src/LVGL/src/misc/lv_style_gen.o
                0x000000000001e98e                lv_style_set_transition
 .text._lv_timer_core_init
                0x000000000001e9c0       0x20 ./src/LVGL/src/misc/lv_timer.o
                0x000000000001e9c0                _lv_timer_core_init
 .text.lv_timer_handler
                0x000000000001e9e0      0x1ec ./src/LVGL/src/misc/lv_timer.o
                0x000000000001e9e0                lv_timer_handler
 .text.lv_timer_create
                0x000000000001ebcc       0x8e ./src/LVGL/src/misc/lv_timer.o
                0x000000000001ebcc                lv_timer_create
 .text.lv_timer_del
                0x000000000001ec5a       0x34 ./src/LVGL/src/misc/lv_timer.o
                0x000000000001ec5a                lv_timer_del
 .text.lv_timer_pause
                0x000000000001ec8e       0x22 ./src/LVGL/src/misc/lv_timer.o
                0x000000000001ec8e                lv_timer_pause
 .text.lv_timer_resume
                0x000000000001ecb0       0x20 ./src/LVGL/src/misc/lv_timer.o
                0x000000000001ecb0                lv_timer_resume
 .text.lv_timer_ready
                0x000000000001ecd0       0x30 ./src/LVGL/src/misc/lv_timer.o
                0x000000000001ecd0                lv_timer_ready
 .text.lv_timer_enable
                0x000000000001ed00       0x20 ./src/LVGL/src/misc/lv_timer.o
                0x000000000001ed00                lv_timer_enable
 .text.lv_timer_exec
                0x000000000001ed20       0xae ./src/LVGL/src/misc/lv_timer.o
 .text.lv_timer_time_remaining
                0x000000000001edce       0x46 ./src/LVGL/src/misc/lv_timer.o
 .text.tlsf_ffs
                0x000000000001ee14       0x24 ./src/LVGL/src/misc/lv_tlsf.o
 .text.tlsf_fls
                0x000000000001ee38       0x3c ./src/LVGL/src/misc/lv_tlsf.o
 .text.block_size
                0x000000000001ee74       0x24 ./src/LVGL/src/misc/lv_tlsf.o
 .text.block_set_size
                0x000000000001ee98       0x38 ./src/LVGL/src/misc/lv_tlsf.o
 .text.block_is_last
                0x000000000001eed0       0x28 ./src/LVGL/src/misc/lv_tlsf.o
 .text.block_is_free
                0x000000000001eef8       0x1c ./src/LVGL/src/misc/lv_tlsf.o
 .text.block_set_free
                0x000000000001ef14       0x22 ./src/LVGL/src/misc/lv_tlsf.o
 .text.block_set_used
                0x000000000001ef36       0x26 ./src/LVGL/src/misc/lv_tlsf.o
 .text.block_is_prev_free
                0x000000000001ef5c       0x1c ./src/LVGL/src/misc/lv_tlsf.o
 .text.block_set_prev_free
                0x000000000001ef78       0x22 ./src/LVGL/src/misc/lv_tlsf.o
 .text.block_set_prev_used
                0x000000000001ef9a       0x26 ./src/LVGL/src/misc/lv_tlsf.o
 .text.block_from_ptr
                0x000000000001efc0       0x1e ./src/LVGL/src/misc/lv_tlsf.o
 .text.block_to_ptr
                0x000000000001efde       0x1a ./src/LVGL/src/misc/lv_tlsf.o
 .text.offset_to_block
                0x000000000001eff8       0x20 ./src/LVGL/src/misc/lv_tlsf.o
 .text.block_prev
                0x000000000001f018       0x2a ./src/LVGL/src/misc/lv_tlsf.o
 .text.block_next
                0x000000000001f042       0x52 ./src/LVGL/src/misc/lv_tlsf.o
 .text.block_link_next
                0x000000000001f094       0x30 ./src/LVGL/src/misc/lv_tlsf.o
 .text.block_mark_as_free
                0x000000000001f0c4       0x32 ./src/LVGL/src/misc/lv_tlsf.o
 .text.block_mark_as_used
                0x000000000001f0f6       0x32 ./src/LVGL/src/misc/lv_tlsf.o
 .text.align_up
                0x000000000001f128       0x40 ./src/LVGL/src/misc/lv_tlsf.o
 .text.align_down
                0x000000000001f168       0x36 ./src/LVGL/src/misc/lv_tlsf.o
 .text.align_ptr
                0x000000000001f19e       0x48 ./src/LVGL/src/misc/lv_tlsf.o
 .text.adjust_request_size
                0x000000000001f1e6       0x52 ./src/LVGL/src/misc/lv_tlsf.o
 .text.mapping_insert
                0x000000000001f238       0x82 ./src/LVGL/src/misc/lv_tlsf.o
 .text.mapping_search
                0x000000000001f2ba       0x60 ./src/LVGL/src/misc/lv_tlsf.o
 .text.search_suitable_block
                0x000000000001f31a       0xdc ./src/LVGL/src/misc/lv_tlsf.o
 .text.remove_free_block
                0x000000000001f3f6      0x100 ./src/LVGL/src/misc/lv_tlsf.o
 .text.insert_free_block
                0x000000000001f4f6       0xf8 ./src/LVGL/src/misc/lv_tlsf.o
 .text.block_remove
                0x000000000001f5ee       0x4e ./src/LVGL/src/misc/lv_tlsf.o
 .text.block_insert